Archive member included to satisfy reference by file (symbol)

/home/nik/intelFPGA/nios2eds/bin/gnu/H-x86_64-pc-linux-gnu/bin/../lib/gcc/nios2-elf/9.2.1/mno-hw-mul/libgcc.a(addsf3.o)
                              obj/default/hello_world.o (__addsf3)
/home/nik/intelFPGA/nios2eds/bin/gnu/H-x86_64-pc-linux-gnu/bin/../lib/gcc/nios2-elf/9.2.1/mno-hw-mul/libgcc.a(mulsf3.o)
                              obj/default/hello_world.o (__mulsf3)
/home/nik/intelFPGA/nios2eds/bin/gnu/H-x86_64-pc-linux-gnu/bin/../lib/gcc/nios2-elf/9.2.1/mno-hw-mul/libgcc.a(extendsfdf2.o)
                              obj/default/hello_world.o (__extendsfdf2)
/home/nik/intelFPGA/nios2eds/bin/gnu/H-x86_64-pc-linux-gnu/bin/../lib/gcc/nios2-elf/9.2.1/mno-hw-mul/libgcc.a(_clzsi2.o)
                              /home/nik/intelFPGA/nios2eds/bin/gnu/H-x86_64-pc-linux-gnu/bin/../lib/gcc/nios2-elf/9.2.1/mno-hw-mul/libgcc.a(addsf3.o) (__clzsi2)
/home/nik/intelFPGA/nios2eds/bin/gnu/H-x86_64-pc-linux-gnu/bin/../lib/gcc/nios2-elf/9.2.1/mno-hw-mul/libgcc.a(lib2-mul.o)
                              /home/nik/intelFPGA/nios2eds/bin/gnu/H-x86_64-pc-linux-gnu/bin/../lib/gcc/nios2-elf/9.2.1/mno-hw-mul/libgcc.a(mulsf3.o) (__mulsi3)
/home/nik/intelFPGA/nios2eds/bin/gnu/H-x86_64-pc-linux-gnu/bin/../lib/gcc/nios2-elf/9.2.1/mno-hw-mul/libgcc.a(_clz.o)
                              /home/nik/intelFPGA/nios2eds/bin/gnu/H-x86_64-pc-linux-gnu/bin/../lib/gcc/nios2-elf/9.2.1/mno-hw-mul/libgcc.a(_clzsi2.o) (__clz_tab)
/home/nik/intelFPGA/nios2eds/bin/gnu/H-x86_64-pc-linux-gnu/bin/../lib/gcc/nios2-elf/9.2.1/../../../../../H-x86_64-pc-linux-gnu/nios2-elf/lib/mno-hw-mul/libc.a(lib_a-printf.o)
                              obj/default/hello_world.o (printf)
/home/nik/intelFPGA/nios2eds/bin/gnu/H-x86_64-pc-linux-gnu/bin/../lib/gcc/nios2-elf/9.2.1/../../../../../H-x86_64-pc-linux-gnu/nios2-elf/lib/mno-hw-mul/libc.a(lib_a-puts.o)
                              obj/default/hello_world.o (puts)
/home/nik/intelFPGA/nios2eds/bin/gnu/H-x86_64-pc-linux-gnu/bin/../lib/gcc/nios2-elf/9.2.1/../../../../../H-x86_64-pc-linux-gnu/nios2-elf/lib/mno-hw-mul/libc.a(lib_a-strlen.o)
                              /home/nik/intelFPGA/nios2eds/bin/gnu/H-x86_64-pc-linux-gnu/bin/../lib/gcc/nios2-elf/9.2.1/../../../../../H-x86_64-pc-linux-gnu/nios2-elf/lib/mno-hw-mul/libc.a(lib_a-puts.o) (strlen)
/home/nik/intelFPGA/nios2eds/bin/gnu/H-x86_64-pc-linux-gnu/bin/../lib/gcc/nios2-elf/9.2.1/../../../../../H-x86_64-pc-linux-gnu/nios2-elf/lib/mno-hw-mul/libc.a(lib_a-vfprintf.o)
                              /home/nik/intelFPGA/nios2eds/bin/gnu/H-x86_64-pc-linux-gnu/bin/../lib/gcc/nios2-elf/9.2.1/../../../../../H-x86_64-pc-linux-gnu/nios2-elf/lib/mno-hw-mul/libc.a(lib_a-printf.o) (___vfprintf_internal_r)
/home/nik/intelFPGA/nios2eds/bin/gnu/H-x86_64-pc-linux-gnu/bin/../lib/gcc/nios2-elf/9.2.1/../../../../../H-x86_64-pc-linux-gnu/nios2-elf/lib/mno-hw-mul/libc.a(lib_a-wsetup.o)
                              /home/nik/intelFPGA/nios2eds/bin/gnu/H-x86_64-pc-linux-gnu/bin/../lib/gcc/nios2-elf/9.2.1/../../../../../H-x86_64-pc-linux-gnu/nios2-elf/lib/mno-hw-mul/libc.a(lib_a-vfprintf.o) (__swsetup_r)
/home/nik/intelFPGA/nios2eds/bin/gnu/H-x86_64-pc-linux-gnu/bin/../lib/gcc/nios2-elf/9.2.1/../../../../../H-x86_64-pc-linux-gnu/nios2-elf/lib/mno-hw-mul/libc.a(lib_a-dtoa.o)
                              /home/nik/intelFPGA/nios2eds/bin/gnu/H-x86_64-pc-linux-gnu/bin/../lib/gcc/nios2-elf/9.2.1/../../../../../H-x86_64-pc-linux-gnu/nios2-elf/lib/mno-hw-mul/libc.a(lib_a-vfprintf.o) (_dtoa_r)
/home/nik/intelFPGA/nios2eds/bin/gnu/H-x86_64-pc-linux-gnu/bin/../lib/gcc/nios2-elf/9.2.1/../../../../../H-x86_64-pc-linux-gnu/nios2-elf/lib/mno-hw-mul/libc.a(lib_a-fflush.o)
                              /home/nik/intelFPGA/nios2eds/bin/gnu/H-x86_64-pc-linux-gnu/bin/../lib/gcc/nios2-elf/9.2.1/../../../../../H-x86_64-pc-linux-gnu/nios2-elf/lib/mno-hw-mul/libc.a(lib_a-vfprintf.o) (_fflush_r)
/home/nik/intelFPGA/nios2eds/bin/gnu/H-x86_64-pc-linux-gnu/bin/../lib/gcc/nios2-elf/9.2.1/../../../../../H-x86_64-pc-linux-gnu/nios2-elf/lib/mno-hw-mul/libc.a(lib_a-findfp.o)
                              /home/nik/intelFPGA/nios2eds/bin/gnu/H-x86_64-pc-linux-gnu/bin/../lib/gcc/nios2-elf/9.2.1/../../../../../H-x86_64-pc-linux-gnu/nios2-elf/lib/mno-hw-mul/libc.a(lib_a-puts.o) (__sinit)
/home/nik/intelFPGA/nios2eds/bin/gnu/H-x86_64-pc-linux-gnu/bin/../lib/gcc/nios2-elf/9.2.1/../../../../../H-x86_64-pc-linux-gnu/nios2-elf/lib/mno-hw-mul/libc.a(lib_a-freer.o)
                              /home/nik/intelFPGA/nios2eds/bin/gnu/H-x86_64-pc-linux-gnu/bin/../lib/gcc/nios2-elf/9.2.1/../../../../../H-x86_64-pc-linux-gnu/nios2-elf/lib/mno-hw-mul/libc.a(lib_a-wsetup.o) (_free_r)
/home/nik/intelFPGA/nios2eds/bin/gnu/H-x86_64-pc-linux-gnu/bin/../lib/gcc/nios2-elf/9.2.1/../../../../../H-x86_64-pc-linux-gnu/nios2-elf/lib/mno-hw-mul/libc.a(lib_a-fvwrite.o)
[...]
Memory Configuration

Name             Origin             Length             Attributes
reset            0x0000000000800000 0x0000000000000020
sdram            0x0000000000800020 0x00000000007fffe0
*default*        0x0000000000000000 0xffffffffffffffff

Linker script and memory map

LOAD ../task3_bsp//obj/HAL/src/crt0.o
LOAD obj/default/hello_world.o
LOAD /home/nik/intelFPGA/nios2eds/bin/gnu/H-x86_64-pc-linux-gnu/bin/../lib/gcc/nios2-elf/9.2.1/../../../../../H-x86_64-pc-linux-gnu/nios2-elf/lib/mno-hw-mul/libstdc++.a
LOAD /home/nik/intelFPGA/nios2eds/bin/gnu/H-x86_64-pc-linux-gnu/bin/../lib/gcc/nios2-elf/9.2.1/../../../../../H-x86_64-pc-linux-gnu/nios2-elf/lib/mno-hw-mul/libm.a
LOAD /home/nik/intelFPGA/nios2eds/bin/gnu/H-x86_64-pc-linux-gnu/bin/../lib/gcc/nios2-elf/9.2.1/mno-hw-mul/libgcc.a
START GROUP
LOAD /home/nik/intelFPGA/nios2eds/bin/gnu/H-x86_64-pc-linux-gnu/bin/../lib/gcc/nios2-elf/9.2.1/../../../../../H-x86_64-pc-linux-gnu/nios2-elf/lib/mno-hw-mul/libc.a
LOAD /home/nik/intelFPGA/nios2eds/bin/gnu/H-x86_64-pc-linux-gnu/bin/../lib/gcc/nios2-elf/9.2.1/mno-hw-mul/libgcc.a
LOAD ../task3_bsp//libhal_bsp.a
LOAD /home/nik/intelFPGA/nios2eds/bin/gnu/H-x86_64-pc-linux-gnu/bin/../lib/gcc/nios2-elf/9.2.1/../../../../../H-x86_64-pc-linux-gnu/nios2-elf/lib/mno-hw-mul/libm.a
END GROUP
LOAD /home/nik/intelFPGA/nios2eds/bin/gnu/H-x86_64-pc-linux-gnu/bin/../lib/gcc/nios2-elf/9.2.1/mno-hw-mul/libgcc.a
                0x0000000000800000                __alt_mem_sdram = 0x800000

.entry          0x0000000000800000       0x20
 *(.entry)
 .entry         0x0000000000800000       0x20 ../task3_bsp//obj/HAL/src/crt0.o
                0x0000000000800000                __reset

.exceptions     0x0000000000800020      0x218
                0x0000000000800020                PROVIDE (__ram_exceptions_start = ABSOLUTE (.))
                0x0000000000800020                . = ALIGN (0x20)
 *(.irq)
 *(.exceptions.entry.label)
 .exceptions.entry.label
                0x0000000000800020        0x0 ../task3_bsp//libhal_bsp.a(alt_irq_entry.o)
                0x0000000000800020                alt_irq_entry
 .exceptions.entry.label
                0x0000000000800020        0x0 ../task3_bsp//libhal_bsp.a(alt_exception_entry.o)
                0x0000000000800020                alt_exception
 *(.exceptions.entry.user)
 *(.exceptions.entry.ecc_fatal)
 *(.exceptions.entry)
 .exceptions.entry
                0x0000000000800020       0x54 ../task3_bsp//libhal_bsp.a(alt_exception_entry.o)
 *(.exceptions.irqtest.user)
 *(.exceptions.irqtest)
 .exceptions.irqtest
                0x0000000000800074       0x10 ../task3_bsp//libhal_bsp.a(alt_irq_entry.o)
 *(.exceptions.irqhandler.user)
 *(.exceptions.irqhandler)
 .exceptions.irqhandler
                0x0000000000800084        0x4 ../task3_bsp//libhal_bsp.a(alt_irq_entry.o)
 *(.exceptions.irqreturn.user)
 *(.exceptions.irqreturn)
 .exceptions.irqreturn
                0x0000000000800088        0x4 ../task3_bsp//libhal_bsp.a(alt_irq_entry.o)
 *(.exceptions.notirq.label)
 .exceptions.notirq.label
                0x000000000080008c        0x0 ../task3_bsp//libhal_bsp.a(alt_irq_entry.o)
 *(.exceptions.notirq.user)
 *(.exceptions.notirq)
 .exceptions.notirq
                0x000000000080008c        0x8 ../task3_bsp//libhal_bsp.a(alt_exception_entry.o)
 *(.exceptions.soft.user)
 *(.exceptions.soft)
 *(.exceptions.unknown.user)
 *(.exceptions.unknown)
 .exceptions.unknown
                0x0000000000800094       0x14 ../task3_bsp//libhal_bsp.a(alt_exception_entry.o)
 *(.exceptions.exit.label)
 .exceptions.exit.label
                0x00000000008000a8        0x0 ../task3_bsp//libhal_bsp.a(alt_irq_entry.o)
 .exceptions.exit.label
                0x00000000008000a8        0x0 ../task3_bsp//libhal_bsp.a(alt_exception_entry.o)
 *(.exceptions.exit.user)
 *(.exceptions.exit)
 .exceptions.exit
                0x00000000008000a8       0x54 ../task3_bsp//libhal_bsp.a(alt_exception_entry.o)
 *(.exceptions)
 .exceptions    0x00000000008000fc       0xc8 ../task3_bsp//libhal_bsp.a(alt_irq_handler.o)
                0x00000000008000fc                alt_irq_handler
 .exceptions    0x00000000008001c4       0x74 ../task3_bsp//libhal_bsp.a(alt_instruction_exception_entry.o)
                0x00000000008001c4                alt_instruction_exception_entry
                0x0000000000800238                PROVIDE (__ram_exceptions_end = ABSOLUTE (.))
                0x0000000000800020                PROVIDE (__flash_exceptions_start = LOADADDR (.exceptions))

.text           0x0000000000800238    0x103e4
                [!provide]                        PROVIDE (stext = ABSOLUTE (.))
 *(.interp)
 *(.hash)
 *(.dynsym)
 *(.dynstr)
 *(.gnu.version)
 *(.gnu.version_d)
 *(.gnu.version_r)
 *(.rel.init)
 *(.rela.init)
 *(.rel.text .rel.text.* .rel.gnu.linkonce.t.*)
 *(.rela.text .rela.text.* .rela.gnu.linkonce.t.*)
 *(.rel.fini)
 *(.rela.fini)
 *(.rel.rodata .rel.rodata.* .rel.gnu.linkonce.r.*)
 *(.rela.rodata .rela.rodata.* .rela.gnu.linkonce.r.*)
 *(.rel.data .rel.data.* .rel.gnu.linkonce.d.*)
 *(.rela.data .rela.data.* .rela.gnu.linkonce.d.*)
 *(.rel.tdata .rel.tdata.* .rel.gnu.linkonce.td.*)
 *(.rela.tdata .rela.tdata.* .rela.gnu.linkonce.td.*)
 *(.rel.tbss .rel.tbss.* .rel.gnu.linkonce.tb.*)
 *(.rela.tbss .rela.tbss.* .rela.gnu.linkonce.tb.*)
 *(.rel.ctors)
 *(.rela.ctors)
 *(.rel.dtors)
 *(.rela.dtors)
 *(.rel.got)
 *(.rela.got)
 *(.rel.sdata .rel.sdata.* .rel.gnu.linkonce.s.*)
 *(.rela.sdata .rela.sdata.* .rela.gnu.linkonce.s.*)
 *(.rel.sbss .rel.sbss.* .rel.gnu.linkonce.sb.*)
 *(.rela.sbss .rela.sbss.* .rela.gnu.linkonce.sb.*)
 *(.rel.sdata2 .rel.sdata2.* .rel.gnu.linkonce.s2.*)
 *(.rela.sdata2 .rela.sdata2.* .rela.gnu.linkonce.s2.*)
 *(.rel.sbss2 .rel.sbss2.* .rel.gnu.linkonce.sb2.*)
 *(.rela.sbss2 .rela.sbss2.* .rela.gnu.linkonce.sb2.*)
 *(.rel.bss .rel.bss.* .rel.gnu.linkonce.b.*)
 *(.rela.bss .rela.bss.* .rela.gnu.linkonce.b.*)
 *(.rel.plt)
 *(.rela.plt)
 *(.rel.dyn)
 *(.init)
 *(.plt)
 *(.text .stub .text.* .gnu.linkonce.t.*)
 .text          0x0000000000800238       0x4c ../task3_bsp//obj/HAL/src/crt0.o
                0x0000000000800238                _start
 .text          0x0000000000800284      0x28c obj/default/hello_world.o
                0x0000000000800284                generateVector
                0x0000000000800330                sumVector
                0x000000000080040c                main
 .text          0x0000000000800510      0x45c /home/nik/intelFPGA/nios2eds/bin/gnu/H-x86_64-pc-linux-gnu/bin/../lib/gcc/nios2-elf/9.2.1/mno-hw-mul/libgcc.a(addsf3.o)
                0x0000000000800510                __addsf3
 .text          0x000000000080096c      0x3fc /home/nik/intelFPGA/nios2eds/bin/gnu/H-x86_64-pc-linux-gnu/bin/../lib/gcc/nios2-elf/9.2.1/mno-hw-mul/libgcc.a(mulsf3.o)
                0x000000000080096c                __mulsf3
 .text          0x0000000000800d68       0xfc /home/nik/intelFPGA/nios2eds/bin/gnu/H-x86_64-pc-linux-gnu/bin/../lib/gcc/nios2-elf/9.2.1/mno-hw-mul/libgcc.a(extendsfdf2.o)
                0x0000000000800d68                __extendsfdf2
 .text          0x0000000000800e64       0x54 /home/nik/intelFPGA/nios2eds/bin/gnu/H-x86_64-pc-linux-gnu/bin/../lib/gcc/nios2-elf/9.2.1/mno-hw-mul/libgcc.a(_clzsi2.o)
                0x0000000000800e64                __clzsi2
 .text          0x0000000000800eb8       0x28 /home/nik/intelFPGA/nios2eds/bin/gnu/H-x86_64-pc-linux-gnu/bin/../lib/gcc/nios2-elf/9.2.1/mno-hw-mul/libgcc.a(lib2-mul.o)
                0x0000000000800eb8                __mulsi3
 .text          0x0000000000800ee0        0x0 /home/nik/intelFPGA/nios2eds/bin/gnu/H-x86_64-pc-linux-gnu/bin/../lib/gcc/nios2-elf/9.2.1/mno-hw-mul/libgcc.a(_clz.o)
 .text          0x0000000000800ee0        0x0 /home/nik/intelFPGA/nios2eds/bin/gnu/H-x86_64-pc-linux-gnu/bin/../lib/gcc/nios2-elf/9.2.1/../../../../../H-x86_64-pc-linux-gnu/nios2-elf/lib/mno-hw-mul/libc.a(lib_a-printf.o)
 .text._printf_r
                0x0000000000800ee0       0x30 /home/nik/intelFPGA/nios2eds/bin/gnu/H-x86_64-pc-linux-gnu/bin/../lib/gcc/nios2-elf/9.2.1/../../../../../H-x86_64-pc-linux-gnu/nios2-elf/lib/mno-hw-mul/libc.a(lib_a-printf.o)
                0x0000000000800ee0                _printf_r
 .text.printf   0x0000000000800f10       0x38 /home/nik/intelFPGA/nios2eds/bin/gnu/H-x86_64-pc-linux-gnu/bin/../lib/gcc/nios2-elf/9.2.1/../../../../../H-x86_64-pc-linux-gnu/nios2-elf/lib/mno-hw-mul/libc.a(lib_a-printf.o)
                0x0000000000800f10                printf
 .text          0x0000000000800f48        0x0 /home/nik/intelFPGA/nios2eds/bin/gnu/H-x86_64-pc-linux-gnu/bin/../lib/gcc/nios2-elf/9.2.1/../../../../../H-x86_64-pc-linux-gnu/nios2-elf/lib/mno-hw-mul/libc.a(lib_a-puts.o)
 .text._puts_r  0x0000000000800f48       0xcc /home/nik/intelFPGA/nios2eds/bin/gnu/H-x86_64-pc-linux-gnu/bin/../lib/gcc/nios2-elf/9.2.1/../../../../../H-x86_64-pc-linux-gnu/nios2-elf/lib/mno-hw-mul/libc.a(lib_a-puts.o)
                0x0000000000800f48                _puts_r
 .text.puts     0x0000000000801014       0x10 /home/nik/intelFPGA/nios2eds/bin/gnu/H-x86_64-pc-linux-gnu/bin/../lib/gcc/nios2-elf/9.2.1/../../../../../H-x86_64-pc-linux-gnu/nios2-elf/lib/mno-hw-mul/libc.a(lib_a-puts.o)
                0x0000000000801014                puts
 .text          0x0000000000801024        0x0 /home/nik/intelFPGA/nios2eds/bin/gnu/H-x86_64-pc-linux-gnu/bin/../lib/gcc/nios2-elf/9.2.1/../../../../../H-x86_64-pc-linux-gnu/nios2-elf/lib/mno-hw-mul/libc.a(lib_a-strlen.o)
 .text.strlen   0x0000000000801024       0x98 /home/nik/intelFPGA/nios2eds/bin/gnu/H-x86_64-pc-linux-gnu/bin/../lib/gcc/nios2-elf/9.2.1/../../../../../H-x86_64-pc-linux-gnu/nios2-elf/lib/mno-hw-mul/libc.a(lib_a-strlen.o)
                0x0000000000801024                strlen
 .text          0x00000000008010bc        0x0 /home/nik/intelFPGA/nios2eds/bin/gnu/H-x86_64-pc-linux-gnu/bin/../lib/gcc/nios2-elf/9.2.1/../../../../../H-x86_64-pc-linux-gnu/nios2-elf/lib/mno-hw-mul/libc.a(lib_a-vfprintf.o)
 .text.___vfprintf_internal_r
                0x00000000008010bc     0x20ec /home/nik/intelFPGA/nios2eds/bin/gnu/H-x86_64-pc-linux-gnu/bin/../lib/gcc/nios2-elf/9.2.1/../../../../../H-x86_64-pc-linux-gnu/nios2-elf/lib/mno-hw-mul/libc.a(lib_a-vfprintf.o)
                0x00000000008010bc                ___vfprintf_internal_r
 .text.__vfprintf_internal
                0x00000000008031a8       0x1c /home/nik/intelFPGA/nios2eds/bin/gnu/H-x86_64-pc-linux-gnu/bin/../lib/gcc/nios2-elf/9.2.1/../../../../../H-x86_64-pc-linux-gnu/nios2-elf/lib/mno-hw-mul/libc.a(lib_a-vfprintf.o)
                0x00000000008031a8                __vfprintf_internal
 .text.__sbprintf
                0x00000000008031c4       0xc0 /home/nik/intelFPGA/nios2eds/bin/gnu/H-x86_64-pc-linux-gnu/bin/../lib/gcc/nios2-elf/9.2.1/../../../../../H-x86_64-pc-linux-gnu/nios2-elf/lib/mno-hw-mul/libc.a(lib_a-vfprintf.o)
 .text          0x0000000000803284        0x0 /home/nik/intelFPGA/nios2eds/bin/gnu/H-x86_64-pc-linux-gnu/bin/../lib/gcc/nios2-elf/9.2.1/../../../../../H-x86_64-pc-linux-gnu/nios2-elf/lib/mno-hw-mul/libc.a(lib_a-wsetup.o)
 .text.__swsetup_r
                0x0000000000803284      0x15c /home/nik/intelFPGA/nios2eds/bin/gnu/H-x86_64-pc-linux-gnu/bin/../lib/gcc/nios2-elf/9.2.1/../../../../../H-x86_64-pc-linux-gnu/nios2-elf/lib/mno-hw-mul/libc.a(lib_a-wsetup.o)
                0x0000000000803284                __swsetup_r
 .text          0x00000000008033e0        0x0 /home/nik/intelFPGA/nios2eds/bin/gnu/H-x86_64-pc-linux-gnu/bin/../lib/gcc/nios2-elf/9.2.1/../../../../../H-x86_64-pc-linux-gnu/nios2-elf/lib/mno-hw-mul/libc.a(lib_a-dtoa.o)
 .text.quorem   0x00000000008033e0      0x220 /home/nik/intelFPGA/nios2eds/bin/gnu/H-x86_64-pc-linux-gnu/bin/../lib/gcc/nios2-elf/9.2.1/../../../../../H-x86_64-pc-linux-gnu/nios2-elf/lib/mno-hw-mul/libc.a(lib_a-dtoa.o)
 .text._dtoa_r  0x0000000000803600     0x1750 /home/nik/intelFPGA/nios2eds/bin/gnu/H-x86_64-pc-linux-gnu/bin/../lib/gcc/nios2-elf/9.2.1/../../../../../H-x86_64-pc-linux-gnu/nios2-elf/lib/mno-hw-mul/libc.a(lib_a-dtoa.o)
                0x0000000000803600                _dtoa_r
 .text          0x0000000000804d50        0x0 /home/nik/intelFPGA/nios2eds/bin/gnu/H-x86_64-pc-linux-gnu/bin/../lib/gcc/nios2-elf/9.2.1/../../../../../H-x86_64-pc-linux-gnu/nios2-elf/lib/mno-hw-mul/libc.a(lib_a-fflush.o)
 .text.__sflush_r
                0x0000000000804d50      0x228 /home/nik/intelFPGA/nios2eds/bin/gnu/H-x86_64-pc-linux-gnu/bin/../lib/gcc/nios2-elf/9.2.1/../../../../../H-x86_64-pc-linux-gnu/nios2-elf/lib/mno-hw-mul/libc.a(lib_a-fflush.o)
                0x0000000000804d50                __sflush_r
 .text._fflush_r
                0x0000000000804f78       0x60 /home/nik/intelFPGA/nios2eds/bin/gnu/H-x86_64-pc-linux-gnu/bin/../lib/gcc/nios2-elf/9.2.1/../../../../../H-x86_64-pc-linux-gnu/nios2-elf/lib/mno-hw-mul/libc.a(lib_a-fflush.o)
                0x0000000000804f78                _fflush_r
 .text.fflush   0x0000000000804fd8       0x28 /home/nik/intelFPGA/nios2eds/bin/gnu/H-x86_64-pc-linux-gnu/bin/../lib/gcc/nios2-elf/9.2.1/../../../../../H-x86_64-pc-linux-gnu/nios2-elf/lib/mno-hw-mul/libc.a(lib_a-fflush.o)
                0x0000000000804fd8                fflush
 .text          0x0000000000805000        0x0 /home/nik/intelFPGA/nios2eds/bin/gnu/H-x86_64-pc-linux-gnu/bin/../lib/gcc/nios2-elf/9.2.1/../../../../../H-x86_64-pc-linux-gnu/nios2-elf/lib/mno-hw-mul/libc.a(lib_a-findfp.o)
 .text.__fp_lock
                0x0000000000805000        0x8 /home/nik/intelFPGA/nios2eds/bin/gnu/H-x86_64-pc-linux-gnu/bin/../lib/gcc/nios2-elf/9.2.1/../../../../../H-x86_64-pc-linux-gnu/nios2-elf/lib/mno-hw-mul/libc.a(lib_a-findfp.o)
 .text._cleanup_r
                0x0000000000805008        0xc /home/nik/intelFPGA/nios2eds/bin/gnu/H-x86_64-pc-linux-gnu/bin/../lib/gcc/nios2-elf/9.2.1/../../../../../H-x86_64-pc-linux-gnu/nios2-elf/lib/mno-hw-mul/libc.a(lib_a-findfp.o)
                0x0000000000805008                _cleanup_r
 .text.__sinit.part.0
                0x0000000000805014      0x168 /home/nik/intelFPGA/nios2eds/bin/gnu/H-x86_64-pc-linux-gnu/bin/../lib/gcc/nios2-elf/9.2.1/../../../../../H-x86_64-pc-linux-gnu/nios2-elf/lib/mno-hw-mul/libc.a(lib_a-findfp.o)
 .text.__fp_unlock
                0x000000000080517c        0x8 /home/nik/intelFPGA/nios2eds/bin/gnu/H-x86_64-pc-linux-gnu/bin/../lib/gcc/nios2-elf/9.2.1/../../../../../H-x86_64-pc-linux-gnu/nios2-elf/lib/mno-hw-mul/libc.a(lib_a-findfp.o)
 .text.__sfmoreglue
                0x0000000000805184       0x78 /home/nik/intelFPGA/nios2eds/bin/gnu/H-x86_64-pc-linux-gnu/bin/../lib/gcc/nios2-elf/9.2.1/../../../../../H-x86_64-pc-linux-gnu/nios2-elf/lib/mno-hw-mul/libc.a(lib_a-findfp.o)
                0x0000000000805184                __sfmoreglue
 .text.__sfp    0x00000000008051fc       0xfc /home/nik/intelFPGA/nios2eds/bin/gnu/H-x86_64-pc-linux-gnu/bin/../lib/gcc/nios2-elf/9.2.1/../../../../../H-x86_64-pc-linux-gnu/nios2-elf/lib/mno-hw-mul/libc.a(lib_a-findfp.o)
                0x00000000008051fc                __sfp
 .text._cleanup
                0x00000000008052f8       0x14 /home/nik/intelFPGA/nios2eds/bin/gnu/H-x86_64-pc-linux-gnu/bin/../lib/gcc/nios2-elf/9.2.1/../../../../../H-x86_64-pc-linux-gnu/nios2-elf/lib/mno-hw-mul/libc.a(lib_a-findfp.o)
                0x00000000008052f8                _cleanup
 .text.__sinit  0x000000000080530c       0x10 /home/nik/intelFPGA/nios2eds/bin/gnu/H-x86_64-pc-linux-gnu/bin/../lib/gcc/nios2-elf/9.2.1/../../../../../H-x86_64-pc-linux-gnu/nios2-elf/lib/mno-hw-mul/libc.a(lib_a-findfp.o)
                0x000000000080530c                __sinit
 .text.__sfp_lock_acquire
                0x000000000080531c        0x4 /home/nik/intelFPGA/nios2eds/bin/gnu/H-x86_64-pc-linux-gnu/bin/../lib/gcc/nios2-elf/9.2.1/../../../../../H-x86_64-pc-linux-gnu/nios2-elf/lib/mno-hw-mul/libc.a(lib_a-findfp.o)
                0x000000000080531c                __sfp_lock_acquire
 .text.__sfp_lock_release
                0x0000000000805320        0x4 /home/nik/intelFPGA/nios2eds/bin/gnu/H-x86_64-pc-linux-gnu/bin/../lib/gcc/nios2-elf/9.2.1/../../../../../H-x86_64-pc-linux-gnu/nios2-elf/lib/mno-hw-mul/libc.a(lib_a-findfp.o)
                0x0000000000805320                __sfp_lock_release
 .text.__sinit_lock_acquire
                0x0000000000805324        0x4 /home/nik/intelFPGA/nios2eds/bin/gnu/H-x86_64-pc-linux-gnu/bin/../lib/gcc/nios2-elf/9.2.1/../../../../../H-x86_64-pc-linux-gnu/nios2-elf/lib/mno-hw-mul/libc.a(lib_a-findfp.o)
                0x0000000000805324                __sinit_lock_acquire
 .text.__sinit_lock_release
                0x0000000000805328        0x4 /home/nik/intelFPGA/nios2eds/bin/gnu/H-x86_64-pc-linux-gnu/bin/../lib/gcc/nios2-elf/9.2.1/../../../../../H-x86_64-pc-linux-gnu/nios2-elf/lib/mno-hw-mul/libc.a(lib_a-findfp.o)
                0x0000000000805328                __sinit_lock_release
 .text.__fp_lock_all
                0x000000000080532c       0x14 /home/nik/intelFPGA/nios2eds/bin/gnu/H-x86_64-pc-linux-gnu/bin/../lib/gcc/nios2-elf/9.2.1/../../../../../H-x86_64-pc-linux-gnu/nios2-elf/lib/mno-hw-mul/libc.a(lib_a-findfp.o)
                0x000000000080532c                __fp_lock_all
 .text.__fp_unlock_all
                0x0000000000805340       0x14 /home/nik/intelFPGA/nios2eds/bin/gnu/H-x86_64-pc-linux-gnu/bin/../lib/gcc/nios2-elf/9.2.1/../../../../../H-x86_64-pc-linux-gnu/nios2-elf/lib/mno-hw-mul/libc.a(lib_a-findfp.o)
                0x0000000000805340                __fp_unlock_all
 .text          0x0000000000805354        0x0 /home/nik/intelFPGA/nios2eds/bin/gnu/H-x86_64-pc-linux-gnu/bin/../lib/gcc/nios2-elf/9.2.1/../../../../../H-x86_64-pc-linux-gnu/nios2-elf/lib/mno-hw-mul/libc.a(lib_a-freer.o)
 .text._malloc_trim_r
                0x0000000000805354      0x11c /home/nik/intelFPGA/nios2eds/bin/gnu/H-x86_64-pc-linux-gnu/bin/../lib/gcc/nios2-elf/9.2.1/../../../../../H-x86_64-pc-linux-gnu/nios2-elf/lib/mno-hw-mul/libc.a(lib_a-freer.o)
                0x0000000000805354                _malloc_trim_r
 .text._free_r  0x0000000000805470      0x2fc /home/nik/intelFPGA/nios2eds/bin/gnu/H-x86_64-pc-linux-gnu/bin/../lib/gcc/nios2-elf/9.2.1/../../../../../H-x86_64-pc-linux-gnu/nios2-elf/lib/mno-hw-mul/libc.a(lib_a-freer.o)
                0x0000000000805470                _free_r
 .text          0x000000000080576c        0x0 /home/nik/intelFPGA/nios2eds/bin/gnu/H-x86_64-pc-linux-gnu/bin/../lib/gcc/nios2-elf/9.2.1/../../../../../H-x86_64-pc-linux-gnu/nios2-elf/lib/mno-hw-mul/libc.a(lib_a-fvwrite.o)
 .text.__sfvwrite_r
                0x000000000080576c      0x4cc /home/nik/intelFPGA/nios2eds/bin/gnu/H-x86_64-pc-linux-gnu/bin/../lib/gcc/nios2-elf/9.2.1/../../../../../H-x86_64-pc-linux-gnu/nios2-elf/lib/mno-hw-mul/libc.a(lib_a-fvwrite.o)
                0x000000000080576c                __sfvwrite_r
 .text          0x0000000000805c38        0x0 /home/nik/intelFPGA/nios2eds/bin/gnu/H-x86_64-pc-linux-gnu/bin/../lib/gcc/nios2-elf/9.2.1/../../../../../H-x86_64-pc-linux-gnu/nios2-elf/lib/mno-hw-mul/libc.a(lib_a-fwalk.o)
 .text._fwalk   0x0000000000805c38       0x98 /home/nik/intelFPGA/nios2eds/bin/gnu/H-x86_64-pc-linux-gnu/bin/../lib/gcc/nios2-elf/9.2.1/../../../../../H-x86_64-pc-linux-gnu/nios2-elf/lib/mno-hw-mul/libc.a(lib_a-fwalk.o)
                0x0000000000805c38                _fwalk
 .text._fwalk_reent
                0x0000000000805cd0       0xa8 /home/nik/intelFPGA/nios2eds/bin/gnu/H-x86_64-pc-linux-gnu/bin/../lib/gcc/nios2-elf/9.2.1/../../../../../H-x86_64-pc-linux-gnu/nios2-elf/lib/mno-hw-mul/libc.a(lib_a-fwalk.o)
                0x0000000000805cd0                _fwalk_reent
 .text          0x0000000000805d78        0x0 /home/nik/intelFPGA/nios2eds/bin/gnu/H-x86_64-pc-linux-gnu/bin/../lib/gcc/nios2-elf/9.2.1/../../../../../H-x86_64-pc-linux-gnu/nios2-elf/lib/mno-hw-mul/libc.a(lib_a-impure.o)
 .text          0x0000000000805d78        0x0 /home/nik/intelFPGA/nios2eds/bin/gnu/H-x86_64-pc-linux-gnu/bin/../lib/gcc/nios2-elf/9.2.1/../../../../../H-x86_64-pc-linux-gnu/nios2-elf/lib/mno-hw-mul/libc.a(lib_a-localeconv.o)
 .text.__localeconv_l
                0x0000000000805d78        0x8 /home/nik/intelFPGA/nios2eds/bin/gnu/H-x86_64-pc-linux-gnu/bin/../lib/gcc/nios2-elf/9.2.1/../../../../../H-x86_64-pc-linux-gnu/nios2-elf/lib/mno-hw-mul/libc.a(lib_a-localeconv.o)
                0x0000000000805d78                __localeconv_l
 .text._localeconv_r
                0x0000000000805d80        0xc /home/nik/intelFPGA/nios2eds/bin/gnu/H-x86_64-pc-linux-gnu/bin/../lib/gcc/nios2-elf/9.2.1/../../../../../H-x86_64-pc-linux-gnu/nios2-elf/lib/mno-hw-mul/libc.a(lib_a-localeconv.o)
                0x0000000000805d80                _localeconv_r
 .text.localeconv
                0x0000000000805d8c        0xc /home/nik/intelFPGA/nios2eds/bin/gnu/H-x86_64-pc-linux-gnu/bin/../lib/gcc/nios2-elf/9.2.1/../../../../../H-x86_64-pc-linux-gnu/nios2-elf/lib/mno-hw-mul/libc.a(lib_a-localeconv.o)
                0x0000000000805d8c                localeconv
 .text          0x0000000000805d98        0x0 /home/nik/intelFPGA/nios2eds/bin/gnu/H-x86_64-pc-linux-gnu/bin/../lib/gcc/nios2-elf/9.2.1/../../../../../H-x86_64-pc-linux-gnu/nios2-elf/lib/mno-hw-mul/libc.a(lib_a-makebuf.o)
 .text.__swhatbuf_r
                0x0000000000805d98       0x98 /home/nik/intelFPGA/nios2eds/bin/gnu/H-x86_64-pc-linux-gnu/bin/../lib/gcc/nios2-elf/9.2.1/../../../../../H-x86_64-pc-linux-gnu/nios2-elf/lib/mno-hw-mul/libc.a(lib_a-makebuf.o)
                0x0000000000805d98                __swhatbuf_r
 .text.__smakebuf_r
                0x0000000000805e30      0x140 /home/nik/intelFPGA/nios2eds/bin/gnu/H-x86_64-pc-linux-gnu/bin/../lib/gcc/nios2-elf/9.2.1/../../../../../H-x86_64-pc-linux-gnu/nios2-elf/lib/mno-hw-mul/libc.a(lib_a-makebuf.o)
                0x0000000000805e30                __smakebuf_r
 .text          0x0000000000805f70        0x0 /home/nik/intelFPGA/nios2eds/bin/gnu/H-x86_64-pc-linux-gnu/bin/../lib/gcc/nios2-elf/9.2.1/../../../../../H-x86_64-pc-linux-gnu/nios2-elf/lib/mno-hw-mul/libc.a(lib_a-mallocr.o)
 .text._malloc_r
                0x0000000000805f70      0x7e0 /home/nik/intelFPGA/nios2eds/bin/gnu/H-x86_64-pc-linux-gnu/bin/../lib/gcc/nios2-elf/9.2.1/../../../../../H-x86_64-pc-linux-gnu/nios2-elf/lib/mno-hw-mul/libc.a(lib_a-mallocr.o)
                0x0000000000805f70                _malloc_r
 .text          0x0000000000806750        0x0 /home/nik/intelFPGA/nios2eds/bin/gnu/H-x86_64-pc-linux-gnu/bin/../lib/gcc/nios2-elf/9.2.1/../../../../../H-x86_64-pc-linux-gnu/nios2-elf/lib/mno-hw-mul/libc.a(lib_a-memchr.o)
 .text.memchr   0x0000000000806750       0xd4 /home/nik/intelFPGA/nios2eds/bin/gnu/H-x86_64-pc-linux-gnu/bin/../lib/gcc/nios2-elf/9.2.1/../../../../../H-x86_64-pc-linux-gnu/nios2-elf/lib/mno-hw-mul/libc.a(lib_a-memchr.o)
                0x0000000000806750                memchr
 .text          0x0000000000806824        0x0 /home/nik/intelFPGA/nios2eds/bin/gnu/H-x86_64-pc-linux-gnu/bin/../lib/gcc/nios2-elf/9.2.1/../../../../../H-x86_64-pc-linux-gnu/nios2-elf/lib/mno-hw-mul/libc.a(lib_a-memcpy.o)
 .text.memcpy   0x0000000000806824      0x100 /home/nik/intelFPGA/nios2eds/bin/gnu/H-x86_64-pc-linux-gnu/bin/../lib/gcc/nios2-elf/9.2.1/../../../../../H-x86_64-pc-linux-gnu/nios2-elf/lib/mno-hw-mul/libc.a(lib_a-memcpy.o)
                0x0000000000806824                memcpy
 .text          0x0000000000806924        0x0 /home/nik/intelFPGA/nios2eds/bin/gnu/H-x86_64-pc-linux-gnu/bin/../lib/gcc/nios2-elf/9.2.1/../../../../../H-x86_64-pc-linux-gnu/nios2-elf/lib/mno-hw-mul/libc.a(lib_a-memmove.o)
 .text.memmove  0x0000000000806924      0x12c /home/nik/intelFPGA/nios2eds/bin/gnu/H-x86_64-pc-linux-gnu/bin/../lib/gcc/nios2-elf/9.2.1/../../../../../H-x86_64-pc-linux-gnu/nios2-elf/lib/mno-hw-mul/libc.a(lib_a-memmove.o)
                0x0000000000806924                memmove
 .text          0x0000000000806a50        0x0 /home/nik/intelFPGA/nios2eds/bin/gnu/H-x86_64-pc-linux-gnu/bin/../lib/gcc/nios2-elf/9.2.1/../../../../../H-x86_64-pc-linux-gnu/nios2-elf/lib/mno-hw-mul/libc.a(lib_a-memset.o)
 .text.memset   0x0000000000806a50       0xf0 /home/nik/intelFPGA/nios2eds/bin/gnu/H-x86_64-pc-linux-gnu/bin/../lib/gcc/nios2-elf/9.2.1/../../../../../H-x86_64-pc-linux-gnu/nios2-elf/lib/mno-hw-mul/libc.a(lib_a-memset.o)
                0x0000000000806a50                memset
 .text          0x0000000000806b40        0x0 /home/nik/intelFPGA/nios2eds/bin/gnu/H-x86_64-pc-linux-gnu/bin/../lib/gcc/nios2-elf/9.2.1/../../../../../H-x86_64-pc-linux-gnu/nios2-elf/lib/mno-hw-mul/libc.a(lib_a-mprec.o)
 .text._Balloc  0x0000000000806b40       0xa4 /home/nik/intelFPGA/nios2eds/bin/gnu/H-x86_64-pc-linux-gnu/bin/../lib/gcc/nios2-elf/9.2.1/../../../../../H-x86_64-pc-linux-gnu/nios2-elf/lib/mno-hw-mul/libc.a(lib_a-mprec.o)
                0x0000000000806b40                _Balloc
 .text._Bfree   0x0000000000806be4       0x24 /home/nik/intelFPGA/nios2eds/bin/gnu/H-x86_64-pc-linux-gnu/bin/../lib/gcc/nios2-elf/9.2.1/../../../../../H-x86_64-pc-linux-gnu/nios2-elf/lib/mno-hw-mul/libc.a(lib_a-mprec.o)
                0x0000000000806be4                _Bfree
 .text.__multadd
                0x0000000000806c08      0x15c /home/nik/intelFPGA/nios2eds/bin/gnu/H-x86_64-pc-linux-gnu/bin/../lib/gcc/nios2-elf/9.2.1/../../../../../H-x86_64-pc-linux-gnu/nios2-elf/lib/mno-hw-mul/libc.a(lib_a-mprec.o)
                0x0000000000806c08                __multadd
 .text.__s2b    0x0000000000806d64      0x138 /home/nik/intelFPGA/nios2eds/bin/gnu/H-x86_64-pc-linux-gnu/bin/../lib/gcc/nios2-elf/9.2.1/../../../../../H-x86_64-pc-linux-gnu/nios2-elf/lib/mno-hw-mul/libc.a(lib_a-mprec.o)
                0x0000000000806d64                __s2b
 .text.__hi0bits
                0x0000000000806e9c       0x64 /home/nik/intelFPGA/nios2eds/bin/gnu/H-x86_64-pc-linux-gnu/bin/../lib/gcc/nios2-elf/9.2.1/../../../../../H-x86_64-pc-linux-gnu/nios2-elf/lib/mno-hw-mul/libc.a(lib_a-mprec.o)
                0x0000000000806e9c                __hi0bits
 .text.__lo0bits
                0x0000000000806f00       0xb0 /home/nik/intelFPGA/nios2eds/bin/gnu/H-x86_64-pc-linux-gnu/bin/../lib/gcc/nios2-elf/9.2.1/../../../../../H-x86_64-pc-linux-gnu/nios2-elf/lib/mno-hw-mul/libc.a(lib_a-mprec.o)
                0x0000000000806f00                __lo0bits
 .text.__i2b    0x0000000000806fb0       0x54 /home/nik/intelFPGA/nios2eds/bin/gnu/H-x86_64-pc-linux-gnu/bin/../lib/gcc/nios2-elf/9.2.1/../../../../../H-x86_64-pc-linux-gnu/nios2-elf/lib/mno-hw-mul/libc.a(lib_a-mprec.o)
                0x0000000000806fb0                __i2b
 .text.__multiply
                0x0000000000807004      0x2ac /home/nik/intelFPGA/nios2eds/bin/gnu/H-x86_64-pc-linux-gnu/bin/../lib/gcc/nios2-elf/9.2.1/../../../../../H-x86_64-pc-linux-gnu/nios2-elf/lib/mno-hw-mul/libc.a(lib_a-mprec.o)
                0x0000000000807004                __multiply
 .text.__pow5mult
                0x00000000008072b0      0x118 /home/nik/intelFPGA/nios2eds/bin/gnu/H-x86_64-pc-linux-gnu/bin/../lib/gcc/nios2-elf/9.2.1/../../../../../H-x86_64-pc-linux-gnu/nios2-elf/lib/mno-hw-mul/libc.a(lib_a-mprec.o)
                0x00000000008072b0                __pow5mult
 .text.__lshift
                0x00000000008073c8      0x188 /home/nik/intelFPGA/nios2eds/bin/gnu/H-x86_64-pc-linux-gnu/bin/../lib/gcc/nios2-elf/9.2.1/../../../../../H-x86_64-pc-linux-gnu/nios2-elf/lib/mno-hw-mul/libc.a(lib_a-mprec.o)
                0x00000000008073c8                __lshift
 .text.__mcmp   0x0000000000807550       0x58 /home/nik/intelFPGA/nios2eds/bin/gnu/H-x86_64-pc-linux-gnu/bin/../lib/gcc/nios2-elf/9.2.1/../../../../../H-x86_64-pc-linux-gnu/nios2-elf/lib/mno-hw-mul/libc.a(lib_a-mprec.o)
                0x0000000000807550                __mcmp
 .text.__mdiff  0x00000000008075a8      0x22c /home/nik/intelFPGA/nios2eds/bin/gnu/H-x86_64-pc-linux-gnu/bin/../lib/gcc/nios2-elf/9.2.1/../../../../../H-x86_64-pc-linux-gnu/nios2-elf/lib/mno-hw-mul/libc.a(lib_a-mprec.o)
                0x00000000008075a8                __mdiff
 .text.__ulp    0x00000000008077d4       0x5c /home/nik/intelFPGA/nios2eds/bin/gnu/H-x86_64-pc-linux-gnu/bin/../lib/gcc/nios2-elf/9.2.1/../../../../../H-x86_64-pc-linux-gnu/nios2-elf/lib/mno-hw-mul/libc.a(lib_a-mprec.o)
                0x00000000008077d4                __ulp
 .text.__b2d    0x0000000000807830      0x104 /home/nik/intelFPGA/nios2eds/bin/gnu/H-x86_64-pc-linux-gnu/bin/../lib/gcc/nios2-elf/9.2.1/../../../../../H-x86_64-pc-linux-gnu/nios2-elf/lib/mno-hw-mul/libc.a(lib_a-mprec.o)
                0x0000000000807830                __b2d
 .text.__d2b    0x0000000000807934      0x164 /home/nik/intelFPGA/nios2eds/bin/gnu/H-x86_64-pc-linux-gnu/bin/../lib/gcc/nios2-elf/9.2.1/../../../../../H-x86_64-pc-linux-gnu/nios2-elf/lib/mno-hw-mul/libc.a(lib_a-mprec.o)
                0x0000000000807934                __d2b
 .text.__ratio  0x0000000000807a98       0xa4 /home/nik/intelFPGA/nios2eds/bin/gnu/H-x86_64-pc-linux-gnu/bin/../lib/gcc/nios2-elf/9.2.1/../../../../../H-x86_64-pc-linux-gnu/nios2-elf/lib/mno-hw-mul/libc.a(lib_a-mprec.o)
                0x0000000000807a98                __ratio
 .text._mprec_log10
                0x0000000000807b3c       0x70 /home/nik/intelFPGA/nios2eds/bin/gnu/H-x86_64-pc-linux-gnu/bin/../lib/gcc/nios2-elf/9.2.1/../../../../../H-x86_64-pc-linux-gnu/nios2-elf/lib/mno-hw-mul/libc.a(lib_a-mprec.o)
                0x0000000000807b3c                _mprec_log10
 .text.__copybits
                0x0000000000807bac       0x6c /home/nik/intelFPGA/nios2eds/bin/gnu/H-x86_64-pc-linux-gnu/bin/../lib/gcc/nios2-elf/9.2.1/../../../../../H-x86_64-pc-linux-gnu/nios2-elf/lib/mno-hw-mul/libc.a(lib_a-mprec.o)
                0x0000000000807bac                __copybits
 .text.__any_on
                0x0000000000807c18       0x60 /home/nik/intelFPGA/nios2eds/bin/gnu/H-x86_64-pc-linux-gnu/bin/../lib/gcc/nios2-elf/9.2.1/../../../../../H-x86_64-pc-linux-gnu/nios2-elf/lib/mno-hw-mul/libc.a(lib_a-mprec.o)
                0x0000000000807c18                __any_on
 .text          0x0000000000807c78        0x0 /home/nik/intelFPGA/nios2eds/bin/gnu/H-x86_64-pc-linux-gnu/bin/../lib/gcc/nios2-elf/9.2.1/../../../../../H-x86_64-pc-linux-gnu/nios2-elf/lib/mno-hw-mul/libc.a(lib_a-reallocr.o)
 .text._realloc_r
                0x0000000000807c78      0x564 /home/nik/intelFPGA/nios2eds/bin/gnu/H-x86_64-pc-linux-gnu/bin/../lib/gcc/nios2-elf/9.2.1/../../../../../H-x86_64-pc-linux-gnu/nios2-elf/lib/mno-hw-mul/libc.a(lib_a-reallocr.o)
                0x0000000000807c78                _realloc_r
 .text          0x00000000008081dc        0x0 /home/nik/intelFPGA/nios2eds/bin/gnu/H-x86_64-pc-linux-gnu/bin/../lib/gcc/nios2-elf/9.2.1/../../../../../H-x86_64-pc-linux-gnu/nios2-elf/lib/mno-hw-mul/libc.a(lib_a-sbrkr.o)
 .text._sbrk_r  0x00000000008081dc       0x58 /home/nik/intelFPGA/nios2eds/bin/gnu/H-x86_64-pc-linux-gnu/bin/../lib/gcc/nios2-elf/9.2.1/../../../../../H-x86_64-pc-linux-gnu/nios2-elf/lib/mno-hw-mul/libc.a(lib_a-sbrkr.o)
                0x00000000008081dc                _sbrk_r
 .text          0x0000000000808234        0x0 /home/nik/intelFPGA/nios2eds/bin/gnu/H-x86_64-pc-linux-gnu/bin/../lib/gcc/nios2-elf/9.2.1/../../../../../H-x86_64-pc-linux-gnu/nios2-elf/lib/mno-hw-mul/libc.a(lib_a-stdio.o)
 .text.__sread  0x0000000000808234       0x54 /home/nik/intelFPGA/nios2eds/bin/gnu/H-x86_64-pc-linux-gnu/bin/../lib/gcc/nios2-elf/9.2.1/../../../../../H-x86_64-pc-linux-gnu/nios2-elf/lib/mno-hw-mul/libc.a(lib_a-stdio.o)
                0x0000000000808234                __sread
 .text.__seofread
                0x0000000000808288        0x8 /home/nik/intelFPGA/nios2eds/bin/gnu/H-x86_64-pc-linux-gnu/bin/../lib/gcc/nios2-elf/9.2.1/../../../../../H-x86_64-pc-linux-gnu/nios2-elf/lib/mno-hw-mul/libc.a(lib_a-stdio.o)
                0x0000000000808288                __seofread
 .text.__swrite
                0x0000000000808290       0x80 /home/nik/intelFPGA/nios2eds/bin/gnu/H-x86_64-pc-linux-gnu/bin/../lib/gcc/nios2-elf/9.2.1/../../../../../H-x86_64-pc-linux-gnu/nios2-elf/lib/mno-hw-mul/libc.a(lib_a-stdio.o)
                0x0000000000808290                __swrite
 .text.__sseek  0x0000000000808310       0x5c /home/nik/intelFPGA/nios2eds/bin/gnu/H-x86_64-pc-linux-gnu/bin/../lib/gcc/nios2-elf/9.2.1/../../../../../H-x86_64-pc-linux-gnu/nios2-elf/lib/mno-hw-mul/libc.a(lib_a-stdio.o)
                0x0000000000808310                __sseek
 .text.__sclose
                0x000000000080836c        0x8 /home/nik/intelFPGA/nios2eds/bin/gnu/H-x86_64-pc-linux-gnu/bin/../lib/gcc/nios2-elf/9.2.1/../../../../../H-x86_64-pc-linux-gnu/nios2-elf/lib/mno-hw-mul/libc.a(lib_a-stdio.o)
                0x000000000080836c                __sclose
 .text          0x0000000000808374        0x0 /home/nik/intelFPGA/nios2eds/bin/gnu/H-x86_64-pc-linux-gnu/bin/../lib/gcc/nios2-elf/9.2.1/../../../../../H-x86_64-pc-linux-gnu/nios2-elf/lib/mno-hw-mul/libc.a(lib_a-vfiprintf.o)
 .text.__sprint_r.part.0
                0x0000000000808374       0xf4 /home/nik/intelFPGA/nios2eds/bin/gnu/H-x86_64-pc-linux-gnu/bin/../lib/gcc/nios2-elf/9.2.1/../../../../../H-x86_64-pc-linux-gnu/nios2-elf/lib/mno-hw-mul/libc.a(lib_a-vfiprintf.o)
 .text.__sprint_r
                0x0000000000808468       0x18 /home/nik/intelFPGA/nios2eds/bin/gnu/H-x86_64-pc-linux-gnu/bin/../lib/gcc/nios2-elf/9.2.1/../../../../../H-x86_64-pc-linux-gnu/nios2-elf/lib/mno-hw-mul/libc.a(lib_a-vfiprintf.o)
                0x0000000000808468                __sprint_r
 .text.___vfiprintf_internal_r
                0x0000000000808480     0x1314 /home/nik/intelFPGA/nios2eds/bin/gnu/H-x86_64-pc-linux-gnu/bin/../lib/gcc/nios2-elf/9.2.1/../../../../../H-x86_64-pc-linux-gnu/nios2-elf/lib/mno-hw-mul/libc.a(lib_a-vfiprintf.o)
                0x0000000000808480                ___vfiprintf_internal_r
 .text.__vfiprintf_internal
                0x0000000000809794       0x1c /home/nik/intelFPGA/nios2eds/bin/gnu/H-x86_64-pc-linux-gnu/bin/../lib/gcc/nios2-elf/9.2.1/../../../../../H-x86_64-pc-linux-gnu/nios2-elf/lib/mno-hw-mul/libc.a(lib_a-vfiprintf.o)
                0x0000000000809794                __vfiprintf_internal
 .text.__sbprintf
                0x00000000008097b0       0xc0 /home/nik/intelFPGA/nios2eds/bin/gnu/H-x86_64-pc-linux-gnu/bin/../lib/gcc/nios2-elf/9.2.1/../../../../../H-x86_64-pc-linux-gnu/nios2-elf/lib/mno-hw-mul/libc.a(lib_a-vfiprintf.o)
 .text          0x0000000000809870        0x0 /home/nik/intelFPGA/nios2eds/bin/gnu/H-x86_64-pc-linux-gnu/bin/../lib/gcc/nios2-elf/9.2.1/../../../../../H-x86_64-pc-linux-gnu/nios2-elf/lib/mno-hw-mul/libc.a(lib_a-writer.o)
 .text._write_r
                0x0000000000809870       0x64 /home/nik/intelFPGA/nios2eds/bin/gnu/H-x86_64-pc-linux-gnu/bin/../lib/gcc/nios2-elf/9.2.1/../../../../../H-x86_64-pc-linux-gnu/nios2-elf/lib/mno-hw-mul/libc.a(lib_a-writer.o)
                0x0000000000809870                _write_r
 .text          0x00000000008098d4        0x0 /home/nik/intelFPGA/nios2eds/bin/gnu/H-x86_64-pc-linux-gnu/bin/../lib/gcc/nios2-elf/9.2.1/../../../../../H-x86_64-pc-linux-gnu/nios2-elf/lib/mno-hw-mul/libc.a(closer.o)
 .text._close_r
                0x00000000008098d4       0x58 /home/nik/intelFPGA/nios2eds/bin/gnu/H-x86_64-pc-linux-gnu/bin/../lib/gcc/nios2-elf/9.2.1/../../../../../H-x86_64-pc-linux-gnu/nios2-elf/lib/mno-hw-mul/libc.a(closer.o)
                0x00000000008098d4                _close_r
 .text          0x000000000080992c        0x0 /home/nik/intelFPGA/nios2eds/bin/gnu/H-x86_64-pc-linux-gnu/bin/../lib/gcc/nios2-elf/9.2.1/../../../../../H-x86_64-pc-linux-gnu/nios2-elf/lib/mno-hw-mul/libc.a(lib_a-assert.o)
 .text.__assert_func
                0x000000000080992c       0x64 /home/nik/intelFPGA/nios2eds/bin/gnu/H-x86_64-pc-linux-gnu/bin/../lib/gcc/nios2-elf/9.2.1/../../../../../H-x86_64-pc-linux-gnu/nios2-elf/lib/mno-hw-mul/libc.a(lib_a-assert.o)
                0x000000000080992c                __assert_func
 .text.__assert
                0x0000000000809990       0x14 /home/nik/intelFPGA/nios2eds/bin/gnu/H-x86_64-pc-linux-gnu/bin/../lib/gcc/nios2-elf/9.2.1/../../../../../H-x86_64-pc-linux-gnu/nios2-elf/lib/mno-hw-mul/libc.a(lib_a-assert.o)
                0x0000000000809990                __assert
 .text          0x00000000008099a4        0x0 /home/nik/intelFPGA/nios2eds/bin/gnu/H-x86_64-pc-linux-gnu/bin/../lib/gcc/nios2-elf/9.2.1/../../../../../H-x86_64-pc-linux-gnu/nios2-elf/lib/mno-hw-mul/libc.a(lib_a-callocr.o)
 .text._calloc_r
                0x00000000008099a4       0xc4 /home/nik/intelFPGA/nios2eds/bin/gnu/H-x86_64-pc-linux-gnu/bin/../lib/gcc/nios2-elf/9.2.1/../../../../../H-x86_64-pc-linux-gnu/nios2-elf/lib/mno-hw-mul/libc.a(lib_a-callocr.o)
                0x00000000008099a4                _calloc_r
 .text          0x0000000000809a68        0x0 /home/nik/intelFPGA/nios2eds/bin/gnu/H-x86_64-pc-linux-gnu/bin/../lib/gcc/nios2-elf/9.2.1/../../../../../H-x86_64-pc-linux-gnu/nios2-elf/lib/mno-hw-mul/libc.a(lib_a-fclose.o)
 .text._fclose_r
                0x0000000000809a68       0xf8 /home/nik/intelFPGA/nios2eds/bin/gnu/H-x86_64-pc-linux-gnu/bin/../lib/gcc/nios2-elf/9.2.1/../../../../../H-x86_64-pc-linux-gnu/nios2-elf/lib/mno-hw-mul/libc.a(lib_a-fclose.o)
                0x0000000000809a68                _fclose_r
 .text.fclose   0x0000000000809b60       0x10 /home/nik/intelFPGA/nios2eds/bin/gnu/H-x86_64-pc-linux-gnu/bin/../lib/gcc/nios2-elf/9.2.1/../../../../../H-x86_64-pc-linux-gnu/nios2-elf/lib/mno-hw-mul/libc.a(lib_a-fclose.o)
                0x0000000000809b60                fclose
 .text          0x0000000000809b70        0x0 /home/nik/intelFPGA/nios2eds/bin/gnu/H-x86_64-pc-linux-gnu/bin/../lib/gcc/nios2-elf/9.2.1/../../../../../H-x86_64-pc-linux-gnu/nios2-elf/lib/mno-hw-mul/libc.a(lib_a-fiprintf.o)
 .text._fiprintf_r
                0x0000000000809b70       0x20 /home/nik/intelFPGA/nios2eds/bin/gnu/H-x86_64-pc-linux-gnu/bin/../lib/gcc/nios2-elf/9.2.1/../../../../../H-x86_64-pc-linux-gnu/nios2-elf/lib/mno-hw-mul/libc.a(lib_a-fiprintf.o)
                0x0000000000809b70                _fiprintf_r
 .text.fiprintf
                0x0000000000809b90       0x38 /home/nik/intelFPGA/nios2eds/bin/gnu/H-x86_64-pc-linux-gnu/bin/../lib/gcc/nios2-elf/9.2.1/../../../../../H-x86_64-pc-linux-gnu/nios2-elf/lib/mno-hw-mul/libc.a(lib_a-fiprintf.o)
                0x0000000000809b90                fiprintf
 .text          0x0000000000809bc8        0x0 /home/nik/intelFPGA/nios2eds/bin/gnu/H-x86_64-pc-linux-gnu/bin/../lib/gcc/nios2-elf/9.2.1/../../../../../H-x86_64-pc-linux-gnu/nios2-elf/lib/mno-hw-mul/libc.a(lib_a-fputwc.o)
 .text.__fputwc
                0x0000000000809bc8      0x164 /home/nik/intelFPGA/nios2eds/bin/gnu/H-x86_64-pc-linux-gnu/bin/../lib/gcc/nios2-elf/9.2.1/../../../../../H-x86_64-pc-linux-gnu/nios2-elf/lib/mno-hw-mul/libc.a(lib_a-fputwc.o)
                0x0000000000809bc8                __fputwc
 .text._fputwc_r
                0x0000000000809d2c       0x24 /home/nik/intelFPGA/nios2eds/bin/gnu/H-x86_64-pc-linux-gnu/bin/../lib/gcc/nios2-elf/9.2.1/../../../../../H-x86_64-pc-linux-gnu/nios2-elf/lib/mno-hw-mul/libc.a(lib_a-fputwc.o)
                0x0000000000809d2c                _fputwc_r
 .text.fputwc   0x0000000000809d50       0x78 /home/nik/intelFPGA/nios2eds/bin/gnu/H-x86_64-pc-linux-gnu/bin/../lib/gcc/nios2-elf/9.2.1/../../../../../H-x86_64-pc-linux-gnu/nios2-elf/lib/mno-hw-mul/libc.a(lib_a-fputwc.o)
                0x0000000000809d50                fputwc
 .text          0x0000000000809dc8        0x0 /home/nik/intelFPGA/nios2eds/bin/gnu/H-x86_64-pc-linux-gnu/bin/../lib/gcc/nios2-elf/9.2.1/../../../../../H-x86_64-pc-linux-gnu/nios2-elf/lib/mno-hw-mul/libc.a(lib_a-fstatr.o)
 .text._fstat_r
                0x0000000000809dc8       0x60 /home/nik/intelFPGA/nios2eds/bin/gnu/H-x86_64-pc-linux-gnu/bin/../lib/gcc/nios2-elf/9.2.1/../../../../../H-x86_64-pc-linux-gnu/nios2-elf/lib/mno-hw-mul/libc.a(lib_a-fstatr.o)
                0x0000000000809dc8                _fstat_r
 .text          0x0000000000809e28        0x0 /home/nik/intelFPGA/nios2eds/bin/gnu/H-x86_64-pc-linux-gnu/bin/../lib/gcc/nios2-elf/9.2.1/../../../../../H-x86_64-pc-linux-gnu/nios2-elf/lib/mno-hw-mul/libc.a(lib_a-int_errno.o)
 .text          0x0000000000809e28        0x0 /home/nik/intelFPGA/nios2eds/bin/gnu/H-x86_64-pc-linux-gnu/bin/../lib/gcc/nios2-elf/9.2.1/../../../../../H-x86_64-pc-linux-gnu/nios2-elf/lib/mno-hw-mul/libc.a(lib_a-isattyr.o)
 .text._isatty_r
                0x0000000000809e28       0x58 /home/nik/intelFPGA/nios2eds/bin/gnu/H-x86_64-pc-linux-gnu/bin/../lib/gcc/nios2-elf/9.2.1/../../../../../H-x86_64-pc-linux-gnu/nios2-elf/lib/mno-hw-mul/libc.a(lib_a-isattyr.o)
                0x0000000000809e28                _isatty_r
 .text          0x0000000000809e80        0x0 /home/nik/intelFPGA/nios2eds/bin/gnu/H-x86_64-pc-linux-gnu/bin/../lib/gcc/nios2-elf/9.2.1/../../../../../H-x86_64-pc-linux-gnu/nios2-elf/lib/mno-hw-mul/libc.a(lib_a-locale.o)
 .text._setlocale_r
                0x0000000000809e80       0x74 /home/nik/intelFPGA/nios2eds/bin/gnu/H-x86_64-pc-linux-gnu/bin/../lib/gcc/nios2-elf/9.2.1/../../../../../H-x86_64-pc-linux-gnu/nios2-elf/lib/mno-hw-mul/libc.a(lib_a-locale.o)
                0x0000000000809e80                _setlocale_r
 .text.__locale_mb_cur_max
                0x0000000000809ef4        0xc /home/nik/intelFPGA/nios2eds/bin/gnu/H-x86_64-pc-linux-gnu/bin/../lib/gcc/nios2-elf/9.2.1/../../../../../H-x86_64-pc-linux-gnu/nios2-elf/lib/mno-hw-mul/libc.a(lib_a-locale.o)
                0x0000000000809ef4                __locale_mb_cur_max
 .text.setlocale
                0x0000000000809f00       0x18 /home/nik/intelFPGA/nios2eds/bin/gnu/H-x86_64-pc-linux-gnu/bin/../lib/gcc/nios2-elf/9.2.1/../../../../../H-x86_64-pc-linux-gnu/nios2-elf/lib/mno-hw-mul/libc.a(lib_a-locale.o)
                0x0000000000809f00                setlocale
 .text          0x0000000000809f18        0x0 /home/nik/intelFPGA/nios2eds/bin/gnu/H-x86_64-pc-linux-gnu/bin/../lib/gcc/nios2-elf/9.2.1/../../../../../H-x86_64-pc-linux-gnu/nios2-elf/lib/mno-hw-mul/libc.a(lib_a-lseekr.o)
 .text._lseek_r
                0x0000000000809f18       0x64 /home/nik/intelFPGA/nios2eds/bin/gnu/H-x86_64-pc-linux-gnu/bin/../lib/gcc/nios2-elf/9.2.1/../../../../../H-x86_64-pc-linux-gnu/nios2-elf/lib/mno-hw-mul/libc.a(lib_a-lseekr.o)
                0x0000000000809f18                _lseek_r
 .text          0x0000000000809f7c        0x0 /home/nik/intelFPGA/nios2eds/bin/gnu/H-x86_64-pc-linux-gnu/bin/../lib/gcc/nios2-elf/9.2.1/../../../../../H-x86_64-pc-linux-gnu/nios2-elf/lib/mno-hw-mul/libc.a(lib_a-mbtowc_r.o)
 .text._mbtowc_r
                0x0000000000809f7c        0xc /home/nik/intelFPGA/nios2eds/bin/gnu/H-x86_64-pc-linux-gnu/bin/../lib/gcc/nios2-elf/9.2.1/../../../../../H-x86_64-pc-linux-gnu/nios2-elf/lib/mno-hw-mul/libc.a(lib_a-mbtowc_r.o)
                0x0000000000809f7c                _mbtowc_r
 .text.__ascii_mbtowc
                0x0000000000809f88       0x44 /home/nik/intelFPGA/nios2eds/bin/gnu/H-x86_64-pc-linux-gnu/bin/../lib/gcc/nios2-elf/9.2.1/../../../../../H-x86_64-pc-linux-gnu/nios2-elf/lib/mno-hw-mul/libc.a(lib_a-mbtowc_r.o)
                0x0000000000809f88                __ascii_mbtowc
 .text          0x0000000000809fcc        0x0 /home/nik/intelFPGA/nios2eds/bin/gnu/H-x86_64-pc-linux-gnu/bin/../lib/gcc/nios2-elf/9.2.1/../../../../../H-x86_64-pc-linux-gnu/nios2-elf/lib/mno-hw-mul/libc.a(lib_a-readr.o)
 .text._read_r  0x0000000000809fcc       0x64 /home/nik/intelFPGA/nios2eds/bin/gnu/H-x86_64-pc-linux-gnu/bin/../lib/gcc/nios2-elf/9.2.1/../../../../../H-x86_64-pc-linux-gnu/nios2-elf/lib/mno-hw-mul/libc.a(lib_a-readr.o)
                0x0000000000809fcc                _read_r
 .text          0x000000000080a030        0x0 /home/nik/intelFPGA/nios2eds/bin/gnu/H-x86_64-pc-linux-gnu/bin/../lib/gcc/nios2-elf/9.2.1/../../../../../H-x86_64-pc-linux-gnu/nios2-elf/lib/mno-hw-mul/libc.a(lib_a-strcmp.o)
 .text.strcmp   0x000000000080a030       0xb8 /home/nik/intelFPGA/nios2eds/bin/gnu/H-x86_64-pc-linux-gnu/bin/../lib/gcc/nios2-elf/9.2.1/../../../../../H-x86_64-pc-linux-gnu/nios2-elf/lib/mno-hw-mul/libc.a(lib_a-strcmp.o)
                0x000000000080a030                strcmp
 .text          0x000000000080a0e8        0x0 /home/nik/intelFPGA/nios2eds/bin/gnu/H-x86_64-pc-linux-gnu/bin/../lib/gcc/nios2-elf/9.2.1/../../../../../H-x86_64-pc-linux-gnu/nios2-elf/lib/mno-hw-mul/libc.a(lib_a-vfiprintfr_1.o)
 .text._vfiprintf_r
                0x000000000080a0e8        0x4 /home/nik/intelFPGA/nios2eds/bin/gnu/H-x86_64-pc-linux-gnu/bin/../lib/gcc/nios2-elf/9.2.1/../../../../../H-x86_64-pc-linux-gnu/nios2-elf/lib/mno-hw-mul/libc.a(lib_a-vfiprintfr_1.o)
                0x000000000080a0e8                _vfiprintf_r
 .text          0x000000000080a0ec        0x0 /home/nik/intelFPGA/nios2eds/bin/gnu/H-x86_64-pc-linux-gnu/bin/../lib/gcc/nios2-elf/9.2.1/../../../../../H-x86_64-pc-linux-gnu/nios2-elf/lib/mno-hw-mul/libc.a(lib_a-wbuf.o)
 .text.__swbuf_r
                0x000000000080a0ec      0x148 /home/nik/intelFPGA/nios2eds/bin/gnu/H-x86_64-pc-linux-gnu/bin/../lib/gcc/nios2-elf/9.2.1/../../../../../H-x86_64-pc-linux-gnu/nios2-elf/lib/mno-hw-mul/libc.a(lib_a-wbuf.o)
                0x000000000080a0ec                __swbuf_r
 .text.__swbuf  0x000000000080a234       0x18 /home/nik/intelFPGA/nios2eds/bin/gnu/H-x86_64-pc-linux-gnu/bin/../lib/gcc/nios2-elf/9.2.1/../../../../../H-x86_64-pc-linux-gnu/nios2-elf/lib/mno-hw-mul/libc.a(lib_a-wbuf.o)
                0x000000000080a234                __swbuf
 .text          0x000000000080a24c        0x0 /home/nik/intelFPGA/nios2eds/bin/gnu/H-x86_64-pc-linux-gnu/bin/../lib/gcc/nios2-elf/9.2.1/../../../../../H-x86_64-pc-linux-gnu/nios2-elf/lib/mno-hw-mul/libc.a(lib_a-wcrtomb.o)
 .text._wcrtomb_r
                0x000000000080a24c       0x6c /home/nik/intelFPGA/nios2eds/bin/gnu/H-x86_64-pc-linux-gnu/bin/../lib/gcc/nios2-elf/9.2.1/../../../../../H-x86_64-pc-linux-gnu/nios2-elf/lib/mno-hw-mul/libc.a(lib_a-wcrtomb.o)
                0x000000000080a24c                _wcrtomb_r
 .text.wcrtomb  0x000000000080a2b8       0x88 /home/nik/intelFPGA/nios2eds/bin/gnu/H-x86_64-pc-linux-gnu/bin/../lib/gcc/nios2-elf/9.2.1/../../../../../H-x86_64-pc-linux-gnu/nios2-elf/lib/mno-hw-mul/libc.a(lib_a-wcrtomb.o)
                0x000000000080a2b8                wcrtomb
 .text          0x000000000080a340        0x0 /home/nik/intelFPGA/nios2eds/bin/gnu/H-x86_64-pc-linux-gnu/bin/../lib/gcc/nios2-elf/9.2.1/../../../../../H-x86_64-pc-linux-gnu/nios2-elf/lib/mno-hw-mul/libc.a(lib_a-wctomb_r.o)
 .text._wctomb_r
                0x000000000080a340        0xc /home/nik/intelFPGA/nios2eds/bin/gnu/H-x86_64-pc-linux-gnu/bin/../lib/gcc/nios2-elf/9.2.1/../../../../../H-x86_64-pc-linux-gnu/nios2-elf/lib/mno-hw-mul/libc.a(lib_a-wctomb_r.o)
                0x000000000080a340                _wctomb_r
 .text.__ascii_wctomb
                0x000000000080a34c       0x30 /home/nik/intelFPGA/nios2eds/bin/gnu/H-x86_64-pc-linux-gnu/bin/../lib/gcc/nios2-elf/9.2.1/../../../../../H-x86_64-pc-linux-gnu/nios2-elf/lib/mno-hw-mul/libc.a(lib_a-wctomb_r.o)
                0x000000000080a34c                __ascii_wctomb
 .text          0x000000000080a37c        0x0 /home/nik/intelFPGA/nios2eds/bin/gnu/H-x86_64-pc-linux-gnu/bin/../lib/gcc/nios2-elf/9.2.1/../../../../../H-x86_64-pc-linux-gnu/nios2-elf/lib/mno-hw-mul/libc.a(lib_a-abort.o)
 .text.unlikely.abort
                0x000000000080a37c       0x18 /home/nik/intelFPGA/nios2eds/bin/gnu/H-x86_64-pc-linux-gnu/bin/../lib/gcc/nios2-elf/9.2.1/../../../../../H-x86_64-pc-linux-gnu/nios2-elf/lib/mno-hw-mul/libc.a(lib_a-abort.o)
                0x000000000080a37c                abort
 .text          0x000000000080a394        0x0 /home/nik/intelFPGA/nios2eds/bin/gnu/H-x86_64-pc-linux-gnu/bin/../lib/gcc/nios2-elf/9.2.1/../../../../../H-x86_64-pc-linux-gnu/nios2-elf/lib/mno-hw-mul/libc.a(lib_a-ctype_.o)
 .text          0x000000000080a394        0x0 /home/nik/intelFPGA/nios2eds/bin/gnu/H-x86_64-pc-linux-gnu/bin/../lib/gcc/nios2-elf/9.2.1/../../../../../H-x86_64-pc-linux-gnu/nios2-elf/lib/mno-hw-mul/libc.a(lib_a-signal.o)
 .text._init_signal_r.part.0
                0x000000000080a394       0x4c /home/nik/intelFPGA/nios2eds/bin/gnu/H-x86_64-pc-linux-gnu/bin/../lib/gcc/nios2-elf/9.2.1/../../../../../H-x86_64-pc-linux-gnu/nios2-elf/lib/mno-hw-mul/libc.a(lib_a-signal.o)
 .text._init_signal_r
                0x000000000080a3e0       0x14 /home/nik/intelFPGA/nios2eds/bin/gnu/H-x86_64-pc-linux-gnu/bin/../lib/gcc/nios2-elf/9.2.1/../../../../../H-x86_64-pc-linux-gnu/nios2-elf/lib/mno-hw-mul/libc.a(lib_a-signal.o)
                0x000000000080a3e0                _init_signal_r
 .text._signal_r
                0x000000000080a3f4       0x84 /home/nik/intelFPGA/nios2eds/bin/gnu/H-x86_64-pc-linux-gnu/bin/../lib/gcc/nios2-elf/9.2.1/../../../../../H-x86_64-pc-linux-gnu/nios2-elf/lib/mno-hw-mul/libc.a(lib_a-signal.o)
                0x000000000080a3f4                _signal_r
 .text._raise_r
                0x000000000080a478       0xc4 /home/nik/intelFPGA/nios2eds/bin/gnu/H-x86_64-pc-linux-gnu/bin/../lib/gcc/nios2-elf/9.2.1/../../../../../H-x86_64-pc-linux-gnu/nios2-elf/lib/mno-hw-mul/libc.a(lib_a-signal.o)
                0x000000000080a478                _raise_r
 .text.__sigtramp_r
                0x000000000080a53c       0xb8 /home/nik/intelFPGA/nios2eds/bin/gnu/H-x86_64-pc-linux-gnu/bin/../lib/gcc/nios2-elf/9.2.1/../../../../../H-x86_64-pc-linux-gnu/nios2-elf/lib/mno-hw-mul/libc.a(lib_a-signal.o)
                0x000000000080a53c                __sigtramp_r
 .text.raise    0x000000000080a5f4       0x10 /home/nik/intelFPGA/nios2eds/bin/gnu/H-x86_64-pc-linux-gnu/bin/../lib/gcc/nios2-elf/9.2.1/../../../../../H-x86_64-pc-linux-gnu/nios2-elf/lib/mno-hw-mul/libc.a(lib_a-signal.o)
                0x000000000080a5f4                raise
 .text.signal   0x000000000080a604       0x18 /home/nik/intelFPGA/nios2eds/bin/gnu/H-x86_64-pc-linux-gnu/bin/../lib/gcc/nios2-elf/9.2.1/../../../../../H-x86_64-pc-linux-gnu/nios2-elf/lib/mno-hw-mul/libc.a(lib_a-signal.o)
                0x000000000080a604                signal
 .text._init_signal
                0x000000000080a61c       0x1c /home/nik/intelFPGA/nios2eds/bin/gnu/H-x86_64-pc-linux-gnu/bin/../lib/gcc/nios2-elf/9.2.1/../../../../../H-x86_64-pc-linux-gnu/nios2-elf/lib/mno-hw-mul/libc.a(lib_a-signal.o)
                0x000000000080a61c                _init_signal
 .text.__sigtramp
                0x000000000080a638       0x10 /home/nik/intelFPGA/nios2eds/bin/gnu/H-x86_64-pc-linux-gnu/bin/../lib/gcc/nios2-elf/9.2.1/../../../../../H-x86_64-pc-linux-gnu/nios2-elf/lib/mno-hw-mul/libc.a(lib_a-signal.o)
                0x000000000080a638                __sigtramp
 .text          0x000000000080a648        0x0 /home/nik/intelFPGA/nios2eds/bin/gnu/H-x86_64-pc-linux-gnu/bin/../lib/gcc/nios2-elf/9.2.1/../../../../../H-x86_64-pc-linux-gnu/nios2-elf/lib/mno-hw-mul/libc.a(lib_a-signalr.o)
 .text._kill_r  0x000000000080a648       0x60 /home/nik/intelFPGA/nios2eds/bin/gnu/H-x86_64-pc-linux-gnu/bin/../lib/gcc/nios2-elf/9.2.1/../../../../../H-x86_64-pc-linux-gnu/nios2-elf/lib/mno-hw-mul/libc.a(lib_a-signalr.o)
                0x000000000080a648                _kill_r
 .text._getpid_r
                0x000000000080a6a8        0x4 /home/nik/intelFPGA/nios2eds/bin/gnu/H-x86_64-pc-linux-gnu/bin/../lib/gcc/nios2-elf/9.2.1/../../../../../H-x86_64-pc-linux-gnu/nios2-elf/lib/mno-hw-mul/libc.a(lib_a-signalr.o)
                0x000000000080a6a8                _getpid_r
 .text          0x000000000080a6ac      0x61c /home/nik/intelFPGA/nios2eds/bin/gnu/H-x86_64-pc-linux-gnu/bin/../lib/gcc/nios2-elf/9.2.1/mno-hw-mul/libgcc.a(_udivdi3.o)
                0x000000000080a6ac                __udivdi3
 .text          0x000000000080acc8      0x5c4 /home/nik/intelFPGA/nios2eds/bin/gnu/H-x86_64-pc-linux-gnu/bin/../lib/gcc/nios2-elf/9.2.1/mno-hw-mul/libgcc.a(_umoddi3.o)
                0x000000000080acc8                __umoddi3
 .text          0x000000000080b28c      0x1b4 /home/nik/intelFPGA/nios2eds/bin/gnu/H-x86_64-pc-linux-gnu/bin/../lib/gcc/nios2-elf/9.2.1/mno-hw-mul/libgcc.a(lib2-divmod.o)
                0x000000000080b28c                __divsi3
                0x000000000080b30c                __modsi3
                0x000000000080b380                __udivsi3
                0x000000000080b3e4                __umodsi3
 .text          0x000000000080b440      0x978 /home/nik/intelFPGA/nios2eds/bin/gnu/H-x86_64-pc-linux-gnu/bin/../lib/gcc/nios2-elf/9.2.1/mno-hw-mul/libgcc.a(adddf3.o)
                0x000000000080b440                __adddf3
 .text          0x000000000080bdb8      0x934 /home/nik/intelFPGA/nios2eds/bin/gnu/H-x86_64-pc-linux-gnu/bin/../lib/gcc/nios2-elf/9.2.1/mno-hw-mul/libgcc.a(divdf3.o)
                0x000000000080bdb8                __divdf3
 .text          0x000000000080c6ec       0x80 /home/nik/intelFPGA/nios2eds/bin/gnu/H-x86_64-pc-linux-gnu/bin/../lib/gcc/nios2-elf/9.2.1/mno-hw-mul/libgcc.a(eqdf2.o)
                0x000000000080c6ec                __eqdf2
                0x000000000080c6ec                __nedf2
 .text          0x000000000080c76c       0xf0 /home/nik/intelFPGA/nios2eds/bin/gnu/H-x86_64-pc-linux-gnu/bin/../lib/gcc/nios2-elf/9.2.1/mno-hw-mul/libgcc.a(gedf2.o)
                0x000000000080c76c                __gtdf2
                0x000000000080c76c                __gedf2
 .text          0x000000000080c85c       0xf0 /home/nik/intelFPGA/nios2eds/bin/gnu/H-x86_64-pc-linux-gnu/bin/../lib/gcc/nios2-elf/9.2.1/mno-hw-mul/libgcc.a(ledf2.o)
                0x000000000080c85c                __ltdf2
                0x000000000080c85c                __ledf2
 .text          0x000000000080c94c      0x7a8 /home/nik/intelFPGA/nios2eds/bin/gnu/H-x86_64-pc-linux-gnu/bin/../lib/gcc/nios2-elf/9.2.1/mno-hw-mul/libgcc.a(muldf3.o)
                0x000000000080c94c                __muldf3
 .text          0x000000000080d0f4      0x934 /home/nik/intelFPGA/nios2eds/bin/gnu/H-x86_64-pc-linux-gnu/bin/../lib/gcc/nios2-elf/9.2.1/mno-hw-mul/libgcc.a(subdf3.o)
                0x000000000080d0f4                __subdf3
 .text          0x000000000080da28       0x54 /home/nik/intelFPGA/nios2eds/bin/gnu/H-x86_64-pc-linux-gnu/bin/../lib/gcc/nios2-elf/9.2.1/mno-hw-mul/libgcc.a(unorddf2.o)
                0x000000000080da28                __unorddf2
 .text          0x000000000080da7c       0x80 /home/nik/intelFPGA/nios2eds/bin/gnu/H-x86_64-pc-linux-gnu/bin/../lib/gcc/nios2-elf/9.2.1/mno-hw-mul/libgcc.a(fixdfsi.o)
                0x000000000080da7c                __fixdfsi
 .text          0x000000000080dafc       0xbc /home/nik/intelFPGA/nios2eds/bin/gnu/H-x86_64-pc-linux-gnu/bin/../lib/gcc/nios2-elf/9.2.1/mno-hw-mul/libgcc.a(floatsidf.o)
                0x000000000080dafc                __floatsidf
 .text          0x000000000080dbb8       0x90 /home/nik/intelFPGA/nios2eds/bin/gnu/H-x86_64-pc-linux-gnu/bin/../lib/gcc/nios2-elf/9.2.1/mno-hw-mul/libgcc.a(floatunsidf.o)
                0x000000000080dbb8                __floatunsidf
 .text          0x000000000080dc48      0x118 ../task3_bsp//libhal_bsp.a(alt_close.o)
                0x000000000080dc84                close
 .text          0x000000000080dd60       0x2c ../task3_bsp//libhal_bsp.a(alt_dev.o)
 .text          0x000000000080dd8c        0x0 ../task3_bsp//libhal_bsp.a(alt_errno.o)
 .text          0x000000000080dd8c       0x38 ../task3_bsp//libhal_bsp.a(alt_exit.o)
                0x000000000080dd8c                _exit
 .text          0x000000000080ddc4       0xf8 ../task3_bsp//libhal_bsp.a(alt_fstat.o)
                0x000000000080de00                fstat
 .text          0x000000000080debc       0x20 ../task3_bsp//libhal_bsp.a(alt_getpid.o)
                0x000000000080debc                getpid
 .text          0x000000000080dedc       0xec ../task3_bsp//libhal_bsp.a(alt_isatty.o)
                0x000000000080df18                isatty
 .text          0x000000000080dfc8      0x168 ../task3_bsp//libhal_bsp.a(alt_kill.o)
                0x000000000080e004                kill
 .text          0x000000000080e130       0xec ../task3_bsp//libhal_bsp.a(alt_load.o)
                0x000000000080e198                alt_load
 .text          0x000000000080e21c      0x11c ../task3_bsp//libhal_bsp.a(alt_lseek.o)
                0x000000000080e258                lseek
 .text          0x000000000080e338       0x7c ../task3_bsp//libhal_bsp.a(alt_main.o)
                0x000000000080e338                alt_main
 .text          0x000000000080e3b4       0x48 ../task3_bsp//libhal_bsp.a(alt_malloc_lock.o)
                0x000000000080e3b4                __malloc_lock
                0x000000000080e3d8                __malloc_unlock
 .text          0x000000000080e3fc      0x144 ../task3_bsp//libhal_bsp.a(alt_read.o)
                0x000000000080e438                read
 .text          0x000000000080e540       0x70 ../task3_bsp//libhal_bsp.a(alt_release_fd.o)
                0x000000000080e540                alt_release_fd
 .text          0x000000000080e5b0       0xb8 ../task3_bsp//libhal_bsp.a(alt_sbrk.o)
                0x000000000080e5b0                sbrk
 .text          0x000000000080e668       0xb4 ../task3_bsp//libhal_bsp.a(alt_times.o)
                0x000000000080e6a4                times
 .text          0x000000000080e71c      0x140 ../task3_bsp//libhal_bsp.a(alt_write.o)
                0x000000000080e758                write
 .text          0x000000000080e85c       0xd4 ../task3_bsp//libhal_bsp.a(alt_sys_init.o)
                0x000000000080e890                alt_irq_init
                0x000000000080e8cc                alt_sys_init
 .text          0x000000000080e930      0x164 ../task3_bsp//libhal_bsp.a(altera_avalon_jtag_uart_fd.o)
                0x000000000080e930                altera_avalon_jtag_uart_read_fd
                0x000000000080e990                altera_avalon_jtag_uart_write_fd
                0x000000000080e9f0                altera_avalon_jtag_uart_close_fd
                0x000000000080ea40                altera_avalon_jtag_uart_ioctl_fd
 .text          0x000000000080ea94      0x3d4 ../task3_bsp//libhal_bsp.a(altera_avalon_jtag_uart_init.o)
                0x000000000080ea94                altera_avalon_jtag_uart_init
                0x000000000080ee00                altera_avalon_jtag_uart_close
 .text          0x000000000080ee68       0xf4 ../task3_bsp//libhal_bsp.a(altera_avalon_jtag_uart_ioctl.o)
                0x000000000080ee68                altera_avalon_jtag_uart_ioctl
 .text          0x000000000080ef5c      0x220 ../task3_bsp//libhal_bsp.a(altera_avalon_jtag_uart_read.o)
                0x000000000080ef5c                altera_avalon_jtag_uart_read
 .text          0x000000000080f17c      0x228 ../task3_bsp//libhal_bsp.a(altera_avalon_jtag_uart_write.o)
                0x000000000080f17c                altera_avalon_jtag_uart_write
 .text          0x000000000080f3a4      0x100 ../task3_bsp//libhal_bsp.a(altera_avalon_timer_sc.o)
                0x000000000080f420                alt_avalon_timer_sc_init
 .text          0x000000000080f4a4      0x134 ../task3_bsp//libhal_bsp.a(alt_alarm_start.o)
                0x000000000080f4a4                alt_alarm_start
 .text          0x000000000080f5d8       0x4c ../task3_bsp//libhal_bsp.a(alt_dcache_flush_all.o)
                0x000000000080f5d8                alt_dcache_flush_all
 .text          0x000000000080f624       0xe4 ../task3_bsp//libhal_bsp.a(alt_dev_llist_insert.o)
                0x000000000080f660                alt_dev_llist_insert
 .text          0x000000000080f708       0x64 ../task3_bsp//libhal_bsp.a(alt_do_ctors.o)
                0x000000000080f708                _do_ctors
 .text          0x000000000080f76c       0x64 ../task3_bsp//libhal_bsp.a(alt_do_dtors.o)
                0x000000000080f76c                _do_dtors
 .text          0x000000000080f7d0       0x34 ../task3_bsp//libhal_bsp.a(alt_icache_flush_all.o)
                0x000000000080f7d0                alt_icache_flush_all
 .text          0x000000000080f804      0x1b0 ../task3_bsp//libhal_bsp.a(alt_iic.o)
                0x000000000080f804                alt_ic_isr_register
                0x000000000080f854                alt_ic_irq_enable
                0x000000000080f8dc                alt_ic_irq_disable
                0x000000000080f968                alt_ic_irq_enabled
 .text          0x000000000080f9b4       0xe8 ../task3_bsp//libhal_bsp.a(alt_iic_isr_register.o)
                0x000000000080f9b4                alt_iic_isr_register
 .text          0x000000000080fa9c      0x150 ../task3_bsp//libhal_bsp.a(alt_io_redirect.o)
                0x000000000080fb70                alt_io_redirect
 .text          0x000000000080fbec        0x0 ../task3_bsp//libhal_bsp.a(alt_irq_entry.o)
 .text          0x000000000080fbec        0x0 ../task3_bsp//libhal_bsp.a(alt_irq_handler.o)
 .text          0x000000000080fbec        0x0 ../task3_bsp//libhal_bsp.a(alt_irq_vars.o)
 .text          0x000000000080fbec      0x278 ../task3_bsp//libhal_bsp.a(alt_open.o)
                0x000000000080fd04                open
 .text          0x000000000080fe64      0x1ac ../task3_bsp//libhal_bsp.a(alt_tick.o)
                0x000000000080fe64                alt_alarm_stop
                0x000000000080ff08                alt_tick
 .text          0x0000000000810010       0x24 ../task3_bsp//libhal_bsp.a(altera_nios2_gen2_irq.o)
                0x0000000000810010                altera_nios2_gen2_irq_init
 .text          0x0000000000810034        0x0 ../task3_bsp//libhal_bsp.a(alt_exception_entry.o)
 .text          0x0000000000810034       0x90 ../task3_bsp//libhal_bsp.a(alt_find_dev.o)
                0x0000000000810034                alt_find_dev
 .text          0x00000000008100c4      0x108 ../task3_bsp//libhal_bsp.a(alt_find_file.o)
                0x00000000008100c4                alt_find_file
 .text          0x00000000008101cc       0xb8 ../task3_bsp//libhal_bsp.a(alt_get_fd.o)
                0x00000000008101cc                alt_get_fd
 .text          0x0000000000810284       0x90 ../task3_bsp//libhal_bsp.a(alt_icache_flush.o)
                0x0000000000810284                alt_icache_flush
 .text          0x0000000000810314       0x98 ../task3_bsp//libhal_bsp.a(alt_instruction_exception_entry.o)
                0x0000000000810314                alt_exception_cause_generated_bad_addr
 .text          0x00000000008103ac        0x0 /home/nik/intelFPGA/nios2eds/bin/gnu/H-x86_64-pc-linux-gnu/bin/../lib/gcc/nios2-elf/9.2.1/../../../../../H-x86_64-pc-linux-gnu/nios2-elf/lib/mno-hw-mul/libc.a(lib_a-atexit.o)
 .text.atexit   0x00000000008103ac       0x14 /home/nik/intelFPGA/nios2eds/bin/gnu/H-x86_64-pc-linux-gnu/bin/../lib/gcc/nios2-elf/9.2.1/../../../../../H-x86_64-pc-linux-gnu/nios2-elf/lib/mno-hw-mul/libc.a(lib_a-atexit.o)
                0x00000000008103ac                atexit
 .text          0x00000000008103c0        0x0 /home/nik/intelFPGA/nios2eds/bin/gnu/H-x86_64-pc-linux-gnu/bin/../lib/gcc/nios2-elf/9.2.1/../../../../../H-x86_64-pc-linux-gnu/nios2-elf/lib/mno-hw-mul/libc.a(lib_a-exit.o)
 .text.exit     0x00000000008103c0       0x34 /home/nik/intelFPGA/nios2eds/bin/gnu/H-x86_64-pc-linux-gnu/bin/../lib/gcc/nios2-elf/9.2.1/../../../../../H-x86_64-pc-linux-gnu/nios2-elf/lib/mno-hw-mul/libc.a(lib_a-exit.o)
                0x00000000008103c0                exit
 .text          0x00000000008103f4        0x0 /home/nik/intelFPGA/nios2eds/bin/gnu/H-x86_64-pc-linux-gnu/bin/../lib/gcc/nios2-elf/9.2.1/../../../../../H-x86_64-pc-linux-gnu/nios2-elf/lib/mno-hw-mul/libc.a(lib_a-memcmp.o)
 .text.memcmp   0x00000000008103f4       0x78 /home/nik/intelFPGA/nios2eds/bin/gnu/H-x86_64-pc-linux-gnu/bin/../lib/gcc/nios2-elf/9.2.1/../../../../../H-x86_64-pc-linux-gnu/nios2-elf/lib/mno-hw-mul/libc.a(lib_a-memcmp.o)
                0x00000000008103f4                memcmp
 .text          0x000000000081046c        0x0 /home/nik/intelFPGA/nios2eds/bin/gnu/H-x86_64-pc-linux-gnu/bin/../lib/gcc/nios2-elf/9.2.1/../../../../../H-x86_64-pc-linux-gnu/nios2-elf/lib/mno-hw-mul/libc.a(lib_a-__atexit.o)
 .text.__register_exitproc
                0x000000000081046c       0x90 /home/nik/intelFPGA/nios2eds/bin/gnu/H-x86_64-pc-linux-gnu/bin/../lib/gcc/nios2-elf/9.2.1/../../../../../H-x86_64-pc-linux-gnu/nios2-elf/lib/mno-hw-mul/libc.a(lib_a-__atexit.o)
                0x000000000081046c                __register_exitproc
 .text          0x00000000008104fc        0x0 /home/nik/intelFPGA/nios2eds/bin/gnu/H-x86_64-pc-linux-gnu/bin/../lib/gcc/nios2-elf/9.2.1/../../../../../H-x86_64-pc-linux-gnu/nios2-elf/lib/mno-hw-mul/libc.a(lib_a-__call_atexit.o)
 .text.__call_exitprocs
                0x00000000008104fc      0x120 /home/nik/intelFPGA/nios2eds/bin/gnu/H-x86_64-pc-linux-gnu/bin/../lib/gcc/nios2-elf/9.2.1/../../../../../H-x86_64-pc-linux-gnu/nios2-elf/lib/mno-hw-mul/libc.a(lib_a-__call_atexit.o)
                0x00000000008104fc                __call_exitprocs
 *(.gnu.warning.*)
 *(.fini)
                [!provide]                        PROVIDE (__etext = ABSOLUTE (.))
                [!provide]                        PROVIDE (_etext = ABSOLUTE (.))
                [!provide]                        PROVIDE (etext = ABSOLUTE (.))
 *(.eh_frame_hdr)
                0x000000000081061c                . = ALIGN (0x4)
                [!provide]                        PROVIDE (__preinit_array_start = ABSOLUTE (.))
 *(.preinit_array)
                [!provide]                        PROVIDE (__preinit_array_end = ABSOLUTE (.))
                [!provide]                        PROVIDE (__init_array_start = ABSOLUTE (.))
 *(.init_array)
                [!provide]                        PROVIDE (__init_array_end = ABSOLUTE (.))
                [!provide]                        PROVIDE (__fini_array_start = ABSOLUTE (.))
 *(.fini_array)
                [!provide]                        PROVIDE (__fini_array_end = ABSOLUTE (.))
 *(.eh_frame)
 *(.gcc_except_table .gcc_except_table.*)
 *(.dynamic)
                0x000000000081061c                PROVIDE (__CTOR_LIST__ = ABSOLUTE (.))
 *(.ctors)
 *(SORT_BY_NAME(.ctors.*))
                0x000000000081061c                PROVIDE (__CTOR_END__ = ABSOLUTE (.))
                0x000000000081061c                PROVIDE (__DTOR_LIST__ = ABSOLUTE (.))
 *(.dtors)
 *(SORT_BY_NAME(.dtors.*))
                0x000000000081061c                PROVIDE (__DTOR_END__ = ABSOLUTE (.))
 *(.jcr)
                0x000000000081061c                . = ALIGN (0x4)

.rodata         0x000000000081061c      0x6c4
                0x000000000081061c                PROVIDE (__ram_rodata_start = ABSOLUTE (.))
                0x000000000081061c                . = ALIGN (0x4)
 *(.rodata .rodata.* .gnu.linkonce.r.*)
 .rodata        0x000000000081061c       0x74 obj/default/hello_world.o
 .rodata        0x0000000000810690      0x100 /home/nik/intelFPGA/nios2eds/bin/gnu/H-x86_64-pc-linux-gnu/bin/../lib/gcc/nios2-elf/9.2.1/mno-hw-mul/libgcc.a(_clz.o)
                0x0000000000810690                __clz_tab
 .rodata._puts_r.str1.4
                0x0000000000810790        0x2 /home/nik/intelFPGA/nios2eds/bin/gnu/H-x86_64-pc-linux-gnu/bin/../lib/gcc/nios2-elf/9.2.1/../../../../../H-x86_64-pc-linux-gnu/nios2-elf/lib/mno-hw-mul/libc.a(lib_a-puts.o)
 *fill*         0x0000000000810792        0x2 
 .rodata.___vfprintf_internal_r.str1.4
                0x0000000000810794       0x42 /home/nik/intelFPGA/nios2eds/bin/gnu/H-x86_64-pc-linux-gnu/bin/../lib/gcc/nios2-elf/9.2.1/../../../../../H-x86_64-pc-linux-gnu/nios2-elf/lib/mno-hw-mul/libc.a(lib_a-vfprintf.o)
 *fill*         0x00000000008107d6        0x2 
 .rodata.zeroes.5177
                0x00000000008107d8       0x10 /home/nik/intelFPGA/nios2eds/bin/gnu/H-x86_64-pc-linux-gnu/bin/../lib/gcc/nios2-elf/9.2.1/../../../../../H-x86_64-pc-linux-gnu/nios2-elf/lib/mno-hw-mul/libc.a(lib_a-vfprintf.o)
 .rodata.blanks.5176
                0x00000000008107e8       0x10 /home/nik/intelFPGA/nios2eds/bin/gnu/H-x86_64-pc-linux-gnu/bin/../lib/gcc/nios2-elf/9.2.1/../../../../../H-x86_64-pc-linux-gnu/nios2-elf/lib/mno-hw-mul/libc.a(lib_a-vfprintf.o)
 .rodata._dtoa_r.str1.4
                0x00000000008107f8       0x61 /home/nik/intelFPGA/nios2eds/bin/gnu/H-x86_64-pc-linux-gnu/bin/../lib/gcc/nios2-elf/9.2.1/../../../../../H-x86_64-pc-linux-gnu/nios2-elf/lib/mno-hw-mul/libc.a(lib_a-dtoa.o)
                                         0x65 (size before relaxing)
 *fill*         0x0000000000810859        0x3 
 .rodata.__multadd.str1.4
                0x000000000081085c       0x3e /home/nik/intelFPGA/nios2eds/bin/gnu/H-x86_64-pc-linux-gnu/bin/../lib/gcc/nios2-elf/9.2.1/../../../../../H-x86_64-pc-linux-gnu/nios2-elf/lib/mno-hw-mul/libc.a(lib_a-mprec.o)
                                         0x52 (size before relaxing)
 *fill*         0x000000000081089a        0x2 
 .rodata.p05.3991
                0x000000000081089c        0xc /home/nik/intelFPGA/nios2eds/bin/gnu/H-x86_64-pc-linux-gnu/bin/../lib/gcc/nios2-elf/9.2.1/../../../../../H-x86_64-pc-linux-gnu/nios2-elf/lib/mno-hw-mul/libc.a(lib_a-mprec.o)
 .rodata.__mprec_tinytens
                0x00000000008108a8       0x28 /home/nik/intelFPGA/nios2eds/bin/gnu/H-x86_64-pc-linux-gnu/bin/../lib/gcc/nios2-elf/9.2.1/../../../../../H-x86_64-pc-linux-gnu/nios2-elf/lib/mno-hw-mul/libc.a(lib_a-mprec.o)
                0x00000000008108a8                __mprec_tinytens
 .rodata.__mprec_bigtens
                0x00000000008108d0       0x28 /home/nik/intelFPGA/nios2eds/bin/gnu/H-x86_64-pc-linux-gnu/bin/../lib/gcc/nios2-elf/9.2.1/../../../../../H-x86_64-pc-linux-gnu/nios2-elf/lib/mno-hw-mul/libc.a(lib_a-mprec.o)
                0x00000000008108d0                __mprec_bigtens
 .rodata.__mprec_tens
                0x00000000008108f8       0xc8 /home/nik/intelFPGA/nios2eds/bin/gnu/H-x86_64-pc-linux-gnu/bin/../lib/gcc/nios2-elf/9.2.1/../../../../../H-x86_64-pc-linux-gnu/nios2-elf/lib/mno-hw-mul/libc.a(lib_a-mprec.o)
                0x00000000008108f8                __mprec_tens
 .rodata.___vfiprintf_internal_r.str1.4
                0x00000000008109c0       0x2f /home/nik/intelFPGA/nios2eds/bin/gnu/H-x86_64-pc-linux-gnu/bin/../lib/gcc/nios2-elf/9.2.1/../../../../../H-x86_64-pc-linux-gnu/nios2-elf/lib/mno-hw-mul/libc.a(lib_a-vfiprintf.o)
 .rodata.zeroes.5154
                0x00000000008109c0       0x10 /home/nik/intelFPGA/nios2eds/bin/gnu/H-x86_64-pc-linux-gnu/bin/../lib/gcc/nios2-elf/9.2.1/../../../../../H-x86_64-pc-linux-gnu/nios2-elf/lib/mno-hw-mul/libc.a(lib_a-vfiprintf.o)
 .rodata.blanks.5153
                0x00000000008109d0       0x10 /home/nik/intelFPGA/nios2eds/bin/gnu/H-x86_64-pc-linux-gnu/bin/../lib/gcc/nios2-elf/9.2.1/../../../../../H-x86_64-pc-linux-gnu/nios2-elf/lib/mno-hw-mul/libc.a(lib_a-vfiprintf.o)
 .rodata.__assert_func.str1.4
                0x00000000008109e0       0x3f /home/nik/intelFPGA/nios2eds/bin/gnu/H-x86_64-pc-linux-gnu/bin/../lib/gcc/nios2-elf/9.2.1/../../../../../H-x86_64-pc-linux-gnu/nios2-elf/lib/mno-hw-mul/libc.a(lib_a-assert.o)
                                         0x43 (size before relaxing)
 *fill*         0x0000000000810a1f        0x1 
 .rodata._setlocale_r.str1.4
                0x0000000000810a20        0xa /home/nik/intelFPGA/nios2eds/bin/gnu/H-x86_64-pc-linux-gnu/bin/../lib/gcc/nios2-elf/9.2.1/../../../../../H-x86_64-pc-linux-gnu/nios2-elf/lib/mno-hw-mul/libc.a(lib_a-locale.o)
 *fill*         0x0000000000810a2a        0x2 
 .rodata.str1.4
                0x0000000000810a2c        0x4 /home/nik/intelFPGA/nios2eds/bin/gnu/H-x86_64-pc-linux-gnu/bin/../lib/gcc/nios2-elf/9.2.1/../../../../../H-x86_64-pc-linux-gnu/nios2-elf/lib/mno-hw-mul/libc.a(lib_a-locale.o)
                                          0x5 (size before relaxing)
 .rodata._ctype_
                0x0000000000810a30      0x101 /home/nik/intelFPGA/nios2eds/bin/gnu/H-x86_64-pc-linux-gnu/bin/../lib/gcc/nios2-elf/9.2.1/../../../../../H-x86_64-pc-linux-gnu/nios2-elf/lib/mno-hw-mul/libc.a(lib_a-ctype_.o)
                0x0000000000810a30                _ctype_
 *fill*         0x0000000000810b31        0x3 
 .rodata._ctype_b
                0x0000000000810b34      0x180 /home/nik/intelFPGA/nios2eds/bin/gnu/H-x86_64-pc-linux-gnu/bin/../lib/gcc/nios2-elf/9.2.1/../../../../../H-x86_64-pc-linux-gnu/nios2-elf/lib/mno-hw-mul/libc.a(lib_a-ctype_.o)
                0x0000000000810b34                _ctype_b
 .rodata        0x0000000000810cb4        0xa ../task3_bsp//libhal_bsp.a(alt_dev.o)
 *fill*         0x0000000000810cbe        0x2 
 .rodata        0x0000000000810cc0        0xf ../task3_bsp//libhal_bsp.a(alt_main.o)
 *fill*         0x0000000000810ccf        0x1 
 .rodata        0x0000000000810cd0        0xf ../task3_bsp//libhal_bsp.a(alt_sys_init.o)
 *(.rodata1)
                0x0000000000810ce0                . = ALIGN (0x4)
 *fill*         0x0000000000810cdf        0x1 
                0x0000000000810ce0                PROVIDE (__ram_rodata_end = ABSOLUTE (.))
                0x000000000081061c                PROVIDE (__flash_rodata_start = LOADADDR (.rodata))

.rwdata         0x0000000000810ce0     0x1bd8 load address 0x00000000008128b8
                0x0000000000810ce0                PROVIDE (__ram_rwdata_start = ABSOLUTE (.))
                0x0000000000810ce0                . = ALIGN (0x4)
 *(.got.plt)
 *(.got)
 *(.data1)
 *(.data .data.* .gnu.linkonce.d.*)
 .data          0x0000000000810ce0        0x0 ../task3_bsp//obj/HAL/src/crt0.o
 .data          0x0000000000810ce0        0x0 obj/default/hello_world.o
 .data          0x0000000000810ce0        0x0 /home/nik/intelFPGA/nios2eds/bin/gnu/H-x86_64-pc-linux-gnu/bin/../lib/gcc/nios2-elf/9.2.1/mno-hw-mul/libgcc.a(addsf3.o)
 .data          0x0000000000810ce0        0x0 /home/nik/intelFPGA/nios2eds/bin/gnu/H-x86_64-pc-linux-gnu/bin/../lib/gcc/nios2-elf/9.2.1/mno-hw-mul/libgcc.a(mulsf3.o)
 .data          0x0000000000810ce0        0x0 /home/nik/intelFPGA/nios2eds/bin/gnu/H-x86_64-pc-linux-gnu/bin/../lib/gcc/nios2-elf/9.2.1/mno-hw-mul/libgcc.a(extendsfdf2.o)
 .data          0x0000000000810ce0        0x0 /home/nik/intelFPGA/nios2eds/bin/gnu/H-x86_64-pc-linux-gnu/bin/../lib/gcc/nios2-elf/9.2.1/mno-hw-mul/libgcc.a(_clzsi2.o)
 .data          0x0000000000810ce0        0x0 /home/nik/intelFPGA/nios2eds/bin/gnu/H-x86_64-pc-linux-gnu/bin/../lib/gcc/nios2-elf/9.2.1/mno-hw-mul/libgcc.a(lib2-mul.o)
 .data          0x0000000000810ce0        0x0 /home/nik/intelFPGA/nios2eds/bin/gnu/H-x86_64-pc-linux-gnu/bin/../lib/gcc/nios2-elf/9.2.1/mno-hw-mul/libgcc.a(_clz.o)
 .data          0x0000000000810ce0        0x0 /home/nik/intelFPGA/nios2eds/bin/gnu/H-x86_64-pc-linux-gnu/bin/../lib/gcc/nios2-elf/9.2.1/../../../../../H-x86_64-pc-linux-gnu/nios2-elf/lib/mno-hw-mul/libc.a(lib_a-printf.o)
 .data          0x0000000000810ce0        0x0 /home/nik/intelFPGA/nios2eds/bin/gnu/H-x86_64-pc-linux-gnu/bin/../lib/gcc/nios2-elf/9.2.1/../../../../../H-x86_64-pc-linux-gnu/nios2-elf/lib/mno-hw-mul/libc.a(lib_a-puts.o)
 .data          0x0000000000810ce0        0x0 /home/nik/intelFPGA/nios2eds/bin/gnu/H-x86_64-pc-linux-gnu/bin/../lib/gcc/nios2-elf/9.2.1/../../../../../H-x86_64-pc-linux-gnu/nios2-elf/lib/mno-hw-mul/libc.a(lib_a-strlen.o)
 .data          0x0000000000810ce0        0x0 /home/nik/intelFPGA/nios2eds/bin/gnu/H-x86_64-pc-linux-gnu/bin/../lib/gcc/nios2-elf/9.2.1/../../../../../H-x86_64-pc-linux-gnu/nios2-elf/lib/mno-hw-mul/libc.a(lib_a-vfprintf.o)
 .data          0x0000000000810ce0        0x0 /home/nik/intelFPGA/nios2eds/bin/gnu/H-x86_64-pc-linux-gnu/bin/../lib/gcc/nios2-elf/9.2.1/../../../../../H-x86_64-pc-linux-gnu/nios2-elf/lib/mno-hw-mul/libc.a(lib_a-wsetup.o)
 .data          0x0000000000810ce0        0x0 /home/nik/intelFPGA/nios2eds/bin/gnu/H-x86_64-pc-linux-gnu/bin/../lib/gcc/nios2-elf/9.2.1/../../../../../H-x86_64-pc-linux-gnu/nios2-elf/lib/mno-hw-mul/libc.a(lib_a-dtoa.o)
 .data          0x0000000000810ce0        0x0 /home/nik/intelFPGA/nios2eds/bin/gnu/H-x86_64-pc-linux-gnu/bin/../lib/gcc/nios2-elf/9.2.1/../../../../../H-x86_64-pc-linux-gnu/nios2-elf/lib/mno-hw-mul/libc.a(lib_a-fflush.o)
 .data          0x0000000000810ce0        0x0 /home/nik/intelFPGA/nios2eds/bin/gnu/H-x86_64-pc-linux-gnu/bin/../lib/gcc/nios2-elf/9.2.1/../../../../../H-x86_64-pc-linux-gnu/nios2-elf/lib/mno-hw-mul/libc.a(lib_a-findfp.o)
 .data          0x0000000000810ce0        0x0 /home/nik/intelFPGA/nios2eds/bin/gnu/H-x86_64-pc-linux-gnu/bin/../lib/gcc/nios2-elf/9.2.1/../../../../../H-x86_64-pc-linux-gnu/nios2-elf/lib/mno-hw-mul/libc.a(lib_a-freer.o)
 .data          0x0000000000810ce0        0x0 /home/nik/intelFPGA/nios2eds/bin/gnu/H-x86_64-pc-linux-gnu/bin/../lib/gcc/nios2-elf/9.2.1/../../../../../H-x86_64-pc-linux-gnu/nios2-elf/lib/mno-hw-mul/libc.a(lib_a-fvwrite.o)
 .data          0x0000000000810ce0        0x0 /home/nik/intelFPGA/nios2eds/bin/gnu/H-x86_64-pc-linux-gnu/bin/../lib/gcc/nios2-elf/9.2.1/../../../../../H-x86_64-pc-linux-gnu/nios2-elf/lib/mno-hw-mul/libc.a(lib_a-fwalk.o)
 .data          0x0000000000810ce0        0x0 /home/nik/intelFPGA/nios2eds/bin/gnu/H-x86_64-pc-linux-gnu/bin/../lib/gcc/nios2-elf/9.2.1/../../../../../H-x86_64-pc-linux-gnu/nios2-elf/lib/mno-hw-mul/libc.a(lib_a-impure.o)
 .data.impure_data
                0x0000000000810ce0      0x424 /home/nik/intelFPGA/nios2eds/bin/gnu/H-x86_64-pc-linux-gnu/bin/../lib/gcc/nios2-elf/9.2.1/../../../../../H-x86_64-pc-linux-gnu/nios2-elf/lib/mno-hw-mul/libc.a(lib_a-impure.o)
 .data          0x0000000000811104        0x0 /home/nik/intelFPGA/nios2eds/bin/gnu/H-x86_64-pc-linux-gnu/bin/../lib/gcc/nios2-elf/9.2.1/../../../../../H-x86_64-pc-linux-gnu/nios2-elf/lib/mno-hw-mul/libc.a(lib_a-localeconv.o)
 .data          0x0000000000811104        0x0 /home/nik/intelFPGA/nios2eds/bin/gnu/H-x86_64-pc-linux-gnu/bin/../lib/gcc/nios2-elf/9.2.1/../../../../../H-x86_64-pc-linux-gnu/nios2-elf/lib/mno-hw-mul/libc.a(lib_a-makebuf.o)
 .data          0x0000000000811104        0x0 /home/nik/intelFPGA/nios2eds/bin/gnu/H-x86_64-pc-linux-gnu/bin/../lib/gcc/nios2-elf/9.2.1/../../../../../H-x86_64-pc-linux-gnu/nios2-elf/lib/mno-hw-mul/libc.a(lib_a-mallocr.o)
 .data.__malloc_av_
                0x0000000000811104      0x408 /home/nik/intelFPGA/nios2eds/bin/gnu/H-x86_64-pc-linux-gnu/bin/../lib/gcc/nios2-elf/9.2.1/../../../../../H-x86_64-pc-linux-gnu/nios2-elf/lib/mno-hw-mul/libc.a(lib_a-mallocr.o)
                0x0000000000811104                __malloc_av_
 .data          0x000000000081150c        0x0 /home/nik/intelFPGA/nios2eds/bin/gnu/H-x86_64-pc-linux-gnu/bin/../lib/gcc/nios2-elf/9.2.1/../../../../../H-x86_64-pc-linux-gnu/nios2-elf/lib/mno-hw-mul/libc.a(lib_a-memchr.o)
 .data          0x000000000081150c        0x0 /home/nik/intelFPGA/nios2eds/bin/gnu/H-x86_64-pc-linux-gnu/bin/../lib/gcc/nios2-elf/9.2.1/../../../../../H-x86_64-pc-linux-gnu/nios2-elf/lib/mno-hw-mul/libc.a(lib_a-memcpy.o)
 .data          0x000000000081150c        0x0 /home/nik/intelFPGA/nios2eds/bin/gnu/H-x86_64-pc-linux-gnu/bin/../lib/gcc/nios2-elf/9.2.1/../../../../../H-x86_64-pc-linux-gnu/nios2-elf/lib/mno-hw-mul/libc.a(lib_a-memmove.o)
 .data          0x000000000081150c        0x0 /home/nik/intelFPGA/nios2eds/bin/gnu/H-x86_64-pc-linux-gnu/bin/../lib/gcc/nios2-elf/9.2.1/../../../../../H-x86_64-pc-linux-gnu/nios2-elf/lib/mno-hw-mul/libc.a(lib_a-memset.o)
 .data          0x000000000081150c        0x0 /home/nik/intelFPGA/nios2eds/bin/gnu/H-x86_64-pc-linux-gnu/bin/../lib/gcc/nios2-elf/9.2.1/../../../../../H-x86_64-pc-linux-gnu/nios2-elf/lib/mno-hw-mul/libc.a(lib_a-mprec.o)
 .data          0x000000000081150c        0x0 /home/nik/intelFPGA/nios2eds/bin/gnu/H-x86_64-pc-linux-gnu/bin/../lib/gcc/nios2-elf/9.2.1/../../../../../H-x86_64-pc-linux-gnu/nios2-elf/lib/mno-hw-mul/libc.a(lib_a-reallocr.o)
 .data          0x000000000081150c        0x0 /home/nik/intelFPGA/nios2eds/bin/gnu/H-x86_64-pc-linux-gnu/bin/../lib/gcc/nios2-elf/9.2.1/../../../../../H-x86_64-pc-linux-gnu/nios2-elf/lib/mno-hw-mul/libc.a(lib_a-sbrkr.o)
 .data          0x000000000081150c        0x0 /home/nik/intelFPGA/nios2eds/bin/gnu/H-x86_64-pc-linux-gnu/bin/../lib/gcc/nios2-elf/9.2.1/../../../../../H-x86_64-pc-linux-gnu/nios2-elf/lib/mno-hw-mul/libc.a(lib_a-stdio.o)
 .data          0x000000000081150c        0x0 /home/nik/intelFPGA/nios2eds/bin/gnu/H-x86_64-pc-linux-gnu/bin/../lib/gcc/nios2-elf/9.2.1/../../../../../H-x86_64-pc-linux-gnu/nios2-elf/lib/mno-hw-mul/libc.a(lib_a-vfiprintf.o)
 .data          0x000000000081150c        0x0 /home/nik/intelFPGA/nios2eds/bin/gnu/H-x86_64-pc-linux-gnu/bin/../lib/gcc/nios2-elf/9.2.1/../../../../../H-x86_64-pc-linux-gnu/nios2-elf/lib/mno-hw-mul/libc.a(lib_a-writer.o)
 .data          0x000000000081150c        0x0 /home/nik/intelFPGA/nios2eds/bin/gnu/H-x86_64-pc-linux-gnu/bin/../lib/gcc/nios2-elf/9.2.1/../../../../../H-x86_64-pc-linux-gnu/nios2-elf/lib/mno-hw-mul/libc.a(closer.o)
 .data          0x000000000081150c        0x0 /home/nik/intelFPGA/nios2eds/bin/gnu/H-x86_64-pc-linux-gnu/bin/../lib/gcc/nios2-elf/9.2.1/../../../../../H-x86_64-pc-linux-gnu/nios2-elf/lib/mno-hw-mul/libc.a(lib_a-assert.o)
 .data          0x000000000081150c        0x0 /home/nik/intelFPGA/nios2eds/bin/gnu/H-x86_64-pc-linux-gnu/bin/../lib/gcc/nios2-elf/9.2.1/../../../../../H-x86_64-pc-linux-gnu/nios2-elf/lib/mno-hw-mul/libc.a(lib_a-callocr.o)
 .data          0x000000000081150c        0x0 /home/nik/intelFPGA/nios2eds/bin/gnu/H-x86_64-pc-linux-gnu/bin/../lib/gcc/nios2-elf/9.2.1/../../../../../H-x86_64-pc-linux-gnu/nios2-elf/lib/mno-hw-mul/libc.a(lib_a-fclose.o)
 .data          0x000000000081150c        0x0 /home/nik/intelFPGA/nios2eds/bin/gnu/H-x86_64-pc-linux-gnu/bin/../lib/gcc/nios2-elf/9.2.1/../../../../../H-x86_64-pc-linux-gnu/nios2-elf/lib/mno-hw-mul/libc.a(lib_a-fiprintf.o)
 .data          0x000000000081150c        0x0 /home/nik/intelFPGA/nios2eds/bin/gnu/H-x86_64-pc-linux-gnu/bin/../lib/gcc/nios2-elf/9.2.1/../../../../../H-x86_64-pc-linux-gnu/nios2-elf/lib/mno-hw-mul/libc.a(lib_a-fputwc.o)
 .data          0x000000000081150c        0x0 /home/nik/intelFPGA/nios2eds/bin/gnu/H-x86_64-pc-linux-gnu/bin/../lib/gcc/nios2-elf/9.2.1/../../../../../H-x86_64-pc-linux-gnu/nios2-elf/lib/mno-hw-mul/libc.a(lib_a-fstatr.o)
 .data          0x000000000081150c        0x0 /home/nik/intelFPGA/nios2eds/bin/gnu/H-x86_64-pc-linux-gnu/bin/../lib/gcc/nios2-elf/9.2.1/../../../../../H-x86_64-pc-linux-gnu/nios2-elf/lib/mno-hw-mul/libc.a(lib_a-int_errno.o)
 .data          0x000000000081150c        0x0 /home/nik/intelFPGA/nios2eds/bin/gnu/H-x86_64-pc-linux-gnu/bin/../lib/gcc/nios2-elf/9.2.1/../../../../../H-x86_64-pc-linux-gnu/nios2-elf/lib/mno-hw-mul/libc.a(lib_a-isattyr.o)
 .data          0x000000000081150c        0x0 /home/nik/intelFPGA/nios2eds/bin/gnu/H-x86_64-pc-linux-gnu/bin/../lib/gcc/nios2-elf/9.2.1/../../../../../H-x86_64-pc-linux-gnu/nios2-elf/lib/mno-hw-mul/libc.a(lib_a-locale.o)
 .data.__global_locale
                0x000000000081150c      0x16c /home/nik/intelFPGA/nios2eds/bin/gnu/H-x86_64-pc-linux-gnu/bin/../lib/gcc/nios2-elf/9.2.1/../../../../../H-x86_64-pc-linux-gnu/nios2-elf/lib/mno-hw-mul/libc.a(lib_a-locale.o)
                0x000000000081150c                __global_locale
 .data          0x0000000000811678        0x0 /home/nik/intelFPGA/nios2eds/bin/gnu/H-x86_64-pc-linux-gnu/bin/../lib/gcc/nios2-elf/9.2.1/../../../../../H-x86_64-pc-linux-gnu/nios2-elf/lib/mno-hw-mul/libc.a(lib_a-lseekr.o)
 .data          0x0000000000811678        0x0 /home/nik/intelFPGA/nios2eds/bin/gnu/H-x86_64-pc-linux-gnu/bin/../lib/gcc/nios2-elf/9.2.1/../../../../../H-x86_64-pc-linux-gnu/nios2-elf/lib/mno-hw-mul/libc.a(lib_a-mbtowc_r.o)
 .data          0x0000000000811678        0x0 /home/nik/intelFPGA/nios2eds/bin/gnu/H-x86_64-pc-linux-gnu/bin/../lib/gcc/nios2-elf/9.2.1/../../../../../H-x86_64-pc-linux-gnu/nios2-elf/lib/mno-hw-mul/libc.a(lib_a-readr.o)
 .data          0x0000000000811678        0x0 /home/nik/intelFPGA/nios2eds/bin/gnu/H-x86_64-pc-linux-gnu/bin/../lib/gcc/nios2-elf/9.2.1/../../../../../H-x86_64-pc-linux-gnu/nios2-elf/lib/mno-hw-mul/libc.a(lib_a-strcmp.o)
 .data          0x0000000000811678        0x0 /home/nik/intelFPGA/nios2eds/bin/gnu/H-x86_64-pc-linux-gnu/bin/../lib/gcc/nios2-elf/9.2.1/../../../../../H-x86_64-pc-linux-gnu/nios2-elf/lib/mno-hw-mul/libc.a(lib_a-vfiprintfr_1.o)
 .data          0x0000000000811678        0x0 /home/nik/intelFPGA/nios2eds/bin/gnu/H-x86_64-pc-linux-gnu/bin/../lib/gcc/nios2-elf/9.2.1/../../../../../H-x86_64-pc-linux-gnu/nios2-elf/lib/mno-hw-mul/libc.a(lib_a-wbuf.o)
 .data          0x0000000000811678        0x0 /home/nik/intelFPGA/nios2eds/bin/gnu/H-x86_64-pc-linux-gnu/bin/../lib/gcc/nios2-elf/9.2.1/../../../../../H-x86_64-pc-linux-gnu/nios2-elf/lib/mno-hw-mul/libc.a(lib_a-wcrtomb.o)
 .data          0x0000000000811678        0x0 /home/nik/intelFPGA/nios2eds/bin/gnu/H-x86_64-pc-linux-gnu/bin/../lib/gcc/nios2-elf/9.2.1/../../../../../H-x86_64-pc-linux-gnu/nios2-elf/lib/mno-hw-mul/libc.a(lib_a-wctomb_r.o)
 .data          0x0000000000811678        0x0 /home/nik/intelFPGA/nios2eds/bin/gnu/H-x86_64-pc-linux-gnu/bin/../lib/gcc/nios2-elf/9.2.1/../../../../../H-x86_64-pc-linux-gnu/nios2-elf/lib/mno-hw-mul/libc.a(lib_a-abort.o)
 .data          0x0000000000811678        0x0 /home/nik/intelFPGA/nios2eds/bin/gnu/H-x86_64-pc-linux-gnu/bin/../lib/gcc/nios2-elf/9.2.1/../../../../../H-x86_64-pc-linux-gnu/nios2-elf/lib/mno-hw-mul/libc.a(lib_a-ctype_.o)
 .data          0x0000000000811678        0x0 /home/nik/intelFPGA/nios2eds/bin/gnu/H-x86_64-pc-linux-gnu/bin/../lib/gcc/nios2-elf/9.2.1/../../../../../H-x86_64-pc-linux-gnu/nios2-elf/lib/mno-hw-mul/libc.a(lib_a-signal.o)
 .data          0x0000000000811678        0x0 /home/nik/intelFPGA/nios2eds/bin/gnu/H-x86_64-pc-linux-gnu/bin/../lib/gcc/nios2-elf/9.2.1/../../../../../H-x86_64-pc-linux-gnu/nios2-elf/lib/mno-hw-mul/libc.a(lib_a-signalr.o)
 .data          0x0000000000811678        0x0 /home/nik/intelFPGA/nios2eds/bin/gnu/H-x86_64-pc-linux-gnu/bin/../lib/gcc/nios2-elf/9.2.1/mno-hw-mul/libgcc.a(_udivdi3.o)
 .data          0x0000000000811678        0x0 /home/nik/intelFPGA/nios2eds/bin/gnu/H-x86_64-pc-linux-gnu/bin/../lib/gcc/nios2-elf/9.2.1/mno-hw-mul/libgcc.a(_umoddi3.o)
 .data          0x0000000000811678        0x0 /home/nik/intelFPGA/nios2eds/bin/gnu/H-x86_64-pc-linux-gnu/bin/../lib/gcc/nios2-elf/9.2.1/mno-hw-mul/libgcc.a(lib2-divmod.o)
 .data          0x0000000000811678        0x0 /home/nik/intelFPGA/nios2eds/bin/gnu/H-x86_64-pc-linux-gnu/bin/../lib/gcc/nios2-elf/9.2.1/mno-hw-mul/libgcc.a(adddf3.o)
 .data          0x0000000000811678        0x0 /home/nik/intelFPGA/nios2eds/bin/gnu/H-x86_64-pc-linux-gnu/bin/../lib/gcc/nios2-elf/9.2.1/mno-hw-mul/libgcc.a(divdf3.o)
 .data          0x0000000000811678        0x0 /home/nik/intelFPGA/nios2eds/bin/gnu/H-x86_64-pc-linux-gnu/bin/../lib/gcc/nios2-elf/9.2.1/mno-hw-mul/libgcc.a(eqdf2.o)
 .data          0x0000000000811678        0x0 /home/nik/intelFPGA/nios2eds/bin/gnu/H-x86_64-pc-linux-gnu/bin/../lib/gcc/nios2-elf/9.2.1/mno-hw-mul/libgcc.a(gedf2.o)
 .data          0x0000000000811678        0x0 /home/nik/intelFPGA/nios2eds/bin/gnu/H-x86_64-pc-linux-gnu/bin/../lib/gcc/nios2-elf/9.2.1/mno-hw-mul/libgcc.a(ledf2.o)
 .data          0x0000000000811678        0x0 /home/nik/intelFPGA/nios2eds/bin/gnu/H-x86_64-pc-linux-gnu/bin/../lib/gcc/nios2-elf/9.2.1/mno-hw-mul/libgcc.a(muldf3.o)
 .data          0x0000000000811678        0x0 /home/nik/intelFPGA/nios2eds/bin/gnu/H-x86_64-pc-linux-gnu/bin/../lib/gcc/nios2-elf/9.2.1/mno-hw-mul/libgcc.a(subdf3.o)
 .data          0x0000000000811678        0x0 /home/nik/intelFPGA/nios2eds/bin/gnu/H-x86_64-pc-linux-gnu/bin/../lib/gcc/nios2-elf/9.2.1/mno-hw-mul/libgcc.a(unorddf2.o)
 .data          0x0000000000811678        0x0 /home/nik/intelFPGA/nios2eds/bin/gnu/H-x86_64-pc-linux-gnu/bin/../lib/gcc/nios2-elf/9.2.1/mno-hw-mul/libgcc.a(fixdfsi.o)
 .data          0x0000000000811678        0x0 /home/nik/intelFPGA/nios2eds/bin/gnu/H-x86_64-pc-linux-gnu/bin/../lib/gcc/nios2-elf/9.2.1/mno-hw-mul/libgcc.a(floatsidf.o)
 .data          0x0000000000811678        0x0 /home/nik/intelFPGA/nios2eds/bin/gnu/H-x86_64-pc-linux-gnu/bin/../lib/gcc/nios2-elf/9.2.1/mno-hw-mul/libgcc.a(floatunsidf.o)
 .data          0x0000000000811678        0x0 ../task3_bsp//libhal_bsp.a(alt_close.o)
 .data          0x0000000000811678      0x1a8 ../task3_bsp//libhal_bsp.a(alt_dev.o)
                0x0000000000811678                alt_dev_null
                0x00000000008116a0                alt_fd_list
 .data          0x0000000000811820        0x0 ../task3_bsp//libhal_bsp.a(alt_errno.o)
 .data          0x0000000000811820        0x0 ../task3_bsp//libhal_bsp.a(alt_exit.o)
 .data          0x0000000000811820        0x0 ../task3_bsp//libhal_bsp.a(alt_fstat.o)
 .data          0x0000000000811820        0x0 ../task3_bsp//libhal_bsp.a(alt_getpid.o)
 .data          0x0000000000811820        0x0 ../task3_bsp//libhal_bsp.a(alt_isatty.o)
 .data          0x0000000000811820        0x0 ../task3_bsp//libhal_bsp.a(alt_kill.o)
 .data          0x0000000000811820        0x0 ../task3_bsp//libhal_bsp.a(alt_load.o)
 .data          0x0000000000811820        0x0 ../task3_bsp//libhal_bsp.a(alt_lseek.o)
 .data          0x0000000000811820        0x0 ../task3_bsp//libhal_bsp.a(alt_main.o)
 .data          0x0000000000811820        0x0 ../task3_bsp//libhal_bsp.a(alt_malloc_lock.o)
 .data          0x0000000000811820        0x0 ../task3_bsp//libhal_bsp.a(alt_read.o)
 .data          0x0000000000811820        0x0 ../task3_bsp//libhal_bsp.a(alt_release_fd.o)
 .data          0x0000000000811820        0x0 ../task3_bsp//libhal_bsp.a(alt_sbrk.o)
 .data          0x0000000000811820        0x0 ../task3_bsp//libhal_bsp.a(alt_times.o)
 .data          0x0000000000811820        0x0 ../task3_bsp//libhal_bsp.a(alt_write.o)
 .data          0x0000000000811820     0x1060 ../task3_bsp//libhal_bsp.a(alt_sys_init.o)
 .data          0x0000000000812880        0x0 ../task3_bsp//libhal_bsp.a(altera_avalon_jtag_uart_fd.o)
 .data          0x0000000000812880        0x0 ../task3_bsp//libhal_bsp.a(altera_avalon_jtag_uart_init.o)
 .data          0x0000000000812880        0x0 ../task3_bsp//libhal_bsp.a(altera_avalon_jtag_uart_ioctl.o)
 .data          0x0000000000812880        0x0 ../task3_bsp//libhal_bsp.a(altera_avalon_jtag_uart_read.o)
 .data          0x0000000000812880        0x0 ../task3_bsp//libhal_bsp.a(altera_avalon_jtag_uart_write.o)
 .data          0x0000000000812880        0x0 ../task3_bsp//libhal_bsp.a(altera_avalon_timer_sc.o)
 .data          0x0000000000812880        0x0 ../task3_bsp//libhal_bsp.a(alt_alarm_start.o)
 .data          0x0000000000812880        0x0 ../task3_bsp//libhal_bsp.a(alt_dcache_flush_all.o)
 .data          0x0000000000812880        0x0 ../task3_bsp//libhal_bsp.a(alt_dev_llist_insert.o)
 .data          0x0000000000812880        0x0 ../task3_bsp//libhal_bsp.a(alt_do_ctors.o)
 .data          0x0000000000812880        0x0 ../task3_bsp//libhal_bsp.a(alt_do_dtors.o)
 .data          0x0000000000812880        0x0 ../task3_bsp//libhal_bsp.a(alt_icache_flush_all.o)
 .data          0x0000000000812880        0x0 ../task3_bsp//libhal_bsp.a(alt_iic.o)
 .data          0x0000000000812880        0x0 ../task3_bsp//libhal_bsp.a(alt_iic_isr_register.o)
 .data          0x0000000000812880        0x0 ../task3_bsp//libhal_bsp.a(alt_io_redirect.o)
 .data          0x0000000000812880        0x0 ../task3_bsp//libhal_bsp.a(alt_irq_entry.o)
 .data          0x0000000000812880        0x0 ../task3_bsp//libhal_bsp.a(alt_irq_handler.o)
 .data          0x0000000000812880        0x0 ../task3_bsp//libhal_bsp.a(alt_irq_vars.o)
 .data          0x0000000000812880        0x0 ../task3_bsp//libhal_bsp.a(alt_open.o)
 .data          0x0000000000812880        0x0 ../task3_bsp//libhal_bsp.a(alt_tick.o)
 .data          0x0000000000812880        0x0 ../task3_bsp//libhal_bsp.a(altera_nios2_gen2_irq.o)
 .data          0x0000000000812880        0x0 ../task3_bsp//libhal_bsp.a(alt_exception_entry.o)
 .data          0x0000000000812880        0x0 ../task3_bsp//libhal_bsp.a(alt_find_dev.o)
 .data          0x0000000000812880        0x0 ../task3_bsp//libhal_bsp.a(alt_find_file.o)
 .data          0x0000000000812880        0x0 ../task3_bsp//libhal_bsp.a(alt_get_fd.o)
 .data          0x0000000000812880        0x0 ../task3_bsp//libhal_bsp.a(alt_icache_flush.o)
 .data          0x0000000000812880        0x0 ../task3_bsp//libhal_bsp.a(alt_instruction_exception_entry.o)
 .data          0x0000000000812880        0x0 /home/nik/intelFPGA/nios2eds/bin/gnu/H-x86_64-pc-linux-gnu/bin/../lib/gcc/nios2-elf/9.2.1/../../../../../H-x86_64-pc-linux-gnu/nios2-elf/lib/mno-hw-mul/libc.a(lib_a-atexit.o)
 .data          0x0000000000812880        0x0 /home/nik/intelFPGA/nios2eds/bin/gnu/H-x86_64-pc-linux-gnu/bin/../lib/gcc/nios2-elf/9.2.1/../../../../../H-x86_64-pc-linux-gnu/nios2-elf/lib/mno-hw-mul/libc.a(lib_a-exit.o)
 .data          0x0000000000812880        0x0 /home/nik/intelFPGA/nios2eds/bin/gnu/H-x86_64-pc-linux-gnu/bin/../lib/gcc/nios2-elf/9.2.1/../../../../../H-x86_64-pc-linux-gnu/nios2-elf/lib/mno-hw-mul/libc.a(lib_a-memcmp.o)
 .data          0x0000000000812880        0x0 /home/nik/intelFPGA/nios2eds/bin/gnu/H-x86_64-pc-linux-gnu/bin/../lib/gcc/nios2-elf/9.2.1/../../../../../H-x86_64-pc-linux-gnu/nios2-elf/lib/mno-hw-mul/libc.a(lib_a-__atexit.o)
 .data          0x0000000000812880        0x0 /home/nik/intelFPGA/nios2eds/bin/gnu/H-x86_64-pc-linux-gnu/bin/../lib/gcc/nios2-elf/9.2.1/../../../../../H-x86_64-pc-linux-gnu/nios2-elf/lib/mno-hw-mul/libc.a(lib_a-__call_atexit.o)
                0x000000000081a880                _gp = ABSOLUTE ((. + 0x8000))
                [!provide]                        PROVIDE (gp = _gp)
 *(.rwdata .rwdata.*)
 *(.sdata .sdata.* .gnu.linkonce.s.*)
 .sdata._global_impure_ptr
                0x0000000000812880        0x4 /home/nik/intelFPGA/nios2eds/bin/gnu/H-x86_64-pc-linux-gnu/bin/../lib/gcc/nios2-elf/9.2.1/../../../../../H-x86_64-pc-linux-gnu/nios2-elf/lib/mno-hw-mul/libc.a(lib_a-impure.o)
                0x0000000000812880                _global_impure_ptr
 .sdata._impure_ptr
                0x0000000000812884        0x4 /home/nik/intelFPGA/nios2eds/bin/gnu/H-x86_64-pc-linux-gnu/bin/../lib/gcc/nios2-elf/9.2.1/../../../../../H-x86_64-pc-linux-gnu/nios2-elf/lib/mno-hw-mul/libc.a(lib_a-impure.o)
                0x0000000000812884                _impure_ptr
 .sdata.__malloc_sbrk_base
                0x0000000000812888        0x4 /home/nik/intelFPGA/nios2eds/bin/gnu/H-x86_64-pc-linux-gnu/bin/../lib/gcc/nios2-elf/9.2.1/../../../../../H-x86_64-pc-linux-gnu/nios2-elf/lib/mno-hw-mul/libc.a(lib_a-mallocr.o)
                0x0000000000812888                __malloc_sbrk_base
 .sdata.__malloc_trim_threshold
                0x000000000081288c        0x4 /home/nik/intelFPGA/nios2eds/bin/gnu/H-x86_64-pc-linux-gnu/bin/../lib/gcc/nios2-elf/9.2.1/../../../../../H-x86_64-pc-linux-gnu/nios2-elf/lib/mno-hw-mul/libc.a(lib_a-mallocr.o)