Archive member included to satisfy reference by file (symbol)

/home/nik/intelFPGA/nios2eds/bin/gnu/H-x86_64-pc-linux-gnu/bin/../lib/gcc/nios2-elf/9.2.1/../../../../../H-x86_64-pc-linux-gnu/nios2-elf/lib/mno-hw-mul/libm.a(lib_a-s_cos.o)
                              obj/default/hello_world.o (cos)
/home/nik/intelFPGA/nios2eds/bin/gnu/H-x86_64-pc-linux-gnu/bin/../lib/gcc/nios2-elf/9.2.1/../../../../../H-x86_64-pc-linux-gnu/nios2-elf/lib/mno-hw-mul/libm.a(lib_a-e_rem_pio2.o)
                              /home/nik/intelFPGA/nios2eds/bin/gnu/H-x86_64-pc-linux-gnu/bin/../lib/gcc/nios2-elf/9.2.1/../../../../../H-x86_64-pc-linux-gnu/nios2-elf/lib/mno-hw-mul/libm.a(lib_a-s_cos.o) (__ieee754_rem_pio2)
/home/nik/intelFPGA/nios2eds/bin/gnu/H-x86_64-pc-linux-gnu/bin/../lib/gcc/nios2-elf/9.2.1/../../../../../H-x86_64-pc-linux-gnu/nios2-elf/lib/mno-hw-mul/libm.a(lib_a-k_cos.o)
                              /home/nik/intelFPGA/nios2eds/bin/gnu/H-x86_64-pc-linux-gnu/bin/../lib/gcc/nios2-elf/9.2.1/../../../../../H-x86_64-pc-linux-gnu/nios2-elf/lib/mno-hw-mul/libm.a(lib_a-s_cos.o) (__kernel_cos)
/home/nik/intelFPGA/nios2eds/bin/gnu/H-x86_64-pc-linux-gnu/bin/../lib/gcc/nios2-elf/9.2.1/../../../../../H-x86_64-pc-linux-gnu/nios2-elf/lib/mno-hw-mul/libm.a(lib_a-k_rem_pio2.o)
                              /home/nik/intelFPGA/nios2eds/bin/gnu/H-x86_64-pc-linux-gnu/bin/../lib/gcc/nios2-elf/9.2.1/../../../../../H-x86_64-pc-linux-gnu/nios2-elf/lib/mno-hw-mul/libm.a(lib_a-e_rem_pio2.o) (__kernel_rem_pio2)
/home/nik/intelFPGA/nios2eds/bin/gnu/H-x86_64-pc-linux-gnu/bin/../lib/gcc/nios2-elf/9.2.1/../../../../../H-x86_64-pc-linux-gnu/nios2-elf/lib/mno-hw-mul/libm.a(lib_a-k_sin.o)
                              /home/nik/intelFPGA/nios2eds/bin/gnu/H-x86_64-pc-linux-gnu/bin/../lib/gcc/nios2-elf/9.2.1/../../../../../H-x86_64-pc-linux-gnu/nios2-elf/lib/mno-hw-mul/libm.a(lib_a-s_cos.o) (__kernel_sin)
/home/nik/intelFPGA/nios2eds/bin/gnu/H-x86_64-pc-linux-gnu/bin/../lib/gcc/nios2-elf/9.2.1/../../../../../H-x86_64-pc-linux-gnu/nios2-elf/lib/mno-hw-mul/libm.a(lib_a-s_floor.o)
                              /home/nik/intelFPGA/nios2eds/bin/gnu/H-x86_64-pc-linux-gnu/bin/../lib/gcc/nios2-elf/9.2.1/../../../../../H-x86_64-pc-linux-gnu/nios2-elf/lib/mno-hw-mul/libm.a(lib_a-k_rem_pio2.o) (floor)
/home/nik/intelFPGA/nios2eds/bin/gnu/H-x86_64-pc-linux-gnu/bin/../lib/gcc/nios2-elf/9.2.1/../../../../../H-x86_64-pc-linux-gnu/nios2-elf/lib/mno-hw-mul/libm.a(lib_a-s_scalbn.o)
                              /home/nik/intelFPGA/nios2eds/bin/gnu/H-x86_64-pc-linux-gnu/bin/../lib/gcc/nios2-elf/9.2.1/../../../../../H-x86_64-pc-linux-gnu/nios2-elf/lib/mno-hw-mul/libm.a(lib_a-k_rem_pio2.o) (scalbn)
/home/nik/intelFPGA/nios2eds/bin/gnu/H-x86_64-pc-linux-gnu/bin/../lib/gcc/nios2-elf/9.2.1/mno-hw-mul/libgcc.a(lib2-divmod.o)
                              /home/nik/intelFPGA/nios2eds/bin/gnu/H-x86_64-pc-linux-gnu/bin/../lib/gcc/nios2-elf/9.2.1/../../../../../H-x86_64-pc-linux-gnu/nios2-elf/lib/mno-hw-mul/libm.a(lib_a-k_rem_pio2.o) (__divsi3)
/home/nik/intelFPGA/nios2eds/bin/gnu/H-x86_64-pc-linux-gnu/bin/../lib/gcc/nios2-elf/9.2.1/mno-hw-mul/libgcc.a(addsf3.o)
                              obj/default/hello_world.o (__addsf3)
/home/nik/intelFPGA/nios2eds/bin/gnu/H-x86_64-pc-linux-gnu/bin/../lib/gcc/nios2-elf/9.2.1/mno-hw-mul/libgcc.a(mulsf3.o)
                              obj/default/hello_world.o (__mulsf3)
/home/nik/intelFPGA/nios2eds/bin/gnu/H-x86_64-pc-linux-gnu/bin/../lib/gcc/nios2-elf/9.2.1/mno-hw-mul/libgcc.a(adddf3.o)
                              obj/default/hello_world.o (__adddf3)
/home/nik/intelFPGA/nios2eds/bin/gnu/H-x86_64-pc-linux-gnu/bin/../lib/gcc/nios2-elf/9.2.1/mno-hw-mul/libgcc.a(divdf3.o)
                              obj/default/hello_world.o (__divdf3)
/home/nik/intelFPGA/nios2eds/bin/gnu/H-x86_64-pc-linux-gnu/bin/../lib/gcc/nios2-elf/9.2.1/mno-hw-mul/libgcc.a(eqdf2.o)
                              /home/nik/intelFPGA/nios2eds/bin/gnu/H-x86_64-pc-linux-gnu/bin/../lib/gcc/nios2-elf/9.2.1/../../../../../H-x86_64-pc-linux-gnu/nios2-elf/lib/mno-hw-mul/libm.a(lib_a-e_rem_pio2.o) (__nedf2)
/home/nik/intelFPGA/nios2eds/bin/gnu/H-x86_64-pc-linux-gnu/bin/../lib/gcc/nios2-elf/9.2.1/mno-hw-mul/libgcc.a(gedf2.o)
                              /home/nik/intelFPGA/nios2eds/bin/gnu/H-x86_64-pc-linux-gnu/bin/../lib/gcc/nios2-elf/9.2.1/../../../../../H-x86_64-pc-linux-gnu/nios2-elf/lib/mno-hw-mul/libm.a(lib_a-k_rem_pio2.o) (__gedf2)
/home/nik/intelFPGA/nios2eds/bin/gnu/H-x86_64-pc-linux-gnu/bin/../lib/gcc/nios2-elf/9.2.1/mno-hw-mul/libgcc.a(muldf3.o)
                              obj/default/hello_world.o (__muldf3)
/home/nik/intelFPGA/nios2eds/bin/gnu/H-x86_64-pc-linux-gnu/bin/../lib/gcc/nios2-elf/9.2.1/mno-hw-mul/libgcc.a(subdf3.o)
                              obj/default/hello_world.o (__subdf3)
/home/nik/intelFPGA/nios2eds/bin/gnu/H-x86_64-pc-linux-gnu/bin/../lib/gcc/nios2-elf/9.2.1/mno-hw-mul/libgcc.a(fixdfsi.o)
[...]
Memory Configuration

Name             Origin             Length             Attributes
reset            0x0000000000800000 0x0000000000000020
sdram            0x0000000000800020 0x00000000007fffe0
*default*        0x0000000000000000 0xffffffffffffffff

Linker script and memory map

LOAD ../task4_bsp//obj/HAL/src/crt0.o
LOAD obj/default/hello_world.o
LOAD /home/nik/intelFPGA/nios2eds/bin/gnu/H-x86_64-pc-linux-gnu/bin/../lib/gcc/nios2-elf/9.2.1/../../../../../H-x86_64-pc-linux-gnu/nios2-elf/lib/mno-hw-mul/libstdc++.a
LOAD /home/nik/intelFPGA/nios2eds/bin/gnu/H-x86_64-pc-linux-gnu/bin/../lib/gcc/nios2-elf/9.2.1/../../../../../H-x86_64-pc-linux-gnu/nios2-elf/lib/mno-hw-mul/libm.a
LOAD /home/nik/intelFPGA/nios2eds/bin/gnu/H-x86_64-pc-linux-gnu/bin/../lib/gcc/nios2-elf/9.2.1/mno-hw-mul/libgcc.a
START GROUP
LOAD /home/nik/intelFPGA/nios2eds/bin/gnu/H-x86_64-pc-linux-gnu/bin/../lib/gcc/nios2-elf/9.2.1/../../../../../H-x86_64-pc-linux-gnu/nios2-elf/lib/mno-hw-mul/libc.a
LOAD /home/nik/intelFPGA/nios2eds/bin/gnu/H-x86_64-pc-linux-gnu/bin/../lib/gcc/nios2-elf/9.2.1/mno-hw-mul/libgcc.a
LOAD ../task4_bsp//libhal_bsp.a
LOAD /home/nik/intelFPGA/nios2eds/bin/gnu/H-x86_64-pc-linux-gnu/bin/../lib/gcc/nios2-elf/9.2.1/../../../../../H-x86_64-pc-linux-gnu/nios2-elf/lib/mno-hw-mul/libm.a
END GROUP
LOAD /home/nik/intelFPGA/nios2eds/bin/gnu/H-x86_64-pc-linux-gnu/bin/../lib/gcc/nios2-elf/9.2.1/mno-hw-mul/libgcc.a
                0x0000000000800000                __alt_mem_sdram = 0x800000

.entry          0x0000000000800000       0x20
 *(.entry)
 .entry         0x0000000000800000       0x20 ../task4_bsp//obj/HAL/src/crt0.o
                0x0000000000800000                __reset

.exceptions     0x0000000000800020      0x218
                0x0000000000800020                PROVIDE (__ram_exceptions_start = ABSOLUTE (.))
                0x0000000000800020                . = ALIGN (0x20)
 *(.irq)
 *(.exceptions.entry.label)
 .exceptions.entry.label
                0x0000000000800020        0x0 ../task4_bsp//libhal_bsp.a(alt_irq_entry.o)
                0x0000000000800020                alt_irq_entry
 .exceptions.entry.label
                0x0000000000800020        0x0 ../task4_bsp//libhal_bsp.a(alt_exception_entry.o)
                0x0000000000800020                alt_exception
 *(.exceptions.entry.user)
 *(.exceptions.entry.ecc_fatal)
 *(.exceptions.entry)
 .exceptions.entry
                0x0000000000800020       0x54 ../task4_bsp//libhal_bsp.a(alt_exception_entry.o)
 *(.exceptions.irqtest.user)
 *(.exceptions.irqtest)
 .exceptions.irqtest
                0x0000000000800074       0x10 ../task4_bsp//libhal_bsp.a(alt_irq_entry.o)
 *(.exceptions.irqhandler.user)
 *(.exceptions.irqhandler)
 .exceptions.irqhandler
                0x0000000000800084        0x4 ../task4_bsp//libhal_bsp.a(alt_irq_entry.o)
 *(.exceptions.irqreturn.user)
 *(.exceptions.irqreturn)
 .exceptions.irqreturn
                0x0000000000800088        0x4 ../task4_bsp//libhal_bsp.a(alt_irq_entry.o)
 *(.exceptions.notirq.label)
 .exceptions.notirq.label
                0x000000000080008c        0x0 ../task4_bsp//libhal_bsp.a(alt_irq_entry.o)
 *(.exceptions.notirq.user)
 *(.exceptions.notirq)
 .exceptions.notirq
                0x000000000080008c        0x8 ../task4_bsp//libhal_bsp.a(alt_exception_entry.o)
 *(.exceptions.soft.user)
 *(.exceptions.soft)
 *(.exceptions.unknown.user)
 *(.exceptions.unknown)
 .exceptions.unknown
                0x0000000000800094       0x14 ../task4_bsp//libhal_bsp.a(alt_exception_entry.o)
 *(.exceptions.exit.label)
 .exceptions.exit.label
                0x00000000008000a8        0x0 ../task4_bsp//libhal_bsp.a(alt_irq_entry.o)
 .exceptions.exit.label
                0x00000000008000a8        0x0 ../task4_bsp//libhal_bsp.a(alt_exception_entry.o)
 *(.exceptions.exit.user)
 *(.exceptions.exit)
 .exceptions.exit
                0x00000000008000a8       0x54 ../task4_bsp//libhal_bsp.a(alt_exception_entry.o)
 *(.exceptions)
 .exceptions    0x00000000008000fc       0xc8 ../task4_bsp//libhal_bsp.a(alt_irq_handler.o)
                0x00000000008000fc                alt_irq_handler
 .exceptions    0x00000000008001c4       0x74 ../task4_bsp//libhal_bsp.a(alt_instruction_exception_entry.o)
                0x00000000008001c4                alt_instruction_exception_entry
                0x0000000000800238                PROVIDE (__ram_exceptions_end = ABSOLUTE (.))
                0x0000000000800020                PROVIDE (__flash_exceptions_start = LOADADDR (.exceptions))

.text           0x0000000000800238    0x126a0
                [!provide]                        PROVIDE (stext = ABSOLUTE (.))
 *(.interp)
 *(.hash)
 *(.dynsym)
 *(.dynstr)
 *(.gnu.version)
 *(.gnu.version_d)
 *(.gnu.version_r)
 *(.rel.init)
 *(.rela.init)
 *(.rel.text .rel.text.* .rel.gnu.linkonce.t.*)
 *(.rela.text .rela.text.* .rela.gnu.linkonce.t.*)
 *(.rel.fini)
 *(.rela.fini)
 *(.rel.rodata .rel.rodata.* .rel.gnu.linkonce.r.*)
 *(.rela.rodata .rela.rodata.* .rela.gnu.linkonce.r.*)
 *(.rel.data .rel.data.* .rel.gnu.linkonce.d.*)
 *(.rela.data .rela.data.* .rela.gnu.linkonce.d.*)
 *(.rel.tdata .rel.tdata.* .rel.gnu.linkonce.td.*)
 *(.rela.tdata .rela.tdata.* .rela.gnu.linkonce.td.*)
 *(.rel.tbss .rel.tbss.* .rel.gnu.linkonce.tb.*)
 *(.rela.tbss .rela.tbss.* .rela.gnu.linkonce.tb.*)
 *(.rel.ctors)
 *(.rela.ctors)
 *(.rel.dtors)
 *(.rela.dtors)
 *(.rel.got)
 *(.rela.got)
 *(.rel.sdata .rel.sdata.* .rel.gnu.linkonce.s.*)
 *(.rela.sdata .rela.sdata.* .rela.gnu.linkonce.s.*)
 *(.rel.sbss .rel.sbss.* .rel.gnu.linkonce.sb.*)
 *(.rela.sbss .rela.sbss.* .rela.gnu.linkonce.sb.*)
 *(.rel.sdata2 .rel.sdata2.* .rel.gnu.linkonce.s2.*)
 *(.rela.sdata2 .rela.sdata2.* .rela.gnu.linkonce.s2.*)
 *(.rel.sbss2 .rel.sbss2.* .rel.gnu.linkonce.sb2.*)
 *(.rela.sbss2 .rela.sbss2.* .rela.gnu.linkonce.sb2.*)
 *(.rel.bss .rel.bss.* .rel.gnu.linkonce.b.*)
 *(.rela.bss .rela.bss.* .rela.gnu.linkonce.b.*)
 *(.rel.plt)
 *(.rela.plt)
 *(.rel.dyn)
 *(.init)
 *(.plt)
 *(.text .stub .text.* .gnu.linkonce.t.*)
 .text          0x0000000000800238       0x4c ../task4_bsp//obj/HAL/src/crt0.o
                0x0000000000800238                _start
 .text          0x0000000000800284      0x3e0 obj/default/hello_world.o
                0x0000000000800284                generateVector
                0x0000000000800330                sumVector
                0x0000000000800560                main
 .text          0x0000000000800664        0x0 /home/nik/intelFPGA/nios2eds/bin/gnu/H-x86_64-pc-linux-gnu/bin/../lib/gcc/nios2-elf/9.2.1/../../../../../H-x86_64-pc-linux-gnu/nios2-elf/lib/mno-hw-mul/libm.a(lib_a-s_cos.o)
 .text.cos      0x0000000000800664       0xbc /home/nik/intelFPGA/nios2eds/bin/gnu/H-x86_64-pc-linux-gnu/bin/../lib/gcc/nios2-elf/9.2.1/../../../../../H-x86_64-pc-linux-gnu/nios2-elf/lib/mno-hw-mul/libm.a(lib_a-s_cos.o)
                0x0000000000800664                cos
 .text          0x0000000000800720        0x0 /home/nik/intelFPGA/nios2eds/bin/gnu/H-x86_64-pc-linux-gnu/bin/../lib/gcc/nios2-elf/9.2.1/../../../../../H-x86_64-pc-linux-gnu/nios2-elf/lib/mno-hw-mul/libm.a(lib_a-e_rem_pio2.o)
 .text.__ieee754_rem_pio2
                0x0000000000800720      0x74c /home/nik/intelFPGA/nios2eds/bin/gnu/H-x86_64-pc-linux-gnu/bin/../lib/gcc/nios2-elf/9.2.1/../../../../../H-x86_64-pc-linux-gnu/nios2-elf/lib/mno-hw-mul/libm.a(lib_a-e_rem_pio2.o)
                0x0000000000800720                __ieee754_rem_pio2
 .text          0x0000000000800e6c        0x0 /home/nik/intelFPGA/nios2eds/bin/gnu/H-x86_64-pc-linux-gnu/bin/../lib/gcc/nios2-elf/9.2.1/../../../../../H-x86_64-pc-linux-gnu/nios2-elf/lib/mno-hw-mul/libm.a(lib_a-k_cos.o)
 .text.__kernel_cos
                0x0000000000800e6c      0x4ac /home/nik/intelFPGA/nios2eds/bin/gnu/H-x86_64-pc-linux-gnu/bin/../lib/gcc/nios2-elf/9.2.1/../../../../../H-x86_64-pc-linux-gnu/nios2-elf/lib/mno-hw-mul/libm.a(lib_a-k_cos.o)
                0x0000000000800e6c                __kernel_cos
 .text          0x0000000000801318        0x0 /home/nik/intelFPGA/nios2eds/bin/gnu/H-x86_64-pc-linux-gnu/bin/../lib/gcc/nios2-elf/9.2.1/../../../../../H-x86_64-pc-linux-gnu/nios2-elf/lib/mno-hw-mul/libm.a(lib_a-k_rem_pio2.o)
 .text.__kernel_rem_pio2
                0x0000000000801318      0xcd8 /home/nik/intelFPGA/nios2eds/bin/gnu/H-x86_64-pc-linux-gnu/bin/../lib/gcc/nios2-elf/9.2.1/../../../../../H-x86_64-pc-linux-gnu/nios2-elf/lib/mno-hw-mul/libm.a(lib_a-k_rem_pio2.o)
                0x0000000000801318                __kernel_rem_pio2
 .text          0x0000000000801ff0        0x0 /home/nik/intelFPGA/nios2eds/bin/gnu/H-x86_64-pc-linux-gnu/bin/../lib/gcc/nios2-elf/9.2.1/../../../../../H-x86_64-pc-linux-gnu/nios2-elf/lib/mno-hw-mul/libm.a(lib_a-k_sin.o)
 .text.__kernel_sin
                0x0000000000801ff0      0x2c8 /home/nik/intelFPGA/nios2eds/bin/gnu/H-x86_64-pc-linux-gnu/bin/../lib/gcc/nios2-elf/9.2.1/../../../../../H-x86_64-pc-linux-gnu/nios2-elf/lib/mno-hw-mul/libm.a(lib_a-k_sin.o)
                0x0000000000801ff0                __kernel_sin
 .text          0x00000000008022b8        0x0 /home/nik/intelFPGA/nios2eds/bin/gnu/H-x86_64-pc-linux-gnu/bin/../lib/gcc/nios2-elf/9.2.1/../../../../../H-x86_64-pc-linux-gnu/nios2-elf/lib/mno-hw-mul/libm.a(lib_a-s_floor.o)
 .text.floor    0x00000000008022b8      0x1e4 /home/nik/intelFPGA/nios2eds/bin/gnu/H-x86_64-pc-linux-gnu/bin/../lib/gcc/nios2-elf/9.2.1/../../../../../H-x86_64-pc-linux-gnu/nios2-elf/lib/mno-hw-mul/libm.a(lib_a-s_floor.o)
                0x00000000008022b8                floor
 .text          0x000000000080249c        0x0 /home/nik/intelFPGA/nios2eds/bin/gnu/H-x86_64-pc-linux-gnu/bin/../lib/gcc/nios2-elf/9.2.1/../../../../../H-x86_64-pc-linux-gnu/nios2-elf/lib/mno-hw-mul/libm.a(lib_a-s_scalbn.o)
 .text.scalbn   0x000000000080249c      0x1c0 /home/nik/intelFPGA/nios2eds/bin/gnu/H-x86_64-pc-linux-gnu/bin/../lib/gcc/nios2-elf/9.2.1/../../../../../H-x86_64-pc-linux-gnu/nios2-elf/lib/mno-hw-mul/libm.a(lib_a-s_scalbn.o)
                0x000000000080249c                scalbn
 .text          0x000000000080265c      0x1b4 /home/nik/intelFPGA/nios2eds/bin/gnu/H-x86_64-pc-linux-gnu/bin/../lib/gcc/nios2-elf/9.2.1/mno-hw-mul/libgcc.a(lib2-divmod.o)
                0x000000000080265c                __divsi3
                0x00000000008026dc                __modsi3
                0x0000000000802750                __udivsi3
                0x00000000008027b4                __umodsi3
 .text          0x0000000000802810      0x45c /home/nik/intelFPGA/nios2eds/bin/gnu/H-x86_64-pc-linux-gnu/bin/../lib/gcc/nios2-elf/9.2.1/mno-hw-mul/libgcc.a(addsf3.o)
                0x0000000000802810                __addsf3
 .text          0x0000000000802c6c      0x3fc /home/nik/intelFPGA/nios2eds/bin/gnu/H-x86_64-pc-linux-gnu/bin/../lib/gcc/nios2-elf/9.2.1/mno-hw-mul/libgcc.a(mulsf3.o)
                0x0000000000802c6c                __mulsf3
 .text          0x0000000000803068      0x978 /home/nik/intelFPGA/nios2eds/bin/gnu/H-x86_64-pc-linux-gnu/bin/../lib/gcc/nios2-elf/9.2.1/mno-hw-mul/libgcc.a(adddf3.o)
                0x0000000000803068                __adddf3
 .text          0x00000000008039e0      0x934 /home/nik/intelFPGA/nios2eds/bin/gnu/H-x86_64-pc-linux-gnu/bin/../lib/gcc/nios2-elf/9.2.1/mno-hw-mul/libgcc.a(divdf3.o)
                0x00000000008039e0                __divdf3
 .text          0x0000000000804314       0x80 /home/nik/intelFPGA/nios2eds/bin/gnu/H-x86_64-pc-linux-gnu/bin/../lib/gcc/nios2-elf/9.2.1/mno-hw-mul/libgcc.a(eqdf2.o)
                0x0000000000804314                __eqdf2
                0x0000000000804314                __nedf2
 .text          0x0000000000804394       0xf0 /home/nik/intelFPGA/nios2eds/bin/gnu/H-x86_64-pc-linux-gnu/bin/../lib/gcc/nios2-elf/9.2.1/mno-hw-mul/libgcc.a(gedf2.o)
                0x0000000000804394                __gtdf2
                0x0000000000804394                __gedf2
 .text          0x0000000000804484      0x7a8 /home/nik/intelFPGA/nios2eds/bin/gnu/H-x86_64-pc-linux-gnu/bin/../lib/gcc/nios2-elf/9.2.1/mno-hw-mul/libgcc.a(muldf3.o)
                0x0000000000804484                __muldf3
 .text          0x0000000000804c2c      0x934 /home/nik/intelFPGA/nios2eds/bin/gnu/H-x86_64-pc-linux-gnu/bin/../lib/gcc/nios2-elf/9.2.1/mno-hw-mul/libgcc.a(subdf3.o)
                0x0000000000804c2c                __subdf3
 .text          0x0000000000805560       0x80 /home/nik/intelFPGA/nios2eds/bin/gnu/H-x86_64-pc-linux-gnu/bin/../lib/gcc/nios2-elf/9.2.1/mno-hw-mul/libgcc.a(fixdfsi.o)
                0x0000000000805560                __fixdfsi
 .text          0x00000000008055e0       0xbc /home/nik/intelFPGA/nios2eds/bin/gnu/H-x86_64-pc-linux-gnu/bin/../lib/gcc/nios2-elf/9.2.1/mno-hw-mul/libgcc.a(floatsidf.o)
                0x00000000008055e0                __floatsidf
 .text          0x000000000080569c       0xfc /home/nik/intelFPGA/nios2eds/bin/gnu/H-x86_64-pc-linux-gnu/bin/../lib/gcc/nios2-elf/9.2.1/mno-hw-mul/libgcc.a(extendsfdf2.o)
                0x000000000080569c                __extendsfdf2
 .text          0x0000000000805798      0x170 /home/nik/intelFPGA/nios2eds/bin/gnu/H-x86_64-pc-linux-gnu/bin/../lib/gcc/nios2-elf/9.2.1/mno-hw-mul/libgcc.a(truncdfsf2.o)
                0x0000000000805798                __truncdfsf2
 .text          0x0000000000805908       0x54 /home/nik/intelFPGA/nios2eds/bin/gnu/H-x86_64-pc-linux-gnu/bin/../lib/gcc/nios2-elf/9.2.1/mno-hw-mul/libgcc.a(_clzsi2.o)
                0x0000000000805908                __clzsi2
 .text          0x000000000080595c       0x28 /home/nik/intelFPGA/nios2eds/bin/gnu/H-x86_64-pc-linux-gnu/bin/../lib/gcc/nios2-elf/9.2.1/mno-hw-mul/libgcc.a(lib2-mul.o)
                0x000000000080595c                __mulsi3
 .text          0x0000000000805984        0x0 /home/nik/intelFPGA/nios2eds/bin/gnu/H-x86_64-pc-linux-gnu/bin/../lib/gcc/nios2-elf/9.2.1/mno-hw-mul/libgcc.a(_clz.o)
 .text          0x0000000000805984        0x0 /home/nik/intelFPGA/nios2eds/bin/gnu/H-x86_64-pc-linux-gnu/bin/../lib/gcc/nios2-elf/9.2.1/../../../../../H-x86_64-pc-linux-gnu/nios2-elf/lib/mno-hw-mul/libc.a(lib_a-printf.o)
 .text._printf_r
                0x0000000000805984       0x30 /home/nik/intelFPGA/nios2eds/bin/gnu/H-x86_64-pc-linux-gnu/bin/../lib/gcc/nios2-elf/9.2.1/../../../../../H-x86_64-pc-linux-gnu/nios2-elf/lib/mno-hw-mul/libc.a(lib_a-printf.o)
                0x0000000000805984                _printf_r
 .text.printf   0x00000000008059b4       0x38 /home/nik/intelFPGA/nios2eds/bin/gnu/H-x86_64-pc-linux-gnu/bin/../lib/gcc/nios2-elf/9.2.1/../../../../../H-x86_64-pc-linux-gnu/nios2-elf/lib/mno-hw-mul/libc.a(lib_a-printf.o)
                0x00000000008059b4                printf
 .text          0x00000000008059ec        0x0 /home/nik/intelFPGA/nios2eds/bin/gnu/H-x86_64-pc-linux-gnu/bin/../lib/gcc/nios2-elf/9.2.1/../../../../../H-x86_64-pc-linux-gnu/nios2-elf/lib/mno-hw-mul/libc.a(lib_a-puts.o)
 .text._puts_r  0x00000000008059ec       0xcc /home/nik/intelFPGA/nios2eds/bin/gnu/H-x86_64-pc-linux-gnu/bin/../lib/gcc/nios2-elf/9.2.1/../../../../../H-x86_64-pc-linux-gnu/nios2-elf/lib/mno-hw-mul/libc.a(lib_a-puts.o)
                0x00000000008059ec                _puts_r
 .text.puts     0x0000000000805ab8       0x10 /home/nik/intelFPGA/nios2eds/bin/gnu/H-x86_64-pc-linux-gnu/bin/../lib/gcc/nios2-elf/9.2.1/../../../../../H-x86_64-pc-linux-gnu/nios2-elf/lib/mno-hw-mul/libc.a(lib_a-puts.o)
                0x0000000000805ab8                puts
 .text          0x0000000000805ac8        0x0 /home/nik/intelFPGA/nios2eds/bin/gnu/H-x86_64-pc-linux-gnu/bin/../lib/gcc/nios2-elf/9.2.1/../../../../../H-x86_64-pc-linux-gnu/nios2-elf/lib/mno-hw-mul/libc.a(lib_a-strlen.o)
 .text.strlen   0x0000000000805ac8       0x98 /home/nik/intelFPGA/nios2eds/bin/gnu/H-x86_64-pc-linux-gnu/bin/../lib/gcc/nios2-elf/9.2.1/../../../../../H-x86_64-pc-linux-gnu/nios2-elf/lib/mno-hw-mul/libc.a(lib_a-strlen.o)
                0x0000000000805ac8                strlen
 .text          0x0000000000805b60        0x0 /home/nik/intelFPGA/nios2eds/bin/gnu/H-x86_64-pc-linux-gnu/bin/../lib/gcc/nios2-elf/9.2.1/../../../../../H-x86_64-pc-linux-gnu/nios2-elf/lib/mno-hw-mul/libc.a(lib_a-vfprintf.o)
 .text.___vfprintf_internal_r
                0x0000000000805b60     0x20ec /home/nik/intelFPGA/nios2eds/bin/gnu/H-x86_64-pc-linux-gnu/bin/../lib/gcc/nios2-elf/9.2.1/../../../../../H-x86_64-pc-linux-gnu/nios2-elf/lib/mno-hw-mul/libc.a(lib_a-vfprintf.o)
                0x0000000000805b60                ___vfprintf_internal_r
 .text.__vfprintf_internal
                0x0000000000807c4c       0x1c /home/nik/intelFPGA/nios2eds/bin/gnu/H-x86_64-pc-linux-gnu/bin/../lib/gcc/nios2-elf/9.2.1/../../../../../H-x86_64-pc-linux-gnu/nios2-elf/lib/mno-hw-mul/libc.a(lib_a-vfprintf.o)
                0x0000000000807c4c                __vfprintf_internal
 .text.__sbprintf
                0x0000000000807c68       0xc0 /home/nik/intelFPGA/nios2eds/bin/gnu/H-x86_64-pc-linux-gnu/bin/../lib/gcc/nios2-elf/9.2.1/../../../../../H-x86_64-pc-linux-gnu/nios2-elf/lib/mno-hw-mul/libc.a(lib_a-vfprintf.o)
 .text          0x0000000000807d28        0x0 /home/nik/intelFPGA/nios2eds/bin/gnu/H-x86_64-pc-linux-gnu/bin/../lib/gcc/nios2-elf/9.2.1/../../../../../H-x86_64-pc-linux-gnu/nios2-elf/lib/mno-hw-mul/libc.a(lib_a-wsetup.o)
 .text.__swsetup_r
                0x0000000000807d28      0x15c /home/nik/intelFPGA/nios2eds/bin/gnu/H-x86_64-pc-linux-gnu/bin/../lib/gcc/nios2-elf/9.2.1/../../../../../H-x86_64-pc-linux-gnu/nios2-elf/lib/mno-hw-mul/libc.a(lib_a-wsetup.o)
                0x0000000000807d28                __swsetup_r
 .text          0x0000000000807e84        0x0 /home/nik/intelFPGA/nios2eds/bin/gnu/H-x86_64-pc-linux-gnu/bin/../lib/gcc/nios2-elf/9.2.1/../../../../../H-x86_64-pc-linux-gnu/nios2-elf/lib/mno-hw-mul/libc.a(lib_a-dtoa.o)
 .text.quorem   0x0000000000807e84      0x220 /home/nik/intelFPGA/nios2eds/bin/gnu/H-x86_64-pc-linux-gnu/bin/../lib/gcc/nios2-elf/9.2.1/../../../../../H-x86_64-pc-linux-gnu/nios2-elf/lib/mno-hw-mul/libc.a(lib_a-dtoa.o)
 .text._dtoa_r  0x00000000008080a4     0x1750 /home/nik/intelFPGA/nios2eds/bin/gnu/H-x86_64-pc-linux-gnu/bin/../lib/gcc/nios2-elf/9.2.1/../../../../../H-x86_64-pc-linux-gnu/nios2-elf/lib/mno-hw-mul/libc.a(lib_a-dtoa.o)
                0x00000000008080a4                _dtoa_r
 .text          0x00000000008097f4        0x0 /home/nik/intelFPGA/nios2eds/bin/gnu/H-x86_64-pc-linux-gnu/bin/../lib/gcc/nios2-elf/9.2.1/../../../../../H-x86_64-pc-linux-gnu/nios2-elf/lib/mno-hw-mul/libc.a(lib_a-fflush.o)
 .text.__sflush_r
                0x00000000008097f4      0x228 /home/nik/intelFPGA/nios2eds/bin/gnu/H-x86_64-pc-linux-gnu/bin/../lib/gcc/nios2-elf/9.2.1/../../../../../H-x86_64-pc-linux-gnu/nios2-elf/lib/mno-hw-mul/libc.a(lib_a-fflush.o)
                0x00000000008097f4                __sflush_r
 .text._fflush_r
                0x0000000000809a1c       0x60 /home/nik/intelFPGA/nios2eds/bin/gnu/H-x86_64-pc-linux-gnu/bin/../lib/gcc/nios2-elf/9.2.1/../../../../../H-x86_64-pc-linux-gnu/nios2-elf/lib/mno-hw-mul/libc.a(lib_a-fflush.o)
                0x0000000000809a1c                _fflush_r
 .text.fflush   0x0000000000809a7c       0x28 /home/nik/intelFPGA/nios2eds/bin/gnu/H-x86_64-pc-linux-gnu/bin/../lib/gcc/nios2-elf/9.2.1/../../../../../H-x86_64-pc-linux-gnu/nios2-elf/lib/mno-hw-mul/libc.a(lib_a-fflush.o)
                0x0000000000809a7c                fflush
 .text          0x0000000000809aa4        0x0 /home/nik/intelFPGA/nios2eds/bin/gnu/H-x86_64-pc-linux-gnu/bin/../lib/gcc/nios2-elf/9.2.1/../../../../../H-x86_64-pc-linux-gnu/nios2-elf/lib/mno-hw-mul/libc.a(lib_a-findfp.o)
 .text.__fp_lock
                0x0000000000809aa4        0x8 /home/nik/intelFPGA/nios2eds/bin/gnu/H-x86_64-pc-linux-gnu/bin/../lib/gcc/nios2-elf/9.2.1/../../../../../H-x86_64-pc-linux-gnu/nios2-elf/lib/mno-hw-mul/libc.a(lib_a-findfp.o)
 .text._cleanup_r
                0x0000000000809aac        0xc /home/nik/intelFPGA/nios2eds/bin/gnu/H-x86_64-pc-linux-gnu/bin/../lib/gcc/nios2-elf/9.2.1/../../../../../H-x86_64-pc-linux-gnu/nios2-elf/lib/mno-hw-mul/libc.a(lib_a-findfp.o)
                0x0000000000809aac                _cleanup_r
 .text.__sinit.part.0
                0x0000000000809ab8      0x168 /home/nik/intelFPGA/nios2eds/bin/gnu/H-x86_64-pc-linux-gnu/bin/../lib/gcc/nios2-elf/9.2.1/../../../../../H-x86_64-pc-linux-gnu/nios2-elf/lib/mno-hw-mul/libc.a(lib_a-findfp.o)
 .text.__fp_unlock
                0x0000000000809c20        0x8 /home/nik/intelFPGA/nios2eds/bin/gnu/H-x86_64-pc-linux-gnu/bin/../lib/gcc/nios2-elf/9.2.1/../../../../../H-x86_64-pc-linux-gnu/nios2-elf/lib/mno-hw-mul/libc.a(lib_a-findfp.o)
 .text.__sfmoreglue
                0x0000000000809c28       0x78 /home/nik/intelFPGA/nios2eds/bin/gnu/H-x86_64-pc-linux-gnu/bin/../lib/gcc/nios2-elf/9.2.1/../../../../../H-x86_64-pc-linux-gnu/nios2-elf/lib/mno-hw-mul/libc.a(lib_a-findfp.o)
                0x0000000000809c28                __sfmoreglue
 .text.__sfp    0x0000000000809ca0       0xfc /home/nik/intelFPGA/nios2eds/bin/gnu/H-x86_64-pc-linux-gnu/bin/../lib/gcc/nios2-elf/9.2.1/../../../../../H-x86_64-pc-linux-gnu/nios2-elf/lib/mno-hw-mul/libc.a(lib_a-findfp.o)
                0x0000000000809ca0                __sfp
 .text._cleanup
                0x0000000000809d9c       0x14 /home/nik/intelFPGA/nios2eds/bin/gnu/H-x86_64-pc-linux-gnu/bin/../lib/gcc/nios2-elf/9.2.1/../../../../../H-x86_64-pc-linux-gnu/nios2-elf/lib/mno-hw-mul/libc.a(lib_a-findfp.o)
                0x0000000000809d9c                _cleanup
 .text.__sinit  0x0000000000809db0       0x10 /home/nik/intelFPGA/nios2eds/bin/gnu/H-x86_64-pc-linux-gnu/bin/../lib/gcc/nios2-elf/9.2.1/../../../../../H-x86_64-pc-linux-gnu/nios2-elf/lib/mno-hw-mul/libc.a(lib_a-findfp.o)
                0x0000000000809db0                __sinit
 .text.__sfp_lock_acquire
                0x0000000000809dc0        0x4 /home/nik/intelFPGA/nios2eds/bin/gnu/H-x86_64-pc-linux-gnu/bin/../lib/gcc/nios2-elf/9.2.1/../../../../../H-x86_64-pc-linux-gnu/nios2-elf/lib/mno-hw-mul/libc.a(lib_a-findfp.o)
                0x0000000000809dc0                __sfp_lock_acquire
 .text.__sfp_lock_release
                0x0000000000809dc4        0x4 /home/nik/intelFPGA/nios2eds/bin/gnu/H-x86_64-pc-linux-gnu/bin/../lib/gcc/nios2-elf/9.2.1/../../../../../H-x86_64-pc-linux-gnu/nios2-elf/lib/mno-hw-mul/libc.a(lib_a-findfp.o)
                0x0000000000809dc4                __sfp_lock_release
 .text.__sinit_lock_acquire
                0x0000000000809dc8        0x4 /home/nik/intelFPGA/nios2eds/bin/gnu/H-x86_64-pc-linux-gnu/bin/../lib/gcc/nios2-elf/9.2.1/../../../../../H-x86_64-pc-linux-gnu/nios2-elf/lib/mno-hw-mul/libc.a(lib_a-findfp.o)
                0x0000000000809dc8                __sinit_lock_acquire
 .text.__sinit_lock_release
                0x0000000000809dcc        0x4 /home/nik/intelFPGA/nios2eds/bin/gnu/H-x86_64-pc-linux-gnu/bin/../lib/gcc/nios2-elf/9.2.1/../../../../../H-x86_64-pc-linux-gnu/nios2-elf/lib/mno-hw-mul/libc.a(lib_a-findfp.o)
                0x0000000000809dcc                __sinit_lock_release
 .text.__fp_lock_all
                0x0000000000809dd0       0x14 /home/nik/intelFPGA/nios2eds/bin/gnu/H-x86_64-pc-linux-gnu/bin/../lib/gcc/nios2-elf/9.2.1/../../../../../H-x86_64-pc-linux-gnu/nios2-elf/lib/mno-hw-mul/libc.a(lib_a-findfp.o)
                0x0000000000809dd0                __fp_lock_all
 .text.__fp_unlock_all
                0x0000000000809de4       0x14 /home/nik/intelFPGA/nios2eds/bin/gnu/H-x86_64-pc-linux-gnu/bin/../lib/gcc/nios2-elf/9.2.1/../../../../../H-x86_64-pc-linux-gnu/nios2-elf/lib/mno-hw-mul/libc.a(lib_a-findfp.o)
                0x0000000000809de4                __fp_unlock_all
 .text          0x0000000000809df8        0x0 /home/nik/intelFPGA/nios2eds/bin/gnu/H-x86_64-pc-linux-gnu/bin/../lib/gcc/nios2-elf/9.2.1/../../../../../H-x86_64-pc-linux-gnu/nios2-elf/lib/mno-hw-mul/libc.a(lib_a-freer.o)
 .text._malloc_trim_r
                0x0000000000809df8      0x11c /home/nik/intelFPGA/nios2eds/bin/gnu/H-x86_64-pc-linux-gnu/bin/../lib/gcc/nios2-elf/9.2.1/../../../../../H-x86_64-pc-linux-gnu/nios2-elf/lib/mno-hw-mul/libc.a(lib_a-freer.o)
                0x0000000000809df8                _malloc_trim_r
 .text._free_r  0x0000000000809f14      0x2fc /home/nik/intelFPGA/nios2eds/bin/gnu/H-x86_64-pc-linux-gnu/bin/../lib/gcc/nios2-elf/9.2.1/../../../../../H-x86_64-pc-linux-gnu/nios2-elf/lib/mno-hw-mul/libc.a(lib_a-freer.o)
                0x0000000000809f14                _free_r
 .text          0x000000000080a210        0x0 /home/nik/intelFPGA/nios2eds/bin/gnu/H-x86_64-pc-linux-gnu/bin/../lib/gcc/nios2-elf/9.2.1/../../../../../H-x86_64-pc-linux-gnu/nios2-elf/lib/mno-hw-mul/libc.a(lib_a-fvwrite.o)
 .text.__sfvwrite_r
                0x000000000080a210      0x4cc /home/nik/intelFPGA/nios2eds/bin/gnu/H-x86_64-pc-linux-gnu/bin/../lib/gcc/nios2-elf/9.2.1/../../../../../H-x86_64-pc-linux-gnu/nios2-elf/lib/mno-hw-mul/libc.a(lib_a-fvwrite.o)
                0x000000000080a210                __sfvwrite_r
 .text          0x000000000080a6dc        0x0 /home/nik/intelFPGA/nios2eds/bin/gnu/H-x86_64-pc-linux-gnu/bin/../lib/gcc/nios2-elf/9.2.1/../../../../../H-x86_64-pc-linux-gnu/nios2-elf/lib/mno-hw-mul/libc.a(lib_a-fwalk.o)
 .text._fwalk   0x000000000080a6dc       0x98 /home/nik/intelFPGA/nios2eds/bin/gnu/H-x86_64-pc-linux-gnu/bin/../lib/gcc/nios2-elf/9.2.1/../../../../../H-x86_64-pc-linux-gnu/nios2-elf/lib/mno-hw-mul/libc.a(lib_a-fwalk.o)
                0x000000000080a6dc                _fwalk
 .text._fwalk_reent
                0x000000000080a774       0xa8 /home/nik/intelFPGA/nios2eds/bin/gnu/H-x86_64-pc-linux-gnu/bin/../lib/gcc/nios2-elf/9.2.1/../../../../../H-x86_64-pc-linux-gnu/nios2-elf/lib/mno-hw-mul/libc.a(lib_a-fwalk.o)
                0x000000000080a774                _fwalk_reent
 .text          0x000000000080a81c        0x0 /home/nik/intelFPGA/nios2eds/bin/gnu/H-x86_64-pc-linux-gnu/bin/../lib/gcc/nios2-elf/9.2.1/../../../../../H-x86_64-pc-linux-gnu/nios2-elf/lib/mno-hw-mul/libc.a(lib_a-impure.o)
 .text          0x000000000080a81c        0x0 /home/nik/intelFPGA/nios2eds/bin/gnu/H-x86_64-pc-linux-gnu/bin/../lib/gcc/nios2-elf/9.2.1/../../../../../H-x86_64-pc-linux-gnu/nios2-elf/lib/mno-hw-mul/libc.a(lib_a-localeconv.o)
 .text.__localeconv_l
                0x000000000080a81c        0x8 /home/nik/intelFPGA/nios2eds/bin/gnu/H-x86_64-pc-linux-gnu/bin/../lib/gcc/nios2-elf/9.2.1/../../../../../H-x86_64-pc-linux-gnu/nios2-elf/lib/mno-hw-mul/libc.a(lib_a-localeconv.o)
                0x000000000080a81c                __localeconv_l
 .text._localeconv_r
                0x000000000080a824        0xc /home/nik/intelFPGA/nios2eds/bin/gnu/H-x86_64-pc-linux-gnu/bin/../lib/gcc/nios2-elf/9.2.1/../../../../../H-x86_64-pc-linux-gnu/nios2-elf/lib/mno-hw-mul/libc.a(lib_a-localeconv.o)
                0x000000000080a824                _localeconv_r
 .text.localeconv
                0x000000000080a830        0xc /home/nik/intelFPGA/nios2eds/bin/gnu/H-x86_64-pc-linux-gnu/bin/../lib/gcc/nios2-elf/9.2.1/../../../../../H-x86_64-pc-linux-gnu/nios2-elf/lib/mno-hw-mul/libc.a(lib_a-localeconv.o)
                0x000000000080a830                localeconv
 .text          0x000000000080a83c        0x0 /home/nik/intelFPGA/nios2eds/bin/gnu/H-x86_64-pc-linux-gnu/bin/../lib/gcc/nios2-elf/9.2.1/../../../../../H-x86_64-pc-linux-gnu/nios2-elf/lib/mno-hw-mul/libc.a(lib_a-makebuf.o)
 .text.__swhatbuf_r
                0x000000000080a83c       0x98 /home/nik/intelFPGA/nios2eds/bin/gnu/H-x86_64-pc-linux-gnu/bin/../lib/gcc/nios2-elf/9.2.1/../../../../../H-x86_64-pc-linux-gnu/nios2-elf/lib/mno-hw-mul/libc.a(lib_a-makebuf.o)
                0x000000000080a83c                __swhatbuf_r
 .text.__smakebuf_r
                0x000000000080a8d4      0x140 /home/nik/intelFPGA/nios2eds/bin/gnu/H-x86_64-pc-linux-gnu/bin/../lib/gcc/nios2-elf/9.2.1/../../../../../H-x86_64-pc-linux-gnu/nios2-elf/lib/mno-hw-mul/libc.a(lib_a-makebuf.o)
                0x000000000080a8d4                __smakebuf_r
 .text          0x000000000080aa14        0x0 /home/nik/intelFPGA/nios2eds/bin/gnu/H-x86_64-pc-linux-gnu/bin/../lib/gcc/nios2-elf/9.2.1/../../../../../H-x86_64-pc-linux-gnu/nios2-elf/lib/mno-hw-mul/libc.a(lib_a-mallocr.o)
 .text._malloc_r
                0x000000000080aa14      0x7e0 /home/nik/intelFPGA/nios2eds/bin/gnu/H-x86_64-pc-linux-gnu/bin/../lib/gcc/nios2-elf/9.2.1/../../../../../H-x86_64-pc-linux-gnu/nios2-elf/lib/mno-hw-mul/libc.a(lib_a-mallocr.o)
                0x000000000080aa14                _malloc_r
 .text          0x000000000080b1f4        0x0 /home/nik/intelFPGA/nios2eds/bin/gnu/H-x86_64-pc-linux-gnu/bin/../lib/gcc/nios2-elf/9.2.1/../../../../../H-x86_64-pc-linux-gnu/nios2-elf/lib/mno-hw-mul/libc.a(lib_a-memchr.o)
 .text.memchr   0x000000000080b1f4       0xd4 /home/nik/intelFPGA/nios2eds/bin/gnu/H-x86_64-pc-linux-gnu/bin/../lib/gcc/nios2-elf/9.2.1/../../../../../H-x86_64-pc-linux-gnu/nios2-elf/lib/mno-hw-mul/libc.a(lib_a-memchr.o)
                0x000000000080b1f4                memchr
 .text          0x000000000080b2c8        0x0 /home/nik/intelFPGA/nios2eds/bin/gnu/H-x86_64-pc-linux-gnu/bin/../lib/gcc/nios2-elf/9.2.1/../../../../../H-x86_64-pc-linux-gnu/nios2-elf/lib/mno-hw-mul/libc.a(lib_a-memcpy.o)
 .text.memcpy   0x000000000080b2c8      0x100 /home/nik/intelFPGA/nios2eds/bin/gnu/H-x86_64-pc-linux-gnu/bin/../lib/gcc/nios2-elf/9.2.1/../../../../../H-x86_64-pc-linux-gnu/nios2-elf/lib/mno-hw-mul/libc.a(lib_a-memcpy.o)
                0x000000000080b2c8                memcpy
 .text          0x000000000080b3c8        0x0 /home/nik/intelFPGA/nios2eds/bin/gnu/H-x86_64-pc-linux-gnu/bin/../lib/gcc/nios2-elf/9.2.1/../../../../../H-x86_64-pc-linux-gnu/nios2-elf/lib/mno-hw-mul/libc.a(lib_a-memmove.o)
 .text.memmove  0x000000000080b3c8      0x12c /home/nik/intelFPGA/nios2eds/bin/gnu/H-x86_64-pc-linux-gnu/bin/../lib/gcc/nios2-elf/9.2.1/../../../../../H-x86_64-pc-linux-gnu/nios2-elf/lib/mno-hw-mul/libc.a(lib_a-memmove.o)
                0x000000000080b3c8                memmove
 .text          0x000000000080b4f4        0x0 /home/nik/intelFPGA/nios2eds/bin/gnu/H-x86_64-pc-linux-gnu/bin/../lib/gcc/nios2-elf/9.2.1/../../../../../H-x86_64-pc-linux-gnu/nios2-elf/lib/mno-hw-mul/libc.a(lib_a-memset.o)
 .text.memset   0x000000000080b4f4       0xf0 /home/nik/intelFPGA/nios2eds/bin/gnu/H-x86_64-pc-linux-gnu/bin/../lib/gcc/nios2-elf/9.2.1/../../../../../H-x86_64-pc-linux-gnu/nios2-elf/lib/mno-hw-mul/libc.a(lib_a-memset.o)
                0x000000000080b4f4                memset
 .text          0x000000000080b5e4        0x0 /home/nik/intelFPGA/nios2eds/bin/gnu/H-x86_64-pc-linux-gnu/bin/../lib/gcc/nios2-elf/9.2.1/../../../../../H-x86_64-pc-linux-gnu/nios2-elf/lib/mno-hw-mul/libc.a(lib_a-mprec.o)
 .text._Balloc  0x000000000080b5e4       0xa4 /home/nik/intelFPGA/nios2eds/bin/gnu/H-x86_64-pc-linux-gnu/bin/../lib/gcc/nios2-elf/9.2.1/../../../../../H-x86_64-pc-linux-gnu/nios2-elf/lib/mno-hw-mul/libc.a(lib_a-mprec.o)
                0x000000000080b5e4                _Balloc
 .text._Bfree   0x000000000080b688       0x24 /home/nik/intelFPGA/nios2eds/bin/gnu/H-x86_64-pc-linux-gnu/bin/../lib/gcc/nios2-elf/9.2.1/../../../../../H-x86_64-pc-linux-gnu/nios2-elf/lib/mno-hw-mul/libc.a(lib_a-mprec.o)
                0x000000000080b688                _Bfree
 .text.__multadd
                0x000000000080b6ac      0x15c /home/nik/intelFPGA/nios2eds/bin/gnu/H-x86_64-pc-linux-gnu/bin/../lib/gcc/nios2-elf/9.2.1/../../../../../H-x86_64-pc-linux-gnu/nios2-elf/lib/mno-hw-mul/libc.a(lib_a-mprec.o)
                0x000000000080b6ac                __multadd
 .text.__s2b    0x000000000080b808      0x138 /home/nik/intelFPGA/nios2eds/bin/gnu/H-x86_64-pc-linux-gnu/bin/../lib/gcc/nios2-elf/9.2.1/../../../../../H-x86_64-pc-linux-gnu/nios2-elf/lib/mno-hw-mul/libc.a(lib_a-mprec.o)
                0x000000000080b808                __s2b
 .text.__hi0bits
                0x000000000080b940       0x64 /home/nik/intelFPGA/nios2eds/bin/gnu/H-x86_64-pc-linux-gnu/bin/../lib/gcc/nios2-elf/9.2.1/../../../../../H-x86_64-pc-linux-gnu/nios2-elf/lib/mno-hw-mul/libc.a(lib_a-mprec.o)
                0x000000000080b940                __hi0bits
 .text.__lo0bits
                0x000000000080b9a4       0xb0 /home/nik/intelFPGA/nios2eds/bin/gnu/H-x86_64-pc-linux-gnu/bin/../lib/gcc/nios2-elf/9.2.1/../../../../../H-x86_64-pc-linux-gnu/nios2-elf/lib/mno-hw-mul/libc.a(lib_a-mprec.o)
                0x000000000080b9a4                __lo0bits
 .text.__i2b    0x000000000080ba54       0x54 /home/nik/intelFPGA/nios2eds/bin/gnu/H-x86_64-pc-linux-gnu/bin/../lib/gcc/nios2-elf/9.2.1/../../../../../H-x86_64-pc-linux-gnu/nios2-elf/lib/mno-hw-mul/libc.a(lib_a-mprec.o)
                0x000000000080ba54                __i2b
 .text.__multiply
                0x000000000080baa8      0x2ac /home/nik/intelFPGA/nios2eds/bin/gnu/H-x86_64-pc-linux-gnu/bin/../lib/gcc/nios2-elf/9.2.1/../../../../../H-x86_64-pc-linux-gnu/nios2-elf/lib/mno-hw-mul/libc.a(lib_a-mprec.o)
                0x000000000080baa8                __multiply
 .text.__pow5mult
                0x000000000080bd54      0x118 /home/nik/intelFPGA/nios2eds/bin/gnu/H-x86_64-pc-linux-gnu/bin/../lib/gcc/nios2-elf/9.2.1/../../../../../H-x86_64-pc-linux-gnu/nios2-elf/lib/mno-hw-mul/libc.a(lib_a-mprec.o)
                0x000000000080bd54                __pow5mult
 .text.__lshift
                0x000000000080be6c      0x188 /home/nik/intelFPGA/nios2eds/bin/gnu/H-x86_64-pc-linux-gnu/bin/../lib/gcc/nios2-elf/9.2.1/../../../../../H-x86_64-pc-linux-gnu/nios2-elf/lib/mno-hw-mul/libc.a(lib_a-mprec.o)
                0x000000000080be6c                __lshift
 .text.__mcmp   0x000000000080bff4       0x58 /home/nik/intelFPGA/nios2eds/bin/gnu/H-x86_64-pc-linux-gnu/bin/../lib/gcc/nios2-elf/9.2.1/../../../../../H-x86_64-pc-linux-gnu/nios2-elf/lib/mno-hw-mul/libc.a(lib_a-mprec.o)
                0x000000000080bff4                __mcmp
 .text.__mdiff  0x000000000080c04c      0x22c /home/nik/intelFPGA/nios2eds/bin/gnu/H-x86_64-pc-linux-gnu/bin/../lib/gcc/nios2-elf/9.2.1/../../../../../H-x86_64-pc-linux-gnu/nios2-elf/lib/mno-hw-mul/libc.a(lib_a-mprec.o)
                0x000000000080c04c                __mdiff
 .text.__ulp    0x000000000080c278       0x5c /home/nik/intelFPGA/nios2eds/bin/gnu/H-x86_64-pc-linux-gnu/bin/../lib/gcc/nios2-elf/9.2.1/../../../../../H-x86_64-pc-linux-gnu/nios2-elf/lib/mno-hw-mul/libc.a(lib_a-mprec.o)
                0x000000000080c278                __ulp
 .text.__b2d    0x000000000080c2d4      0x104 /home/nik/intelFPGA/nios2eds/bin/gnu/H-x86_64-pc-linux-gnu/bin/../lib/gcc/nios2-elf/9.2.1/../../../../../H-x86_64-pc-linux-gnu/nios2-elf/lib/mno-hw-mul/libc.a(lib_a-mprec.o)
                0x000000000080c2d4                __b2d
 .text.__d2b    0x000000000080c3d8      0x164 /home/nik/intelFPGA/nios2eds/bin/gnu/H-x86_64-pc-linux-gnu/bin/../lib/gcc/nios2-elf/9.2.1/../../../../../H-x86_64-pc-linux-gnu/nios2-elf/lib/mno-hw-mul/libc.a(lib_a-mprec.o)
                0x000000000080c3d8                __d2b
 .text.__ratio  0x000000000080c53c       0xa4 /home/nik/intelFPGA/nios2eds/bin/gnu/H-x86_64-pc-linux-gnu/bin/../lib/gcc/nios2-elf/9.2.1/../../../../../H-x86_64-pc-linux-gnu/nios2-elf/lib/mno-hw-mul/libc.a(lib_a-mprec.o)
                0x000000000080c53c                __ratio
 .text._mprec_log10
                0x000000000080c5e0       0x70 /home/nik/intelFPGA/nios2eds/bin/gnu/H-x86_64-pc-linux-gnu/bin/../lib/gcc/nios2-elf/9.2.1/../../../../../H-x86_64-pc-linux-gnu/nios2-elf/lib/mno-hw-mul/libc.a(lib_a-mprec.o)
                0x000000000080c5e0                _mprec_log10
 .text.__copybits
                0x000000000080c650       0x6c /home/nik/intelFPGA/nios2eds/bin/gnu/H-x86_64-pc-linux-gnu/bin/../lib/gcc/nios2-elf/9.2.1/../../../../../H-x86_64-pc-linux-gnu/nios2-elf/lib/mno-hw-mul/libc.a(lib_a-mprec.o)
                0x000000000080c650                __copybits
 .text.__any_on
                0x000000000080c6bc       0x60 /home/nik/intelFPGA/nios2eds/bin/gnu/H-x86_64-pc-linux-gnu/bin/../lib/gcc/nios2-elf/9.2.1/../../../../../H-x86_64-pc-linux-gnu/nios2-elf/lib/mno-hw-mul/libc.a(lib_a-mprec.o)
                0x000000000080c6bc                __any_on
 .text          0x000000000080c71c        0x0 /home/nik/intelFPGA/nios2eds/bin/gnu/H-x86_64-pc-linux-gnu/bin/../lib/gcc/nios2-elf/9.2.1/../../../../../H-x86_64-pc-linux-gnu/nios2-elf/lib/mno-hw-mul/libc.a(lib_a-reallocr.o)
 .text._realloc_r
                0x000000000080c71c      0x564 /home/nik/intelFPGA/nios2eds/bin/gnu/H-x86_64-pc-linux-gnu/bin/../lib/gcc/nios2-elf/9.2.1/../../../../../H-x86_64-pc-linux-gnu/nios2-elf/lib/mno-hw-mul/libc.a(lib_a-reallocr.o)
                0x000000000080c71c                _realloc_r
 .text          0x000000000080cc80        0x0 /home/nik/intelFPGA/nios2eds/bin/gnu/H-x86_64-pc-linux-gnu/bin/../lib/gcc/nios2-elf/9.2.1/../../../../../H-x86_64-pc-linux-gnu/nios2-elf/lib/mno-hw-mul/libc.a(lib_a-sbrkr.o)
 .text._sbrk_r  0x000000000080cc80       0x58 /home/nik/intelFPGA/nios2eds/bin/gnu/H-x86_64-pc-linux-gnu/bin/../lib/gcc/nios2-elf/9.2.1/../../../../../H-x86_64-pc-linux-gnu/nios2-elf/lib/mno-hw-mul/libc.a(lib_a-sbrkr.o)
                0x000000000080cc80                _sbrk_r
 .text          0x000000000080ccd8        0x0 /home/nik/intelFPGA/nios2eds/bin/gnu/H-x86_64-pc-linux-gnu/bin/../lib/gcc/nios2-elf/9.2.1/../../../../../H-x86_64-pc-linux-gnu/nios2-elf/lib/mno-hw-mul/libc.a(lib_a-stdio.o)
 .text.__sread  0x000000000080ccd8       0x54 /home/nik/intelFPGA/nios2eds/bin/gnu/H-x86_64-pc-linux-gnu/bin/../lib/gcc/nios2-elf/9.2.1/../../../../../H-x86_64-pc-linux-gnu/nios2-elf/lib/mno-hw-mul/libc.a(lib_a-stdio.o)
                0x000000000080ccd8                __sread
 .text.__seofread
                0x000000000080cd2c        0x8 /home/nik/intelFPGA/nios2eds/bin/gnu/H-x86_64-pc-linux-gnu/bin/../lib/gcc/nios2-elf/9.2.1/../../../../../H-x86_64-pc-linux-gnu/nios2-elf/lib/mno-hw-mul/libc.a(lib_a-stdio.o)
                0x000000000080cd2c                __seofread
 .text.__swrite
                0x000000000080cd34       0x80 /home/nik/intelFPGA/nios2eds/bin/gnu/H-x86_64-pc-linux-gnu/bin/../lib/gcc/nios2-elf/9.2.1/../../../../../H-x86_64-pc-linux-gnu/nios2-elf/lib/mno-hw-mul/libc.a(lib_a-stdio.o)
                0x000000000080cd34                __swrite
 .text.__sseek  0x000000000080cdb4       0x5c /home/nik/intelFPGA/nios2eds/bin/gnu/H-x86_64-pc-linux-gnu/bin/../lib/gcc/nios2-elf/9.2.1/../../../../../H-x86_64-pc-linux-gnu/nios2-elf/lib/mno-hw-mul/libc.a(lib_a-stdio.o)
                0x000000000080cdb4                __sseek
 .text.__sclose
                0x000000000080ce10        0x8 /home/nik/intelFPGA/nios2eds/bin/gnu/H-x86_64-pc-linux-gnu/bin/../lib/gcc/nios2-elf/9.2.1/../../../../../H-x86_64-pc-linux-gnu/nios2-elf/lib/mno-hw-mul/libc.a(lib_a-stdio.o)
                0x000000000080ce10                __sclose
 .text          0x000000000080ce18        0x0 /home/nik/intelFPGA/nios2eds/bin/gnu/H-x86_64-pc-linux-gnu/bin/../lib/gcc/nios2-elf/9.2.1/../../../../../H-x86_64-pc-linux-gnu/nios2-elf/lib/mno-hw-mul/libc.a(lib_a-vfiprintf.o)
 .text.__sprint_r.part.0
                0x000000000080ce18       0xf4 /home/nik/intelFPGA/nios2eds/bin/gnu/H-x86_64-pc-linux-gnu/bin/../lib/gcc/nios2-elf/9.2.1/../../../../../H-x86_64-pc-linux-gnu/nios2-elf/lib/mno-hw-mul/libc.a(lib_a-vfiprintf.o)
 .text.__sprint_r
                0x000000000080cf0c       0x18 /home/nik/intelFPGA/nios2eds/bin/gnu/H-x86_64-pc-linux-gnu/bin/../lib/gcc/nios2-elf/9.2.1/../../../../../H-x86_64-pc-linux-gnu/nios2-elf/lib/mno-hw-mul/libc.a(lib_a-vfiprintf.o)
                0x000000000080cf0c                __sprint_r
 .text.___vfiprintf_internal_r
                0x000000000080cf24     0x1314 /home/nik/intelFPGA/nios2eds/bin/gnu/H-x86_64-pc-linux-gnu/bin/../lib/gcc/nios2-elf/9.2.1/../../../../../H-x86_64-pc-linux-gnu/nios2-elf/lib/mno-hw-mul/libc.a(lib_a-vfiprintf.o)
                0x000000000080cf24                ___vfiprintf_internal_r
 .text.__vfiprintf_internal
                0x000000000080e238       0x1c /home/nik/intelFPGA/nios2eds/bin/gnu/H-x86_64-pc-linux-gnu/bin/../lib/gcc/nios2-elf/9.2.1/../../../../../H-x86_64-pc-linux-gnu/nios2-elf/lib/mno-hw-mul/libc.a(lib_a-vfiprintf.o)
                0x000000000080e238                __vfiprintf_internal
 .text.__sbprintf
                0x000000000080e254       0xc0 /home/nik/intelFPGA/nios2eds/bin/gnu/H-x86_64-pc-linux-gnu/bin/../lib/gcc/nios2-elf/9.2.1/../../../../../H-x86_64-pc-linux-gnu/nios2-elf/lib/mno-hw-mul/libc.a(lib_a-vfiprintf.o)
 .text          0x000000000080e314        0x0 /home/nik/intelFPGA/nios2eds/bin/gnu/H-x86_64-pc-linux-gnu/bin/../lib/gcc/nios2-elf/9.2.1/../../../../../H-x86_64-pc-linux-gnu/nios2-elf/lib/mno-hw-mul/libc.a(lib_a-writer.o)
 .text._write_r
                0x000000000080e314       0x64 /home/nik/intelFPGA/nios2eds/bin/gnu/H-x86_64-pc-linux-gnu/bin/../lib/gcc/nios2-elf/9.2.1/../../../../../H-x86_64-pc-linux-gnu/nios2-elf/lib/mno-hw-mul/libc.a(lib_a-writer.o)
                0x000000000080e314                _write_r
 .text          0x000000000080e378        0x0 /home/nik/intelFPGA/nios2eds/bin/gnu/H-x86_64-pc-linux-gnu/bin/../lib/gcc/nios2-elf/9.2.1/../../../../../H-x86_64-pc-linux-gnu/nios2-elf/lib/mno-hw-mul/libc.a(closer.o)
 .text._close_r
                0x000000000080e378       0x58 /home/nik/intelFPGA/nios2eds/bin/gnu/H-x86_64-pc-linux-gnu/bin/../lib/gcc/nios2-elf/9.2.1/../../../../../H-x86_64-pc-linux-gnu/nios2-elf/lib/mno-hw-mul/libc.a(closer.o)
                0x000000000080e378                _close_r
 .text          0x000000000080e3d0        0x0 /home/nik/intelFPGA/nios2eds/bin/gnu/H-x86_64-pc-linux-gnu/bin/../lib/gcc/nios2-elf/9.2.1/../../../../../H-x86_64-pc-linux-gnu/nios2-elf/lib/mno-hw-mul/libc.a(lib_a-assert.o)
 .text.__assert_func
                0x000000000080e3d0       0x64 /home/nik/intelFPGA/nios2eds/bin/gnu/H-x86_64-pc-linux-gnu/bin/../lib/gcc/nios2-elf/9.2.1/../../../../../H-x86_64-pc-linux-gnu/nios2-elf/lib/mno-hw-mul/libc.a(lib_a-assert.o)
                0x000000000080e3d0                __assert_func
 .text.__assert
                0x000000000080e434       0x14 /home/nik/intelFPGA/nios2eds/bin/gnu/H-x86_64-pc-linux-gnu/bin/../lib/gcc/nios2-elf/9.2.1/../../../../../H-x86_64-pc-linux-gnu/nios2-elf/lib/mno-hw-mul/libc.a(lib_a-assert.o)
                0x000000000080e434                __assert
 .text          0x000000000080e448        0x0 /home/nik/intelFPGA/nios2eds/bin/gnu/H-x86_64-pc-linux-gnu/bin/../lib/gcc/nios2-elf/9.2.1/../../../../../H-x86_64-pc-linux-gnu/nios2-elf/lib/mno-hw-mul/libc.a(lib_a-callocr.o)
 .text._calloc_r
                0x000000000080e448       0xc4 /home/nik/intelFPGA/nios2eds/bin/gnu/H-x86_64-pc-linux-gnu/bin/../lib/gcc/nios2-elf/9.2.1/../../../../../H-x86_64-pc-linux-gnu/nios2-elf/lib/mno-hw-mul/libc.a(lib_a-callocr.o)
                0x000000000080e448                _calloc_r
 .text          0x000000000080e50c        0x0 /home/nik/intelFPGA/nios2eds/bin/gnu/H-x86_64-pc-linux-gnu/bin/../lib/gcc/nios2-elf/9.2.1/../../../../../H-x86_64-pc-linux-gnu/nios2-elf/lib/mno-hw-mul/libc.a(lib_a-fclose.o)
 .text._fclose_r
                0x000000000080e50c       0xf8 /home/nik/intelFPGA/nios2eds/bin/gnu/H-x86_64-pc-linux-gnu/bin/../lib/gcc/nios2-elf/9.2.1/../../../../../H-x86_64-pc-linux-gnu/nios2-elf/lib/mno-hw-mul/libc.a(lib_a-fclose.o)
                0x000000000080e50c                _fclose_r
 .text.fclose   0x000000000080e604       0x10 /home/nik/intelFPGA/nios2eds/bin/gnu/H-x86_64-pc-linux-gnu/bin/../lib/gcc/nios2-elf/9.2.1/../../../../../H-x86_64-pc-linux-gnu/nios2-elf/lib/mno-hw-mul/libc.a(lib_a-fclose.o)
                0x000000000080e604                fclose
 .text          0x000000000080e614        0x0 /home/nik/intelFPGA/nios2eds/bin/gnu/H-x86_64-pc-linux-gnu/bin/../lib/gcc/nios2-elf/9.2.1/../../../../../H-x86_64-pc-linux-gnu/nios2-elf/lib/mno-hw-mul/libc.a(lib_a-fiprintf.o)
 .text._fiprintf_r
                0x000000000080e614       0x20 /home/nik/intelFPGA/nios2eds/bin/gnu/H-x86_64-pc-linux-gnu/bin/../lib/gcc/nios2-elf/9.2.1/../../../../../H-x86_64-pc-linux-gnu/nios2-elf/lib/mno-hw-mul/libc.a(lib_a-fiprintf.o)
                0x000000000080e614                _fiprintf_r
 .text.fiprintf
                0x000000000080e634       0x38 /home/nik/intelFPGA/nios2eds/bin/gnu/H-x86_64-pc-linux-gnu/bin/../lib/gcc/nios2-elf/9.2.1/../../../../../H-x86_64-pc-linux-gnu/nios2-elf/lib/mno-hw-mul/libc.a(lib_a-fiprintf.o)
                0x000000000080e634                fiprintf
 .text          0x000000000080e66c        0x0 /home/nik/intelFPGA/nios2eds/bin/gnu/H-x86_64-pc-linux-gnu/bin/../lib/gcc/nios2-elf/9.2.1/../../../../../H-x86_64-pc-linux-gnu/nios2-elf/lib/mno-hw-mul/libc.a(lib_a-fputwc.o)
 .text.__fputwc
                0x000000000080e66c      0x164 /home/nik/intelFPGA/nios2eds/bin/gnu/H-x86_64-pc-linux-gnu/bin/../lib/gcc/nios2-elf/9.2.1/../../../../../H-x86_64-pc-linux-gnu/nios2-elf/lib/mno-hw-mul/libc.a(lib_a-fputwc.o)
                0x000000000080e66c                __fputwc
 .text._fputwc_r
                0x000000000080e7d0       0x24 /home/nik/intelFPGA/nios2eds/bin/gnu/H-x86_64-pc-linux-gnu/bin/../lib/gcc/nios2-elf/9.2.1/../../../../../H-x86_64-pc-linux-gnu/nios2-elf/lib/mno-hw-mul/libc.a(lib_a-fputwc.o)
                0x000000000080e7d0                _fputwc_r
 .text.fputwc   0x000000000080e7f4       0x78 /home/nik/intelFPGA/nios2eds/bin/gnu/H-x86_64-pc-linux-gnu/bin/../lib/gcc/nios2-elf/9.2.1/../../../../../H-x86_64-pc-linux-gnu/nios2-elf/lib/mno-hw-mul/libc.a(lib_a-fputwc.o)
                0x000000000080e7f4                fputwc
 .text          0x000000000080e86c        0x0 /home/nik/intelFPGA/nios2eds/bin/gnu/H-x86_64-pc-linux-gnu/bin/../lib/gcc/nios2-elf/9.2.1/../../../../../H-x86_64-pc-linux-gnu/nios2-elf/lib/mno-hw-mul/libc.a(lib_a-fstatr.o)
 .text._fstat_r
                0x000000000080e86c       0x60 /home/nik/intelFPGA/nios2eds/bin/gnu/H-x86_64-pc-linux-gnu/bin/../lib/gcc/nios2-elf/9.2.1/../../../../../H-x86_64-pc-linux-gnu/nios2-elf/lib/mno-hw-mul/libc.a(lib_a-fstatr.o)
                0x000000000080e86c                _fstat_r
 .text          0x000000000080e8cc        0x0 /home/nik/intelFPGA/nios2eds/bin/gnu/H-x86_64-pc-linux-gnu/bin/../lib/gcc/nios2-elf/9.2.1/../../../../../H-x86_64-pc-linux-gnu/nios2-elf/lib/mno-hw-mul/libc.a(lib_a-int_errno.o)
 .text          0x000000000080e8cc        0x0 /home/nik/intelFPGA/nios2eds/bin/gnu/H-x86_64-pc-linux-gnu/bin/../lib/gcc/nios2-elf/9.2.1/../../../../../H-x86_64-pc-linux-gnu/nios2-elf/lib/mno-hw-mul/libc.a(lib_a-isattyr.o)
 .text._isatty_r
                0x000000000080e8cc       0x58 /home/nik/intelFPGA/nios2eds/bin/gnu/H-x86_64-pc-linux-gnu/bin/../lib/gcc/nios2-elf/9.2.1/../../../../../H-x86_64-pc-linux-gnu/nios2-elf/lib/mno-hw-mul/libc.a(lib_a-isattyr.o)
                0x000000000080e8cc                _isatty_r
 .text          0x000000000080e924        0x0 /home/nik/intelFPGA/nios2eds/bin/gnu/H-x86_64-pc-linux-gnu/bin/../lib/gcc/nios2-elf/9.2.1/../../../../../H-x86_64-pc-linux-gnu/nios2-elf/lib/mno-hw-mul/libc.a(lib_a-locale.o)
 .text._setlocale_r
                0x000000000080e924       0x74 /home/nik/intelFPGA/nios2eds/bin/gnu/H-x86_64-pc-linux-gnu/bin/../lib/gcc/nios2-elf/9.2.1/../../../../../H-x86_64-pc-linux-gnu/nios2-elf/lib/mno-hw-mul/libc.a(lib_a-locale.o)
                0x000000000080e924                _setlocale_r
 .text.__locale_mb_cur_max
                0x000000000080e998        0xc /home/nik/intelFPGA/nios2eds/bin/gnu/H-x86_64-pc-linux-gnu/bin/../lib/gcc/nios2-elf/9.2.1/../../../../../H-x86_64-pc-linux-gnu/nios2-elf/lib/mno-hw-mul/libc.a(lib_a-locale.o)
                0x000000000080e998                __locale_mb_cur_max
 .text.setlocale
                0x000000000080e9a4       0x18 /home/nik/intelFPGA/nios2eds/bin/gnu/H-x86_64-pc-linux-gnu/bin/../lib/gcc/nios2-elf/9.2.1/../../../../../H-x86_64-pc-linux-gnu/nios2-elf/lib/mno-hw-mul/libc.a(lib_a-locale.o)
                0x000000000080e9a4                setlocale
 .text          0x000000000080e9bc        0x0 /home/nik/intelFPGA/nios2eds/bin/gnu/H-x86_64-pc-linux-gnu/bin/../lib/gcc/nios2-elf/9.2.1/../../../../../H-x86_64-pc-linux-gnu/nios2-elf/lib/mno-hw-mul/libc.a(lib_a-lseekr.o)
 .text._lseek_r
                0x000000000080e9bc       0x64 /home/nik/intelFPGA/nios2eds/bin/gnu/H-x86_64-pc-linux-gnu/bin/../lib/gcc/nios2-elf/9.2.1/../../../../../H-x86_64-pc-linux-gnu/nios2-elf/lib/mno-hw-mul/libc.a(lib_a-lseekr.o)
                0x000000000080e9bc                _lseek_r
 .text          0x000000000080ea20        0x0 /home/nik/intelFPGA/nios2eds/bin/gnu/H-x86_64-pc-linux-gnu/bin/../lib/gcc/nios2-elf/9.2.1/../../../../../H-x86_64-pc-linux-gnu/nios2-elf/lib/mno-hw-mul/libc.a(lib_a-mbtowc_r.o)
 .text._mbtowc_r
                0x000000000080ea20        0xc /home/nik/intelFPGA/nios2eds/bin/gnu/H-x86_64-pc-linux-gnu/bin/../lib/gcc/nios2-elf/9.2.1/../../../../../H-x86_64-pc-linux-gnu/nios2-elf/lib/mno-hw-mul/libc.a(lib_a-mbtowc_r.o)
                0x000000000080ea20                _mbtowc_r
 .text.__ascii_mbtowc
                0x000000000080ea2c       0x44 /home/nik/intelFPGA/nios2eds/bin/gnu/H-x86_64-pc-linux-gnu/bin/../lib/gcc/nios2-elf/9.2.1/../../../../../H-x86_64-pc-linux-gnu/nios2-elf/lib/mno-hw-mul/libc.a(lib_a-mbtowc_r.o)
                0x000000000080ea2c                __ascii_mbtowc
 .text          0x000000000080ea70        0x0 /home/nik/intelFPGA/nios2eds/bin/gnu/H-x86_64-pc-linux-gnu/bin/../lib/gcc/nios2-elf/9.2.1/../../../../../H-x86_64-pc-linux-gnu/nios2-elf/lib/mno-hw-mul/libc.a(lib_a-readr.o)
 .text._read_r  0x000000000080ea70       0x64 /home/nik/intelFPGA/nios2eds/bin/gnu/H-x86_64-pc-linux-gnu/bin/../lib/gcc/nios2-elf/9.2.1/../../../../../H-x86_64-pc-linux-gnu/nios2-elf/lib/mno-hw-mul/libc.a(lib_a-readr.o)
                0x000000000080ea70                _read_r
 .text          0x000000000080ead4        0x0 /home/nik/intelFPGA/nios2eds/bin/gnu/H-x86_64-pc-linux-gnu/bin/../lib/gcc/nios2-elf/9.2.1/../../../../../H-x86_64-pc-linux-gnu/nios2-elf/lib/mno-hw-mul/libc.a(lib_a-strcmp.o)
 .text.strcmp   0x000000000080ead4       0xb8 /home/nik/intelFPGA/nios2eds/bin/gnu/H-x86_64-pc-linux-gnu/bin/../lib/gcc/nios2-elf/9.2.1/../../../../../H-x86_64-pc-linux-gnu/nios2-elf/lib/mno-hw-mul/libc.a(lib_a-strcmp.o)
                0x000000000080ead4                strcmp
 .text          0x000000000080eb8c        0x0 /home/nik/intelFPGA/nios2eds/bin/gnu/H-x86_64-pc-linux-gnu/bin/../lib/gcc/nios2-elf/9.2.1/../../../../../H-x86_64-pc-linux-gnu/nios2-elf/lib/mno-hw-mul/libc.a(lib_a-vfiprintfr_1.o)
 .text._vfiprintf_r
                0x000000000080eb8c        0x4 /home/nik/intelFPGA/nios2eds/bin/gnu/H-x86_64-pc-linux-gnu/bin/../lib/gcc/nios2-elf/9.2.1/../../../../../H-x86_64-pc-linux-gnu/nios2-elf/lib/mno-hw-mul/libc.a(lib_a-vfiprintfr_1.o)
                0x000000000080eb8c                _vfiprintf_r
 .text          0x000000000080eb90        0x0 /home/nik/intelFPGA/nios2eds/bin/gnu/H-x86_64-pc-linux-gnu/bin/../lib/gcc/nios2-elf/9.2.1/../../../../../H-x86_64-pc-linux-gnu/nios2-elf/lib/mno-hw-mul/libc.a(lib_a-wbuf.o)
 .text.__swbuf_r
                0x000000000080eb90      0x148 /home/nik/intelFPGA/nios2eds/bin/gnu/H-x86_64-pc-linux-gnu/bin/../lib/gcc/nios2-elf/9.2.1/../../../../../H-x86_64-pc-linux-gnu/nios2-elf/lib/mno-hw-mul/libc.a(lib_a-wbuf.o)
                0x000000000080eb90                __swbuf_r
 .text.__swbuf  0x000000000080ecd8       0x18 /home/nik/intelFPGA/nios2eds/bin/gnu/H-x86_64-pc-linux-gnu/bin/../lib/gcc/nios2-elf/9.2.1/../../../../../H-x86_64-pc-linux-gnu/nios2-elf/lib/mno-hw-mul/libc.a(lib_a-wbuf.o)
                0x000000000080ecd8                __swbuf
 .text          0x000000000080ecf0        0x0 /home/nik/intelFPGA/nios2eds/bin/gnu/H-x86_64-pc-linux-gnu/bin/../lib/gcc/nios2-elf/9.2.1/../../../../../H-x86_64-pc-linux-gnu/nios2-elf/lib/mno-hw-mul/libc.a(lib_a-wcrtomb.o)
 .text._wcrtomb_r
                0x000000000080ecf0       0x6c /home/nik/intelFPGA/nios2eds/bin/gnu/H-x86_64-pc-linux-gnu/bin/../lib/gcc/nios2-elf/9.2.1/../../../../../H-x86_64-pc-linux-gnu/nios2-elf/lib/mno-hw-mul/libc.a(lib_a-wcrtomb.o)
                0x000000000080ecf0                _wcrtomb_r
 .text.wcrtomb  0x000000000080ed5c       0x88 /home/nik/intelFPGA/nios2eds/bin/gnu/H-x86_64-pc-linux-gnu/bin/../lib/gcc/nios2-elf/9.2.1/../../../../../H-x86_64-pc-linux-gnu/nios2-elf/lib/mno-hw-mul/libc.a(lib_a-wcrtomb.o)
                0x000000000080ed5c                wcrtomb
 .text          0x000000000080ede4        0x0 /home/nik/intelFPGA/nios2eds/bin/gnu/H-x86_64-pc-linux-gnu/bin/../lib/gcc/nios2-elf/9.2.1/../../../../../H-x86_64-pc-linux-gnu/nios2-elf/lib/mno-hw-mul/libc.a(lib_a-wctomb_r.o)
 .text._wctomb_r
                0x000000000080ede4        0xc /home/nik/intelFPGA/nios2eds/bin/gnu/H-x86_64-pc-linux-gnu/bin/../lib/gcc/nios2-elf/9.2.1/../../../../../H-x86_64-pc-linux-gnu/nios2-elf/lib/mno-hw-mul/libc.a(lib_a-wctomb_r.o)
                0x000000000080ede4                _wctomb_r
 .text.__ascii_wctomb
                0x000000000080edf0       0x30 /home/nik/intelFPGA/nios2eds/bin/gnu/H-x86_64-pc-linux-gnu/bin/../lib/gcc/nios2-elf/9.2.1/../../../../../H-x86_64-pc-linux-gnu/nios2-elf/lib/mno-hw-mul/libc.a(lib_a-wctomb_r.o)
                0x000000000080edf0                __ascii_wctomb
 .text          0x000000000080ee20        0x0 /home/nik/intelFPGA/nios2eds/bin/gnu/H-x86_64-pc-linux-gnu/bin/../lib/gcc/nios2-elf/9.2.1/../../../../../H-x86_64-pc-linux-gnu/nios2-elf/lib/mno-hw-mul/libc.a(lib_a-abort.o)
 .text.unlikely.abort
                0x000000000080ee20       0x18 /home/nik/intelFPGA/nios2eds/bin/gnu/H-x86_64-pc-linux-gnu/bin/../lib/gcc/nios2-elf/9.2.1/../../../../../H-x86_64-pc-linux-gnu/nios2-elf/lib/mno-hw-mul/libc.a(lib_a-abort.o)
                0x000000000080ee20                abort
 .text          0x000000000080ee38        0x0 /home/nik/intelFPGA/nios2eds/bin/gnu/H-x86_64-pc-linux-gnu/bin/../lib/gcc/nios2-elf/9.2.1/../../../../../H-x86_64-pc-linux-gnu/nios2-elf/lib/mno-hw-mul/libc.a(lib_a-ctype_.o)
 .text          0x000000000080ee38        0x0 /home/nik/intelFPGA/nios2eds/bin/gnu/H-x86_64-pc-linux-gnu/bin/../lib/gcc/nios2-elf/9.2.1/../../../../../H-x86_64-pc-linux-gnu/nios2-elf/lib/mno-hw-mul/libc.a(lib_a-signal.o)
 .text._init_signal_r.part.0
                0x000000000080ee38       0x4c /home/nik/intelFPGA/nios2eds/bin/gnu/H-x86_64-pc-linux-gnu/bin/../lib/gcc/nios2-elf/9.2.1/../../../../../H-x86_64-pc-linux-gnu/nios2-elf/lib/mno-hw-mul/libc.a(lib_a-signal.o)
 .text._init_signal_r
                0x000000000080ee84       0x14 /home/nik/intelFPGA/nios2eds/bin/gnu/H-x86_64-pc-linux-gnu/bin/../lib/gcc/nios2-elf/9.2.1/../../../../../H-x86_64-pc-linux-gnu/nios2-elf/lib/mno-hw-mul/libc.a(lib_a-signal.o)
                0x000000000080ee84                _init_signal_r
 .text._signal_r
                0x000000000080ee98       0x84 /home/nik/intelFPGA/nios2eds/bin/gnu/H-x86_64-pc-linux-gnu/bin/../lib/gcc/nios2-elf/9.2.1/../../../../../H-x86_64-pc-linux-gnu/nios2-elf/lib/mno-hw-mul/libc.a(lib_a-signal.o)
                0x000000000080ee98                _signal_r
 .text._raise_r
                0x000000000080ef1c       0xc4 /home/nik/intelFPGA/nios2eds/bin/gnu/H-x86_64-pc-linux-gnu/bin/../lib/gcc/nios2-elf/9.2.1/../../../../../H-x86_64-pc-linux-gnu/nios2-elf/lib/mno-hw-mul/libc.a(lib_a-signal.o)
                0x000000000080ef1c                _raise_r
 .text.__sigtramp_r
                0x000000000080efe0       0xb8 /home/nik/intelFPGA/nios2eds/bin/gnu/H-x86_64-pc-linux-gnu/bin/../lib/gcc/nios2-elf/9.2.1/../../../../../H-x86_64-pc-linux-gnu/nios2-elf/lib/mno-hw-mul/libc.a(lib_a-signal.o)
                0x000000000080efe0                __sigtramp_r
 .text.raise    0x000000000080f098       0x10 /home/nik/intelFPGA/nios2eds/bin/gnu/H-x86_64-pc-linux-gnu/bin/../lib/gcc/nios2-elf/9.2.1/../../../../../H-x86_64-pc-linux-gnu/nios2-elf/lib/mno-hw-mul/libc.a(lib_a-signal.o)
                0x000000000080f098                raise
 .text.signal   0x000000000080f0a8       0x18 /home/nik/intelFPGA/nios2eds/bin/gnu/H-x86_64-pc-linux-gnu/bin/../lib/gcc/nios2-elf/9.2.1/../../../../../H-x86_64-pc-linux-gnu/nios2-elf/lib/mno-hw-mul/libc.a(lib_a-signal.o)
                0x000000000080f0a8                signal
 .text._init_signal
                0x000000000080f0c0       0x1c /home/nik/intelFPGA/nios2eds/bin/gnu/H-x86_64-pc-linux-gnu/bin/../lib/gcc/nios2-elf/9.2.1/../../../../../H-x86_64-pc-linux-gnu/nios2-elf/lib/mno-hw-mul/libc.a(lib_a-signal.o)
                0x000000000080f0c0                _init_signal
 .text.__sigtramp
                0x000000000080f0dc       0x10 /home/nik/intelFPGA/nios2eds/bin/gnu/H-x86_64-pc-linux-gnu/bin/../lib/gcc/nios2-elf/9.2.1/../../../../../H-x86_64-pc-linux-gnu/nios2-elf/lib/mno-hw-mul/libc.a(lib_a-signal.o)
                0x000000000080f0dc                __sigtramp
 .text          0x000000000080f0ec        0x0 /home/nik/intelFPGA/nios2eds/bin/gnu/H-x86_64-pc-linux-gnu/bin/../lib/gcc/nios2-elf/9.2.1/../../../../../H-x86_64-pc-linux-gnu/nios2-elf/lib/mno-hw-mul/libc.a(lib_a-signalr.o)
 .text._kill_r  0x000000000080f0ec       0x60 /home/nik/intelFPGA/nios2eds/bin/gnu/H-x86_64-pc-linux-gnu/bin/../lib/gcc/nios2-elf/9.2.1/../../../../../H-x86_64-pc-linux-gnu/nios2-elf/lib/mno-hw-mul/libc.a(lib_a-signalr.o)
                0x000000000080f0ec                _kill_r
 .text._getpid_r
                0x000000000080f14c        0x4 /home/nik/intelFPGA/nios2eds/bin/gnu/H-x86_64-pc-linux-gnu/bin/../lib/gcc/nios2-elf/9.2.1/../../../../../H-x86_64-pc-linux-gnu/nios2-elf/lib/mno-hw-mul/libc.a(lib_a-signalr.o)
                0x000000000080f14c                _getpid_r
 .text          0x000000000080f150      0x61c /home/nik/intelFPGA/nios2eds/bin/gnu/H-x86_64-pc-linux-gnu/bin/../lib/gcc/nios2-elf/9.2.1/mno-hw-mul/libgcc.a(_udivdi3.o)
                0x000000000080f150                __udivdi3
 .text          0x000000000080f76c      0x5c4 /home/nik/intelFPGA/nios2eds/bin/gnu/H-x86_64-pc-linux-gnu/bin/../lib/gcc/nios2-elf/9.2.1/mno-hw-mul/libgcc.a(_umoddi3.o)
                0x000000000080f76c                __umoddi3
 .text          0x000000000080fd30       0xf0 /home/nik/intelFPGA/nios2eds/bin/gnu/H-x86_64-pc-linux-gnu/bin/../lib/gcc/nios2-elf/9.2.1/mno-hw-mul/libgcc.a(ledf2.o)
                0x000000000080fd30                __ltdf2
                0x000000000080fd30                __ledf2
 .text          0x000000000080fe20       0x54 /home/nik/intelFPGA/nios2eds/bin/gnu/H-x86_64-pc-linux-gnu/bin/../lib/gcc/nios2-elf/9.2.1/mno-hw-mul/libgcc.a(unorddf2.o)
                0x000000000080fe20                __unorddf2
 .text          0x000000000080fe74       0x90 /home/nik/intelFPGA/nios2eds/bin/gnu/H-x86_64-pc-linux-gnu/bin/../lib/gcc/nios2-elf/9.2.1/mno-hw-mul/libgcc.a(floatunsidf.o)
                0x000000000080fe74                __floatunsidf
 .text          0x000000000080ff04      0x118 ../task4_bsp//libhal_bsp.a(alt_close.o)
                0x000000000080ff40                close
 .text          0x000000000081001c       0x2c ../task4_bsp//libhal_bsp.a(alt_dev.o)
 .text          0x0000000000810048        0x0 ../task4_bsp//libhal_bsp.a(alt_errno.o)
 .text          0x0000000000810048       0x38 ../task4_bsp//libhal_bsp.a(alt_exit.o)
                0x0000000000810048                _exit
 .text          0x0000000000810080       0xf8 ../task4_bsp//libhal_bsp.a(alt_fstat.o)
                0x00000000008100bc                fstat
 .text          0x0000000000810178       0x20 ../task4_bsp//libhal_bsp.a(alt_getpid.o)
                0x0000000000810178                getpid
 .text          0x0000000000810198       0xec ../task4_bsp//libhal_bsp.a(alt_isatty.o)
                0x00000000008101d4                isatty
 .text          0x0000000000810284      0x168 ../task4_bsp//libhal_bsp.a(alt_kill.o)
                0x00000000008102c0                kill
 .text          0x00000000008103ec       0xec ../task4_bsp//libhal_bsp.a(alt_load.o)
                0x0000000000810454                alt_load
 .text          0x00000000008104d8      0x11c ../task4_bsp//libhal_bsp.a(alt_lseek.o)
                0x0000000000810514                lseek
 .text          0x00000000008105f4       0x7c ../task4_bsp//libhal_bsp.a(alt_main.o)
                0x00000000008105f4                alt_main
 .text          0x0000000000810670       0x48 ../task4_bsp//libhal_bsp.a(alt_malloc_lock.o)
                0x0000000000810670                __malloc_lock
                0x0000000000810694                __malloc_unlock
 .text          0x00000000008106b8      0x144 ../task4_bsp//libhal_bsp.a(alt_read.o)
                0x00000000008106f4                read
 .text          0x00000000008107fc       0x70 ../task4_bsp//libhal_bsp.a(alt_release_fd.o)
                0x00000000008107fc                alt_release_fd
 .text          0x000000000081086c       0xb8 ../task4_bsp//libhal_bsp.a(alt_sbrk.o)
                0x000000000081086c                sbrk
 .text          0x0000000000810924       0xb4 ../task4_bsp//libhal_bsp.a(alt_times.o)
                0x0000000000810960                times
 .text          0x00000000008109d8      0x140 ../task4_bsp//libhal_bsp.a(alt_write.o)
                0x0000000000810a14                write
 .text          0x0000000000810b18       0xd4 ../task4_bsp//libhal_bsp.a(alt_sys_init.o)
                0x0000000000810b4c                alt_irq_init
                0x0000000000810b88                alt_sys_init
 .text          0x0000000000810bec      0x164 ../task4_bsp//libhal_bsp.a(altera_avalon_jtag_uart_fd.o)
                0x0000000000810bec                altera_avalon_jtag_uart_read_fd
                0x0000000000810c4c                altera_avalon_jtag_uart_write_fd
                0x0000000000810cac                altera_avalon_jtag_uart_close_fd
                0x0000000000810cfc                altera_avalon_jtag_uart_ioctl_fd
 .text          0x0000000000810d50      0x3d4 ../task4_bsp//libhal_bsp.a(altera_avalon_jtag_uart_init.o)
                0x0000000000810d50                altera_avalon_jtag_uart_init
                0x00000000008110bc                altera_avalon_jtag_uart_close
 .text          0x0000000000811124       0xf4 ../task4_bsp//libhal_bsp.a(altera_avalon_jtag_uart_ioctl.o)
                0x0000000000811124                altera_avalon_jtag_uart_ioctl
 .text          0x0000000000811218      0x220 ../task4_bsp//libhal_bsp.a(altera_avalon_jtag_uart_read.o)
                0x0000000000811218                altera_avalon_jtag_uart_read
 .text          0x0000000000811438      0x228 ../task4_bsp//libhal_bsp.a(altera_avalon_jtag_uart_write.o)
                0x0000000000811438                altera_avalon_jtag_uart_write
 .text          0x0000000000811660      0x100 ../task4_bsp//libhal_bsp.a(altera_avalon_timer_sc.o)
                0x00000000008116dc                alt_avalon_timer_sc_init
 .text          0x0000000000811760      0x134 ../task4_bsp//libhal_bsp.a(alt_alarm_start.o)
                0x0000000000811760                alt_alarm_start
 .text          0x0000000000811894       0x4c ../task4_bsp//libhal_bsp.a(alt_dcache_flush_all.o)
                0x0000000000811894                alt_dcache_flush_all
 .text          0x00000000008118e0       0xe4 ../task4_bsp//libhal_bsp.a(alt_dev_llist_insert.o)
                0x000000000081191c                alt_dev_llist_insert
 .text          0x00000000008119c4       0x64 ../task4_bsp//libhal_bsp.a(alt_do_ctors.o)
                0x00000000008119c4                _do_ctors
 .text          0x0000000000811a28       0x64 ../task4_bsp//libhal_bsp.a(alt_do_dtors.o)
                0x0000000000811a28                _do_dtors
 .text          0x0000000000811a8c       0x34 ../task4_bsp//libhal_bsp.a(alt_icache_flush_all.o)
                0x0000000000811a8c                alt_icache_flush_all
 .text          0x0000000000811ac0      0x1b0 ../task4_bsp//libhal_bsp.a(alt_iic.o)
                0x0000000000811ac0                alt_ic_isr_register
                0x0000000000811b10                alt_ic_irq_enable
                0x0000000000811b98                alt_ic_irq_disable
                0x0000000000811c24                alt_ic_irq_enabled
 .text          0x0000000000811c70       0xe8 ../task4_bsp//libhal_bsp.a(alt_iic_isr_register.o)
                0x0000000000811c70                alt_iic_isr_register
 .text          0x0000000000811d58      0x150 ../task4_bsp//libhal_bsp.a(alt_io_redirect.o)
                0x0000000000811e2c                alt_io_redirect
 .text          0x0000000000811ea8        0x0 ../task4_bsp//libhal_bsp.a(alt_irq_entry.o)
 .text          0x0000000000811ea8        0x0 ../task4_bsp//libhal_bsp.a(alt_irq_handler.o)
 .text          0x0000000000811ea8        0x0 ../task4_bsp//libhal_bsp.a(alt_irq_vars.o)
 .text          0x0000000000811ea8      0x278 ../task4_bsp//libhal_bsp.a(alt_open.o)
                0x0000000000811fc0                open
 .text          0x0000000000812120      0x1ac ../task4_bsp//libhal_bsp.a(alt_tick.o)
                0x0000000000812120                alt_alarm_stop
                0x00000000008121c4                alt_tick
 .text          0x00000000008122cc       0x24 ../task4_bsp//libhal_bsp.a(altera_nios2_gen2_irq.o)
                0x00000000008122cc                altera_nios2_gen2_irq_init
 .text          0x00000000008122f0        0x0 ../task4_bsp//libhal_bsp.a(alt_exception_entry.o)
 .text          0x00000000008122f0       0x90 ../task4_bsp//libhal_bsp.a(alt_find_dev.o)
                0x00000000008122f0                alt_find_dev
 .text          0x0000000000812380      0x108 ../task4_bsp//libhal_bsp.a(alt_find_file.o)
                0x0000000000812380                alt_find_file
 .text          0x0000000000812488       0xb8 ../task4_bsp//libhal_bsp.a(alt_get_fd.o)
                0x0000000000812488                alt_get_fd
 .text          0x0000000000812540       0x90 ../task4_bsp//libhal_bsp.a(alt_icache_flush.o)
                0x0000000000812540                alt_icache_flush
 .text          0x00000000008125d0       0x98 ../task4_bsp//libhal_bsp.a(alt_instruction_exception_entry.o)
                0x00000000008125d0                alt_exception_cause_generated_bad_addr
 .text          0x0000000000812668        0x0 /home/nik/intelFPGA/nios2eds/bin/gnu/H-x86_64-pc-linux-gnu/bin/../lib/gcc/nios2-elf/9.2.1/../../../../../H-x86_64-pc-linux-gnu/nios2-elf/lib/mno-hw-mul/libc.a(lib_a-atexit.o)
 .text.atexit   0x0000000000812668       0x14 /home/nik/intelFPGA/nios2eds/bin/gnu/H-x86_64-pc-linux-gnu/bin/../lib/gcc/nios2-elf/9.2.1/../../../../../H-x86_64-pc-linux-gnu/nios2-elf/lib/mno-hw-mul/libc.a(lib_a-atexit.o)
                0x0000000000812668                atexit
 .text          0x000000000081267c        0x0 /home/nik/intelFPGA/nios2eds/bin/gnu/H-x86_64-pc-linux-gnu/bin/../lib/gcc/nios2-elf/9.2.1/../../../../../H-x86_64-pc-linux-gnu/nios2-elf/lib/mno-hw-mul/libc.a(lib_a-exit.o)
 .text.exit     0x000000000081267c       0x34 /home/nik/intelFPGA/nios2eds/bin/gnu/H-x86_64-pc-linux-gnu/bin/../lib/gcc/nios2-elf/9.2.1/../../../../../H-x86_64-pc-linux-gnu/nios2-elf/lib/mno-hw-mul/libc.a(lib_a-exit.o)
                0x000000000081267c                exit
 .text          0x00000000008126b0        0x0 /home/nik/intelFPGA/nios2eds/bin/gnu/H-x86_64-pc-linux-gnu/bin/../lib/gcc/nios2-elf/9.2.1/../../../../../H-x86_64-pc-linux-gnu/nios2-elf/lib/mno-hw-mul/libc.a(lib_a-memcmp.o)
 .text.memcmp   0x00000000008126b0       0x78 /home/nik/intelFPGA/nios2eds/bin/gnu/H-x86_64-pc-linux-gnu/bin/../lib/gcc/nios2-elf/9.2.1/../../../../../H-x86_64-pc-linux-gnu/nios2-elf/lib/mno-hw-mul/libc.a(lib_a-memcmp.o)
                0x00000000008126b0                memcmp
 .text          0x0000000000812728        0x0 /home/nik/intelFPGA/nios2eds/bin/gnu/H-x86_64-pc-linux-gnu/bin/../lib/gcc/nios2-elf/9.2.1/../../../../../H-x86_64-pc-linux-gnu/nios2-elf/lib/mno-hw-mul/libc.a(lib_a-__atexit.o)
 .text.__register_exitproc
                0x0000000000812728       0x90 /home/nik/intelFPGA/nios2eds/bin/gnu/H-x86_64-pc-linux-gnu/bin/../lib/gcc/nios2-elf/9.2.1/../../../../../H-x86_64-pc-linux-gnu/nios2-elf/lib/mno-hw-mul/libc.a(lib_a-__atexit.o)
                0x0000000000812728                __register_exitproc
 .text          0x00000000008127b8        0x0 /home/nik/intelFPGA/nios2eds/bin/gnu/H-x86_64-pc-linux-gnu/bin/../lib/gcc/nios2-elf/9.2.1/../../../../../H-x86_64-pc-linux-gnu/nios2-elf/lib/mno-hw-mul/libc.a(lib_a-__call_atexit.o)
 .text.__call_exitprocs
                0x00000000008127b8      0x120 /home/nik/intelFPGA/nios2eds/bin/gnu/H-x86_64-pc-linux-gnu/bin/../lib/gcc/nios2-elf/9.2.1/../../../../../H-x86_64-pc-linux-gnu/nios2-elf/lib/mno-hw-mul/libc.a(lib_a-__call_atexit.o)
                0x00000000008127b8                __call_exitprocs
 *(.gnu.warning.*)
 *(.fini)
                [!provide]                        PROVIDE (__etext = ABSOLUTE (.))
                [!provide]                        PROVIDE (_etext = ABSOLUTE (.))
                [!provide]                        PROVIDE (etext = ABSOLUTE (.))
 *(.eh_frame_hdr)
                0x00000000008128d8                . = ALIGN (0x4)
                [!provide]                        PROVIDE (__preinit_array_start = ABSOLUTE (.))
 *(.preinit_array)
                [!provide]                        PROVIDE (__preinit_array_end = ABSOLUTE (.))
                [!provide]                        PROVIDE (__init_array_start = ABSOLUTE (.))
 *(.init_array)
                [!provide]                        PROVIDE (__init_array_end = ABSOLUTE (.))
                [!provide]                        PROVIDE (__fini_array_start = ABSOLUTE (.))
 *(.fini_array)
                [!provide]                        PROVIDE (__fini_array_end = ABSOLUTE (.))
 *(.eh_frame)
 *(.gcc_except_table .gcc_except_table.*)
 *(.dynamic)
                0x00000000008128d8                PROVIDE (__CTOR_LIST__ = ABSOLUTE (.))
 *(.ctors)
 *(SORT_BY_NAME(.ctors.*))
                0x00000000008128d8                PROVIDE (__CTOR_END__ = ABSOLUTE (.))
                0x00000000008128d8                PROVIDE (__DTOR_LIST__ = ABSOLUTE (.))
 *(.dtors)
 *(SORT_BY_NAME(.dtors.*))
                0x00000000008128d8                PROVIDE (__DTOR_END__ = ABSOLUTE (.))
 *(.jcr)
                0x00000000008128d8                . = ALIGN (0x4)

.rodata         0x00000000008128d8      0x890
                0x00000000008128d8                PROVIDE (__ram_rodata_start = ABSOLUTE (.))
                0x00000000008128d8                . = ALIGN (0x4)
 *(.rodata .rodata.* .gnu.linkonce.r.*)
 .rodata        0x00000000008128d8       0x68 obj/default/hello_world.o
 .rodata.npio2_hw
                0x0000000000812940       0x80 /home/nik/intelFPGA/nios2eds/bin/gnu/H-x86_64-pc-linux-gnu/bin/../lib/gcc/nios2-elf/9.2.1/../../../../../H-x86_64-pc-linux-gnu/nios2-elf/lib/mno-hw-mul/libm.a(lib_a-e_rem_pio2.o)
 .rodata.two_over_pi
                0x00000000008129c0      0x108 /home/nik/intelFPGA/nios2eds/bin/gnu/H-x86_64-pc-linux-gnu/bin/../lib/gcc/nios2-elf/9.2.1/../../../../../H-x86_64-pc-linux-gnu/nios2-elf/lib/mno-hw-mul/libm.a(lib_a-e_rem_pio2.o)
 .rodata.PIo2   0x0000000000812ac8       0x40 /home/nik/intelFPGA/nios2eds/bin/gnu/H-x86_64-pc-linux-gnu/bin/../lib/gcc/nios2-elf/9.2.1/../../../../../H-x86_64-pc-linux-gnu/nios2-elf/lib/mno-hw-mul/libm.a(lib_a-k_rem_pio2.o)
 .rodata.init_jk
                0x0000000000812b08       0x10 /home/nik/intelFPGA/nios2eds/bin/gnu/H-x86_64-pc-linux-gnu/bin/../lib/gcc/nios2-elf/9.2.1/../../../../../H-x86_64-pc-linux-gnu/nios2-elf/lib/mno-hw-mul/libm.a(lib_a-k_rem_pio2.o)
 .rodata        0x0000000000812b18      0x100 /home/nik/intelFPGA/nios2eds/bin/gnu/H-x86_64-pc-linux-gnu/bin/../lib/gcc/nios2-elf/9.2.1/mno-hw-mul/libgcc.a(_clz.o)
                0x0000000000812b18                __clz_tab
 .rodata._puts_r.str1.4
                0x0000000000812c18        0x2 /home/nik/intelFPGA/nios2eds/bin/gnu/H-x86_64-pc-linux-gnu/bin/../lib/gcc/nios2-elf/9.2.1/../../../../../H-x86_64-pc-linux-gnu/nios2-elf/lib/mno-hw-mul/libc.a(lib_a-puts.o)
 *fill*         0x0000000000812c1a        0x2 
 .rodata.___vfprintf_internal_r.str1.4
                0x0000000000812c1c       0x42 /home/nik/intelFPGA/nios2eds/bin/gnu/H-x86_64-pc-linux-gnu/bin/../lib/gcc/nios2-elf/9.2.1/../../../../../H-x86_64-pc-linux-gnu/nios2-elf/lib/mno-hw-mul/libc.a(lib_a-vfprintf.o)
 *fill*         0x0000000000812c5e        0x2 
 .rodata.zeroes.5177
                0x0000000000812c60       0x10 /home/nik/intelFPGA/nios2eds/bin/gnu/H-x86_64-pc-linux-gnu/bin/../lib/gcc/nios2-elf/9.2.1/../../../../../H-x86_64-pc-linux-gnu/nios2-elf/lib/mno-hw-mul/libc.a(lib_a-vfprintf.o)
 .rodata.blanks.5176
                0x0000000000812c70       0x10 /home/nik/intelFPGA/nios2eds/bin/gnu/H-x86_64-pc-linux-gnu/bin/../lib/gcc/nios2-elf/9.2.1/../../../../../H-x86_64-pc-linux-gnu/nios2-elf/lib/mno-hw-mul/libc.a(lib_a-vfprintf.o)
 .rodata._dtoa_r.str1.4
                0x0000000000812c80       0x61 /home/nik/intelFPGA/nios2eds/bin/gnu/H-x86_64-pc-linux-gnu/bin/../lib/gcc/nios2-elf/9.2.1/../../../../../H-x86_64-pc-linux-gnu/nios2-elf/lib/mno-hw-mul/libc.a(lib_a-dtoa.o)
                                         0x65 (size before relaxing)
 *fill*         0x0000000000812ce1        0x3 
 .rodata.__multadd.str1.4
                0x0000000000812ce4       0x3e /home/nik/intelFPGA/nios2eds/bin/gnu/H-x86_64-pc-linux-gnu/bin/../lib/gcc/nios2-elf/9.2.1/../../../../../H-x86_64-pc-linux-gnu/nios2-elf/lib/mno-hw-mul/libc.a(lib_a-mprec.o)
                                         0x52 (size before relaxing)
 *fill*         0x0000000000812d22        0x2 
 .rodata.p05.3991
                0x0000000000812d24        0xc /home/nik/intelFPGA/nios2eds/bin/gnu/H-x86_64-pc-linux-gnu/bin/../lib/gcc/nios2-elf/9.2.1/../../../../../H-x86_64-pc-linux-gnu/nios2-elf/lib/mno-hw-mul/libc.a(lib_a-mprec.o)
 .rodata.__mprec_tinytens
                0x0000000000812d30       0x28 /home/nik/intelFPGA/nios2eds/bin/gnu/H-x86_64-pc-linux-gnu/bin/../lib/gcc/nios2-elf/9.2.1/../../../../../H-x86_64-pc-linux-gnu/nios2-elf/lib/mno-hw-mul/libc.a(lib_a-mprec.o)
                0x0000000000812d30                __mprec_tinytens
 .rodata.__mprec_bigtens
                0x0000000000812d58       0x28 /home/nik/intelFPGA/nios2eds/bin/gnu/H-x86_64-pc-linux-gnu/bin/../lib/gcc/nios2-elf/9.2.1/../../../../../H-x86_64-pc-linux-gnu/nios2-elf/lib/mno-hw-mul/libc.a(lib_a-mprec.o)
                0x0000000000812d58                __mprec_bigtens
 .rodata.__mprec_tens
                0x0000000000812d80       0xc8 /home/nik/intelFPGA/nios2eds/bin/gnu/H-x86_64-pc-linux-gnu/bin/../lib/gcc/nios2-elf/9.2.1/../../../../../H-x86_64-pc-linux-gnu/nios2-elf/lib/mno-hw-mul/libc.a(lib_a-mprec.o)
                0x0000000000812d80                __mprec_tens
 .rodata.___vfiprintf_internal_r.str1.4
                0x0000000000812e48       0x2f /home/nik/intelFPGA/nios2eds/bin/gnu/H-x86_64-pc-linux-gnu/bin/../lib/gcc/nios2-elf/9.2.1/../../../../../H-x86_64-pc-linux-gnu/nios2-elf/lib/mno-hw-mul/libc.a(lib_a-vfiprintf.o)
 .rodata.zeroes.5154
                0x0000000000812e48       0x10 /home/nik/intelFPGA/nios2eds/bin/gnu/H-x86_64-pc-linux-gnu/bin/../lib/gcc/nios2-elf/9.2.1/../../../../../H-x86_64-pc-linux-gnu/nios2-elf/lib/mno-hw-mul/libc.a(lib_a-vfiprintf.o)
 .rodata.blanks.5153
                0x0000000000812e58       0x10 /home/nik/intelFPGA/nios2eds/bin/gnu/H-x86_64-pc-linux-gnu/bin/../lib/gcc/nios2-elf/9.2.1/../../../../../H-x86_64-pc-linux-gnu/nios2-elf/lib/mno-hw-mul/libc.a(lib_a-vfiprintf.o)
 .rodata.__assert_func.str1.4
                0x0000000000812e68       0x3f /home/nik/intelFPGA/nios2eds/bin/gnu/H-x86_64-pc-linux-gnu/bin/../lib/gcc/nios2-elf/9.2.1/../../../../../H-x86_64-pc-linux-gnu/nios2-elf/lib/mno-hw-mul/libc.a(lib_a-assert.o)
                                         0x43 (size before relaxing)
 *fill*         0x0000000000812ea7        0x1 
 .rodata._setlocale_r.str1.4
                0x0000000000812ea8        0xa /home/nik/intelFPGA/nios2eds/bin/gnu/H-x86_64-pc-linux-gnu/bin/../lib/gcc/nios2-elf/9.2.1/../../../../../H-x86_64-pc-linux-gnu/nios2-elf/lib/mno-hw-mul/libc.a(lib_a-locale.o)
 *fill*         0x0000000000812eb2        0x2 
 .rodata.str1.4
                0x0000000000812eb4        0x4 /home/nik/intelFPGA/nios2eds/bin/gnu/H-x86_64-pc-linux-gnu/bin/../lib/gcc/nios2-elf/9.2.1/../../../../../H-x86_64-pc-linux-gnu/nios2-elf/lib/mno-hw-mul/libc.a(lib_a-locale.o)
                                          0x5 (size before relaxing)
 .rodata._ctype_
                0x0000000000812eb8      0x101 /home/nik/intelFPGA/nios2eds/bin/gnu/H-x86_64-pc-linux-gnu/bin/../lib/gcc/nios2-elf/9.2.1/../../../../../H-x86_64-pc-linux-gnu/nios2-elf/lib/mno-hw-mul/libc.a(lib_a-ctype_.o)
                0x0000000000812eb8                _ctype_
 *fill*         0x0000000000812fb9        0x3 
 .rodata._ctype_b
                0x0000000000812fbc      0x180 /home/nik/intelFPGA/nios2eds/bin/gnu/H-x86_64-pc-linux-gnu/bin/../lib/gcc/nios2-elf/9.2.1/../../../../../H-x86_64-pc-linux-gnu/nios2-elf/lib/mno-hw-mul/libc.a(lib_a-ctype_.o)
                0x0000000000812fbc                _ctype_b
 .rodata        0x000000000081313c        0xa ../task4_bsp//libhal_bsp.a(alt_dev.o)
 *fill*         0x0000000000813146        0x2 
 .rodata        0x0000000000813148        0xf ../task4_bsp//libhal_bsp.a(alt_main.o)
 *fill*         0x0000000000813157        0x1 
 .rodata        0x0000000000813158        0xf ../task4_bsp//libhal_bsp.a(alt_sys_init.o)
 *(.rodata1)
                0x0000000000813168                . = ALIGN (0x4)
 *fill*         0x0000000000813167        0x1 
                0x0000000000813168                PROVIDE (__ram_rodata_end = ABSOLUTE (.))
                0x00000000008128d8                PROVIDE (__flash_rodata_start = LOADADDR (.rodata))

.rwdata         0x0000000000813168     0x1bd8 load address 0x0000000000814d40
                0x0000000000813168                PROVIDE (__ram_rwdata_start = ABSOLUTE (.))
                0x0000000000813168                . = ALIGN (0x4)
 *(.got.plt)
 *(.got)
 *(.data1)
 *(.data .data.* .gnu.linkonce.d.*)
 .data          0x0000000000813168        0x0 ../task4_bsp//obj/HAL/src/crt0.o
 .data          0x0000000000813168        0x0 obj/default/hello_world.o
 .data          0x0000000000813168        0x0 /home/nik/intelFPGA/nios2eds/bin/gnu/H-x86_64-pc-linux-gnu/bin/../lib/gcc/nios2-elf/9.2.1/../../../../../H-x86_64-pc-linux-gnu/nios2-elf/lib/mno-hw-mul/libm.a(lib_a-s_cos.o)
 .data          0x0000000000813168        0x0 /home/nik/intelFPGA/nios2eds/bin/gnu/H-x86_64-pc-linux-gnu/bin/../lib/gcc/nios2-elf/9.2.1/../../../../../H-x86_64-pc-linux-gnu/nios2-elf/lib/mno-hw-mul/libm.a(lib_a-e_rem_pio2.o)
 .data          0x0000000000813168        0x0 /home/nik/intelFPGA/nios2eds/bin/gnu/H-x86_64-pc-linux-gnu/bin/../lib/gcc/nios2-elf/9.2.1/../../../../../H-x86_64-pc-linux-gnu/nios2-elf/lib/mno-hw-mul/libm.a(lib_a-k_cos.o)
 .data          0x0000000000813168        0x0 /home/nik/intelFPGA/nios2eds/bin/gnu/H-x86_64-pc-linux-gnu/bin/../lib/gcc/nios2-elf/9.2.1/../../../../../H-x86_64-pc-linux-gnu/nios2-elf/lib/mno-hw-mul/libm.a(lib_a-k_rem_pio2.o)
 .data          0x0000000000813168        0x0 /home/nik/intelFPGA/nios2eds/bin/gnu/H-x86_64-pc-linux-gnu/bin/../lib/gcc/nios2-elf/9.2.1/../../../../../H-x86_64-pc-linux-gnu/nios2-elf/lib/mno-hw-mul/libm.a(lib_a-k_sin.o)
 .data          0x0000000000813168        0x0 /home/nik/intelFPGA/nios2eds/bin/gnu/H-x86_64-pc-linux-gnu/bin/../lib/gcc/nios2-elf/9.2.1/../../../../../H-x86_64-pc-linux-gnu/nios2-elf/lib/mno-hw-mul/libm.a(lib_a-s_floor.o)
 .data          0x0000000000813168        0x0 /home/nik/intelFPGA/nios2eds/bin/gnu/H-x86_64-pc-linux-gnu/bin/../lib/gcc/nios2-elf/9.2.1/../../../../../H-x86_64-pc-linux-gnu/nios2-elf/lib/mno-hw-mul/libm.a(lib_a-s_scalbn.o)
 .data          0x0000000000813168        0x0 /home/nik/intelFPGA/nios2eds/bin/gnu/H-x86_64-pc-linux-gnu/bin/../lib/gcc/nios2-elf/9.2.1/mno-hw-mul/libgcc.a(lib2-divmod.o)
 .data          0x0000000000813168        0x0 /home/nik/intelFPGA/nios2eds/bin/gnu/H-x86_64-pc-linux-gnu/bin/../lib/gcc/nios2-elf/9.2.1/mno-hw-mul/libgcc.a(addsf3.o)
 .data          0x0000000000813168        0x0 /home/nik/intelFPGA/nios2eds/bin/gnu/H-x86_64-pc-linux-gnu/bin/../lib/gcc/nios2-elf/9.2.1/mno-hw-mul/libgcc.a(mulsf3.o)
 .data          0x0000000000813168        0x0 /home/nik/intelFPGA/nios2eds/bin/gnu/H-x86_64-pc-linux-gnu/bin/../lib/gcc/nios2-elf/9.2.1/mno-hw-mul/libgcc.a(adddf3.o)
 .data          0x0000000000813168        0x0 /home/nik/intelFPGA/nios2eds/bin/gnu/H-x86_64-pc-linux-gnu/bin/../lib/gcc/nios2-elf/9.2.1/mno-hw-mul/libgcc.a(divdf3.o)
 .data          0x0000000000813168        0x0 /home/nik/intelFPGA/nios2eds/bin/gnu/H-x86_64-pc-linux-gnu/bin/../lib/gcc/nios2-elf/9.2.1/mno-hw-mul/libgcc.a(eqdf2.o)
 .data          0x0000000000813168        0x0 /home/nik/intelFPGA/nios2eds/bin/gnu/H-x86_64-pc-linux-gnu/bin/../lib/gcc/nios2-elf/9.2.1/mno-hw-mul/libgcc.a(gedf2.o)
 .data          0x0000000000813168        0x0 /home/nik/intelFPGA/nios2eds/bin/gnu/H-x86_64-pc-linux-gnu/bin/../lib/gcc/nios2-elf/9.2.1/mno-hw-mul/libgcc.a(muldf3.o)
 .data          0x0000000000813168        0x0 /home/nik/intelFPGA/nios2eds/bin/gnu/H-x86_64-pc-linux-gnu/bin/../lib/gcc/nios2-elf/9.2.1/mno-hw-mul/libgcc.a(subdf3.o)
 .data          0x0000000000813168        0x0 /home/nik/intelFPGA/nios2eds/bin/gnu/H-x86_64-pc-linux-gnu/bin/../lib/gcc/nios2-elf/9.2.1/mno-hw-mul/libgcc.a(fixdfsi.o)
 .data          0x0000000000813168        0x0 /home/nik/intelFPGA/nios2eds/bin/gnu/H-x86_64-pc-linux-gnu/bin/../lib/gcc/nios2-elf/9.2.1/mno-hw-mul/libgcc.a(floatsidf.o)
 .data          0x0000000000813168        0x0 /home/nik/intelFPGA/nios2eds/bin/gnu/H-x86_64-pc-linux-gnu/bin/../lib/gcc/nios2-elf/9.2.1/mno-hw-mul/libgcc.a(extendsfdf2.o)
 .data          0x0000000000813168        0x0 /home/nik/intelFPGA/nios2eds/bin/gnu/H-x86_64-pc-linux-gnu/bin/../lib/gcc/nios2-elf/9.2.1/mno-hw-mul/libgcc.a(truncdfsf2.o)
 .data          0x0000000000813168        0x0 /home/nik/intelFPGA/nios2eds/bin/gnu/H-x86_64-pc-linux-gnu/bin/../lib/gcc/nios2-elf/9.2.1/mno-hw-mul/libgcc.a(_clzsi2.o)
 .data          0x0000000000813168        0x0 /home/nik/intelFPGA/nios2eds/bin/gnu/H-x86_64-pc-linux-gnu/bin/../lib/gcc/nios2-elf/9.2.1/mno-hw-mul/libgcc.a(lib2-mul.o)
 .data          0x0000000000813168        0x0 /home/nik/intelFPGA/nios2eds/bin/gnu/H-x86_64-pc-linux-gnu/bin/../lib/gcc/nios2-elf/9.2.1/mno-hw-mul/libgcc.a(_clz.o)
 .data          0x0000000000813168        0x0 /home/nik/intelFPGA/nios2eds/bin/gnu/H-x86_64-pc-linux-gnu/bin/../lib/gcc/nios2-elf/9.2.1/../../../../../H-x86_64-pc-linux-gnu/nios2-elf/lib/mno-hw-mul/libc.a(lib_a-printf.o)
 .data          0x0000000000813168        0x0 /home/nik/intelFPGA/nios2eds/bin/gnu/H-x86_64-pc-linux-gnu/bin/../lib/gcc/nios2-elf/9.2.1/../../../../../H-x86_64-pc-linux-gnu/nios2-elf/lib/mno-hw-mul/libc.a(lib_a-puts.o)
 .data          0x0000000000813168        0x0 /home/nik/intelFPGA/nios2eds/bin/gnu/H-x86_64-pc-linux-gnu/bin/../lib/gcc/nios2-elf/9.2.1/../../../../../H-x86_64-pc-linux-gnu/nios2-elf/lib/mno-hw-mul/libc.a(lib_a-strlen.o)
 .data          0x0000000000813168        0x0 /home/nik/intelFPGA/nios2eds/bin/gnu/H-x86_64-pc-linux-gnu/bin/../lib/gcc/nios2-elf/9.2.1/../../../../../H-x86_64-pc-linux-gnu/nios2-elf/lib/mno-hw-mul/libc.a(lib_a-vfprintf.o)
 .data          0x0000000000813168        0x0 /home/nik/intelFPGA/nios2eds/bin/gnu/H-x86_64-pc-linux-gnu/bin/../lib/gcc/nios2-elf/9.2.1/../../../../../H-x86_64-pc-linux-gnu/nios2-elf/lib/mno-hw-mul/libc.a(lib_a-wsetup.o)
 .data          0x0000000000813168        0x0 /home/nik/intelFPGA/nios2eds/bin/gnu/H-x86_64-pc-linux-gnu/bin/../lib/gcc/nios2-elf/9.2.1/../../../../../H-x86_64-pc-linux-gnu/nios2-elf/lib/mno-hw-mul/libc.a(lib_a-dtoa.o)
 .data          0x0000000000813168        0x0 /home/nik/intelFPGA/nios2eds/bin/gnu/H-x86_64-pc-linux-gnu/bin/../lib/gcc/nios2-elf/9.2.1/../../../../../H-x86_64-pc-linux-gnu/nios2-elf/lib/mno-hw-mul/libc.a(lib_a-fflush.o)
 .data          0x0000000000813168        0x0 /home/nik/intelFPGA/nios2eds/bin/gnu/H-x86_64-pc-linux-gnu/bin/../lib/gcc/nios2-elf/9.2.1/../../../../../H-x86_64-pc-linux-gnu/nios2-elf/lib/mno-hw-mul/libc.a(lib_a-findfp.o)
 .data          0x0000000000813168        0x0 /home/nik/intelFPGA/nios2eds/bin/gnu/H-x86_64-pc-linux-gnu/bin/../lib/gcc/nios2-elf/9.2.1/../../../../../H-x86_64-pc-linux-gnu/nios2-elf/lib/mno-hw-mul/libc.a(lib_a-freer.o)
 .data          0x0000000000813168        0x0 /home/nik/intelFPGA/nios2eds/bin/gnu/H-x86_64-pc-linux-gnu/bin/../lib/gcc/nios2-elf/9.2.1/../../../../../H-x86_64-pc-linux-gnu/nios2-elf/lib/mno-hw-mul/libc.a(lib_a-fvwrite.o)
 .data          0x0000000000813168        0x0 /home/nik/intelFPGA/nios2eds/bin/gnu/H-x86_64-pc-linux-gnu/bin/../lib/gcc/nios2-elf/9.2.1/../../../../../H-x86_64-pc-linux-gnu/nios2-elf/lib/mno-hw-mul/libc.a(lib_a-fwalk.o)
 .data          0x0000000000813168        0x0 /home/nik/intelFPGA/nios2eds/bin/gnu/H-x86_64-pc-linux-gnu/bin/../lib/gcc/nios2-elf/9.2.1/../../../../../H-x86_64-pc-linux-gnu/nios2-elf/lib/mno-hw-mul/libc.a(lib_a-impure.o)
 .data.impure_data
                0x0000000000813168      0x424 /home/nik/intelFPGA/nios2eds/bin/gnu/H-x86_64-pc-linux-gnu/bin/../lib/gcc/nios2-elf/9.2.1/../../../../../H-x86_64-pc-linux-gnu/nios2-elf/lib/mno-hw-mul/libc.a(lib_a-impure.o)
 .data          0x000000000081358c        0x0 /home/nik/intelFPGA/nios2eds/bin/gnu/H-x86_64-pc-linux-gnu/bin/../lib/gcc/nios2-elf/9.2.1/../../../../../H-x86_64-pc-linux-gnu/nios2-elf/lib/mno-hw-mul/libc.a(lib_a-localeconv.o)
 .data          0x000000000081358c        0x0 /home/nik/intelFPGA/nios2eds/bin/gnu/H-x86_64-pc-linux-gnu/bin/../lib/gcc/nios2-elf/9.2.1/../../../../../H-x86_64-pc-linux-gnu/nios2-elf/lib/mno-hw-mul/libc.a(lib_a-makebuf.o)
 .data          0x000000000081358c        0x0 /home/nik/intelFPGA/nios2eds/bin/gnu/H-x86_64-pc-linux-gnu/bin/../lib/gcc/nios2-elf/9.2.1/../../../../../H-x86_64-pc-linux-gnu/nios2-elf/lib/mno-hw-mul/libc.a(lib_a-mallocr.o)
 .data.__malloc_av_
                0x000000000081358c      0x408 /home/nik/intelFPGA/nios2eds/bin/gnu/H-x86_64-pc-linux-gnu/bin/../lib/gcc/nios2-elf/9.2.1/../../../../../H-x86_64-pc-linux-gnu/nios2-elf/lib/mno-hw-mul/libc.a(lib_a-mallocr.o)
                0x000000000081358c                __malloc_av_
 .data          0x0000000000813994        0x0 /home/nik/intelFPGA/nios2eds/bin/gnu/H-x86_64-pc-linux-gnu/bin/../lib/gcc/nios2-elf/9.2.1/../../../../../H-x86_64-pc-linux-gnu/nios2-elf/lib/mno-hw-mul/libc.a(lib_a-memchr.o)
 .data          0x0000000000813994        0x0 /home/nik/intelFPGA/nios2eds/bin/gnu/H-x86_64-pc-linux-gnu/bin/../lib/gcc/nios2-elf/9.2.1/../../../../../H-x86_64-pc-linux-gnu/nios2-elf/lib/mno-hw-mul/libc.a(lib_a-memcpy.o)
 .data          0x0000000000813994        0x0 /home/nik/intelFPGA/nios2eds/bin/gnu/H-x86_64-pc-linux-gnu/bin/../lib/gcc/nios2-elf/9.2.1/../../../../../H-x86_64-pc-linux-gnu/nios2-elf/lib/mno-hw-mul/libc.a(lib_a-memmove.o)
 .data          0x0000000000813994        0x0 /home/nik/intelFPGA/nios2eds/bin/gnu/H-x86_64-pc-linux-gnu/bin/../lib/gcc/nios2-elf/9.2.1/../../../../../H-x86_64-pc-linux-gnu/nios2-elf/lib/mno-hw-mul/libc.a(lib_a-memset.o)
 .data          0x0000000000813994        0x0 /home/nik/intelFPGA/nios2eds/bin/gnu/H-x86_64-pc-linux-gnu/bin/../lib/gcc/nios2-elf/9.2.1/../../../../../H-x86_64-pc-linux-gnu/nios2-elf/lib/mno-hw-mul/libc.a(lib_a-mprec.o)
 .data          0x0000000000813994        0x0 /home/nik/intelFPGA/nios2eds/bin/gnu/H-x86_64-pc-linux-gnu/bin/../lib/gcc/nios2-elf/9.2.1/../../../../../H-x86_64-pc-linux-gnu/nios2-elf/lib/mno-hw-mul/libc.a(lib_a-reallocr.o)
 .data          0x0000000000813994        0x0 /home/nik/intelFPGA/nios2eds/bin/gnu/H-x86_64-pc-linux-gnu/bin/../lib/gcc/nios2-elf/9.2.1/../../../../../H-x86_64-pc-linux-gnu/nios2-elf/lib/mno-hw-mul/libc.a(lib_a-sbrkr.o)
 .data          0x0000000000813994        0x0 /home/nik/intelFPGA/nios2eds/bin/gnu/H-x86_64-pc-linux-gnu/bin/../lib/gcc/nios2-elf/9.2.1/../../../../../H-x86_64-pc-linux-gnu/nios2-elf/lib/mno-hw-mul/libc.a(lib_a-stdio.o)
 .data          0x0000000000813994        0x0 /home/nik/intelFPGA/nios2eds/bin/gnu/H-x86_64-pc-linux-gnu/bin/../lib/gcc/nios2-elf/9.2.1/../../../../../H-x86_64-pc-linux-gnu/nios2-elf/lib/mno-hw-mul/libc.a(lib_a-vfiprintf.o)
 .data          0x0000000000813994        0x0 /home/nik/intelFPGA/nios2eds/bin/gnu/H-x86_64-pc-linux-gnu/bin/../lib/gcc/nios2-elf/9.2.1/../../../../../H-x86_64-pc-linux-gnu/nios2-elf/lib/mno-hw-mul/libc.a(lib_a-writer.o)
 .data          0x0000000000813994        0x0 /home/nik/intelFPGA/nios2eds/bin/gnu/H-x86_64-pc-linux-gnu/bin/../lib/gcc/nios2-elf/9.2.1/../../../../../H-x86_64-pc-linux-gnu/nios2-elf/lib/mno-hw-mul/libc.a(closer.o)
 .data          0x0000000000813994        0x0 /home/nik/intelFPGA/nios2eds/bin/gnu/H-x86_64-pc-linux-gnu/bin/../lib/gcc/nios2-elf/9.2.1/../../../../../H-x86_64-pc-linux-gnu/nios2-elf/lib/mno-hw-mul/libc.a(lib_a-assert.o)
 .data          0x0000000000813994        0x0 /home/nik/intelFPGA/nios2eds/bin/gnu/H-x86_64-pc-linux-gnu/bin/../lib/gcc/nios2-elf/9.2.1/../../../../../H-x86_64-pc-linux-gnu/nios2-elf/lib/mno-hw-mul/libc.a(lib_a-callocr.o)
 .data          0x0000000000813994        0x0 /home/nik/intelFPGA/nios2eds/bin/gnu/H-x86_64-pc-linux-gnu/bin/../lib/gcc/nios2-elf/9.2.1/../../../../../H-x86_64-pc-linux-gnu/nios2-elf/lib/mno-hw-mul/libc.a(lib_a-fclose.o)
 .data          0x0000000000813994        0x0 /home/nik/intelFPGA/nios2eds/bin/gnu/H-x86_64-pc-linux-gnu/bin/../lib/gcc/nios2-elf/9.2.1/../../../../../H-x86_64-pc-linux-gnu/nios2-elf/lib/mno-hw-mul/libc.a(lib_a-fiprintf.o)
 .data          0x0000000000813994        0x0 /home/nik/intelFPGA/nios2eds/bin/gnu/H-x86_64-pc-linux-gnu/bin/../lib/gcc/nios2-elf/9.2.1/../../../../../H-x86_64-pc-linux-gnu/nios2-elf/lib/mno-hw-mul/libc.a(lib_a-fputwc.o)
 .data          0x0000000000813994        0x0 /home/nik/intelFPGA/nios2eds/bin/gnu/H-x86_64-pc-linux-gnu/bin/../lib/gcc/nios2-elf/9.2.1/../../../../../H-x86_64-pc-linux-gnu/nios2-elf/lib/mno-hw-mul/libc.a(lib_a-fstatr.o)
 .data          0x0000000000813994        0x0 /home/nik/intelFPGA/nios2eds/bin/gnu/H-x86_64-pc-linux-gnu/bin/../lib/gcc/nios2-elf/9.2.1/../../../../../H-x86_64-pc-linux-gnu/nios2-elf/lib/mno-hw-mul/libc.a(lib_a-int_errno.o)
 .data          0x0000000000813994        0x0 /home/nik/intelFPGA/nios2eds/bin/gnu/H-x86_64-pc-linux-gnu/bin/../lib/gcc/nios2-elf/9.2.1/../../../../../H-x86_64-pc-linux-gnu/nios2-elf/lib/mno-hw-mul/libc.a(lib_a-isattyr.o)
 .data          0x0000000000813994        0x0 /home/nik/intelFPGA/nios2eds/bin/gnu/H-x86_64-pc-linux-gnu/bin/../lib/gcc/nios2-elf/9.2.1/../../../../../H-x86_64-pc-linux-gnu/nios2-elf/lib/mno-hw-mul/libc.a(lib_a-locale.o)
 .data.__global_locale
                0x0000000000813994      0x16c /home/nik/intelFPGA/nios2eds/bin/gnu/H-x86_64-pc-linux-gnu/bin/../lib/gcc/nios2-elf/9.2.1/../../../../../H-x86_64-pc-linux-gnu/nios2-elf/lib/mno-hw-mul/libc.a(lib_a-locale.o)
                0x0000000000813994                __global_locale
 .data          0x0000000000813b00        0x0 /home/nik/intelFPGA/nios2eds/bin/gnu/H-x86_64-pc-linux-gnu/bin/../lib/gcc/nios2-elf/9.2.1/../../../../../H-x86_64-pc-linux-gnu/nios2-elf/lib/mno-hw-mul/libc.a(lib_a-lseekr.o)
 .data          0x0000000000813b00        0x0 /home/nik/intelFPGA/nios2eds/bin/gnu/H-x86_64-pc-linux-gnu/bin/../lib/gcc/nios2-elf/9.2.1/../../../../../H-x86_64-pc-linux-gnu/nios2-elf/lib/mno-hw-mul/libc.a(lib_a-mbtowc_r.o)
 .data          0x0000000000813b00        0x0 /home/nik/intelFPGA/nios2eds/bin/gnu/H-x86_64-pc-linux-gnu/bin/../lib/gcc/nios2-elf/9.2.1/../../../../../H-x86_64-pc-linux-gnu/nios2-elf/lib/mno-hw-mul/libc.a(lib_a-readr.o)
 .data          0x0000000000813b00        0x0 /home/nik/intelFPGA/nios2eds/bin/gnu/H-x86_64-pc-linux-gnu/bin/../lib/gcc/nios2-elf/9.2.1/../../../../../H-x86_64-pc-linux-gnu/nios2-elf/lib/mno-hw-mul/libc.a(lib_a-strcmp.o)
 .data          0x0000000000813b00        0x0 /home/nik/intelFPGA/nios2eds/bin/gnu/H-x86_64-pc-linux-gnu/bin/../lib/gcc/nios2-elf/9.2.1/../../../../../H-x86_64-pc-linux-gnu/nios2-elf/lib/mno-hw-mul/libc.a(lib_a-vfiprintfr_1.o)
 .data          0x0000000000813b00        0x0 /home/nik/intelFPGA/nios2eds/bin/gnu/H-x86_64-pc-linux-gnu/bin/../lib/gcc/nios2-elf/9.2.1/../../../../../H-x86_64-pc-linux-gnu/nios2-elf/lib/mno-hw-mul/libc.a(lib_a-wbuf.o)
 .data          0x0000000000813b00        0x0 /home/nik/intelFPGA/nios2eds/bin/gnu/H-x86_64-pc-linux-gnu/bin/../lib/gcc/nios2-elf/9.2.1/../../../../../H-x86_64-pc-linux-gnu/nios2-elf/lib/mno-hw-mul/libc.a(lib_a-wcrtomb.o)
 .data          0x0000000000813b00        0x0 /home/nik/intelFPGA/nios2eds/bin/gnu/H-x86_64-pc-linux-gnu/bin/../lib/gcc/nios2-elf/9.2.1/../../../../../H-x86_64-pc-linux-gnu/nios2-elf/lib/mno-hw-mul/libc.a(lib_a-wctomb_r.o)
 .data          0x0000000000813b00        0x0 /home/nik/intelFPGA/nios2eds/bin/gnu/H-x86_64-pc-linux-gnu/bin/../lib/gcc/nios2-elf/9.2.1/../../../../../H-x86_64-pc-linux-gnu/nios2-elf/lib/mno-hw-mul/libc.a(lib_a-abort.o)
 .data          0x0000000000813b00        0x0 /home/nik/intelFPGA/nios2eds/bin/gnu/H-x86_64-pc-linux-gnu/bin/../lib/gcc/nios2-elf/9.2.1/../../../../../H-x86_64-pc-linux-gnu/nios2-elf/lib/mno-hw-mul/libc.a(lib_a-ctype_.o)
 .data          0x0000000000813b00        0x0 /home/nik/intelFPGA/nios2eds/bin/gnu/H-x86_64-pc-linux-gnu/bin/../lib/gcc/nios2-elf/9.2.1/../../../../../H-x86_64-pc-linux-gnu/nios2-elf/lib/mno-hw-mul/libc.a(lib_a-signal.o)
 .data          0x0000000000813b00        0x0 /home/nik/intelFPGA/nios2eds/bin/gnu/H-x86_64-pc-linux-gnu/bin/../lib/gcc/nios2-elf/9.2.1/../../../../../H-x86_64-pc-linux-gnu/nios2-elf/lib/mno-hw-mul/libc.a(lib_a-signalr.o)
 .data          0x0000000000813b00        0x0 /home/nik/intelFPGA/nios2eds/bin/gnu/H-x86_64-pc-linux-gnu/bin/../lib/gcc/nios2-elf/9.2.1/mno-hw-mul/libgcc.a(_udivdi3.o)
 .data          0x0000000000813b00        0x0 /home/nik/intelFPGA/nios2eds/bin/gnu/H-x86_64-pc-linux-gnu/bin/../lib/gcc/nios2-elf/9.2.1/mno-hw-mul/libgcc.a(_umoddi3.o)
 .data          0x0000000000813b00        0x0 /home/nik/intelFPGA/nios2eds/bin/gnu/H-x86_64-pc-linux-gnu/bin/../lib/gcc/nios2-elf/9.2.1/mno-hw-mul/libgcc.a(ledf2.o)
 .data          0x0000000000813b00        0x0 /home/nik/intelFPGA/nios2eds/bin/gnu/H-x86_64-pc-linux-gnu/bin/../lib/gcc/nios2-elf/9.2.1/mno-hw-mul/libgcc.a(unorddf2.o)
 .data          0x0000000000813b00        0x0 /home/nik/intelFPGA/nios2eds/bin/gnu/H-x86_64-pc-linux-gnu/bin/../lib/gcc/nios2-elf/9.2.1/mno-hw-mul/libgcc.a(floatunsidf.o)
 .data          0x0000000000813b00        0x0 ../task4_bsp//libhal_bsp.a(alt_close.o)
 .data          0x0000000000813b00      0x1a8 ../task4_bsp//libhal_bsp.a(alt_dev.o)