Archive member included to satisfy reference by file (symbol)

/home/nik/intelFPGA/nios2eds/bin/gnu/H-x86_64-pc-linux-gnu/bin/../lib/gcc/nios2-elf/9.2.1/../../../../../H-x86_64-pc-linux-gnu/nios2-elf/lib/mhw-mulx/libm.a(lib_a-sf_cos.o)
                              obj/default/hello_world.o (cosf)
/home/nik/intelFPGA/nios2eds/bin/gnu/H-x86_64-pc-linux-gnu/bin/../lib/gcc/nios2-elf/9.2.1/../../../../../H-x86_64-pc-linux-gnu/nios2-elf/lib/mhw-mulx/libm.a(lib_a-ef_rem_pio2.o)
                              /home/nik/intelFPGA/nios2eds/bin/gnu/H-x86_64-pc-linux-gnu/bin/../lib/gcc/nios2-elf/9.2.1/../../../../../H-x86_64-pc-linux-gnu/nios2-elf/lib/mhw-mulx/libm.a(lib_a-sf_cos.o) (__ieee754_rem_pio2f)
/home/nik/intelFPGA/nios2eds/bin/gnu/H-x86_64-pc-linux-gnu/bin/../lib/gcc/nios2-elf/9.2.1/../../../../../H-x86_64-pc-linux-gnu/nios2-elf/lib/mhw-mulx/libm.a(lib_a-kf_cos.o)
                              /home/nik/intelFPGA/nios2eds/bin/gnu/H-x86_64-pc-linux-gnu/bin/../lib/gcc/nios2-elf/9.2.1/../../../../../H-x86_64-pc-linux-gnu/nios2-elf/lib/mhw-mulx/libm.a(lib_a-sf_cos.o) (__kernel_cosf)
/home/nik/intelFPGA/nios2eds/bin/gnu/H-x86_64-pc-linux-gnu/bin/../lib/gcc/nios2-elf/9.2.1/../../../../../H-x86_64-pc-linux-gnu/nios2-elf/lib/mhw-mulx/libm.a(lib_a-kf_rem_pio2.o)
                              /home/nik/intelFPGA/nios2eds/bin/gnu/H-x86_64-pc-linux-gnu/bin/../lib/gcc/nios2-elf/9.2.1/../../../../../H-x86_64-pc-linux-gnu/nios2-elf/lib/mhw-mulx/libm.a(lib_a-ef_rem_pio2.o) (__kernel_rem_pio2f)
/home/nik/intelFPGA/nios2eds/bin/gnu/H-x86_64-pc-linux-gnu/bin/../lib/gcc/nios2-elf/9.2.1/../../../../../H-x86_64-pc-linux-gnu/nios2-elf/lib/mhw-mulx/libm.a(lib_a-kf_sin.o)
                              /home/nik/intelFPGA/nios2eds/bin/gnu/H-x86_64-pc-linux-gnu/bin/../lib/gcc/nios2-elf/9.2.1/../../../../../H-x86_64-pc-linux-gnu/nios2-elf/lib/mhw-mulx/libm.a(lib_a-sf_cos.o) (__kernel_sinf)
/home/nik/intelFPGA/nios2eds/bin/gnu/H-x86_64-pc-linux-gnu/bin/../lib/gcc/nios2-elf/9.2.1/../../../../../H-x86_64-pc-linux-gnu/nios2-elf/lib/mhw-mulx/libm.a(lib_a-sf_floor.o)
                              /home/nik/intelFPGA/nios2eds/bin/gnu/H-x86_64-pc-linux-gnu/bin/../lib/gcc/nios2-elf/9.2.1/../../../../../H-x86_64-pc-linux-gnu/nios2-elf/lib/mhw-mulx/libm.a(lib_a-kf_rem_pio2.o) (floorf)
/home/nik/intelFPGA/nios2eds/bin/gnu/H-x86_64-pc-linux-gnu/bin/../lib/gcc/nios2-elf/9.2.1/../../../../../H-x86_64-pc-linux-gnu/nios2-elf/lib/mhw-mulx/libm.a(lib_a-sf_scalbn.o)
                              /home/nik/intelFPGA/nios2eds/bin/gnu/H-x86_64-pc-linux-gnu/bin/../lib/gcc/nios2-elf/9.2.1/../../../../../H-x86_64-pc-linux-gnu/nios2-elf/lib/mhw-mulx/libm.a(lib_a-kf_rem_pio2.o) (scalbnf)
/home/nik/intelFPGA/nios2eds/bin/gnu/H-x86_64-pc-linux-gnu/bin/../lib/gcc/nios2-elf/9.2.1/mhw-mulx/libgcc.a(addsf3.o)
                              obj/default/hello_world.o (__addsf3)
/home/nik/intelFPGA/nios2eds/bin/gnu/H-x86_64-pc-linux-gnu/bin/../lib/gcc/nios2-elf/9.2.1/mhw-mulx/libgcc.a(eqsf2.o)
                              /home/nik/intelFPGA/nios2eds/bin/gnu/H-x86_64-pc-linux-gnu/bin/../lib/gcc/nios2-elf/9.2.1/../../../../../H-x86_64-pc-linux-gnu/nios2-elf/lib/mhw-mulx/libm.a(lib_a-ef_rem_pio2.o) (__nesf2)
/home/nik/intelFPGA/nios2eds/bin/gnu/H-x86_64-pc-linux-gnu/bin/../lib/gcc/nios2-elf/9.2.1/mhw-mulx/libgcc.a(gesf2.o)
                              /home/nik/intelFPGA/nios2eds/bin/gnu/H-x86_64-pc-linux-gnu/bin/../lib/gcc/nios2-elf/9.2.1/../../../../../H-x86_64-pc-linux-gnu/nios2-elf/lib/mhw-mulx/libm.a(lib_a-kf_rem_pio2.o) (__gesf2)
/home/nik/intelFPGA/nios2eds/bin/gnu/H-x86_64-pc-linux-gnu/bin/../lib/gcc/nios2-elf/9.2.1/mhw-mulx/libgcc.a(mulsf3.o)
                              obj/default/hello_world.o (__mulsf3)
/home/nik/intelFPGA/nios2eds/bin/gnu/H-x86_64-pc-linux-gnu/bin/../lib/gcc/nios2-elf/9.2.1/mhw-mulx/libgcc.a(subsf3.o)
                              obj/default/hello_world.o (__subsf3)
/home/nik/intelFPGA/nios2eds/bin/gnu/H-x86_64-pc-linux-gnu/bin/../lib/gcc/nios2-elf/9.2.1/mhw-mulx/libgcc.a(fixsfsi.o)
                              /home/nik/intelFPGA/nios2eds/bin/gnu/H-x86_64-pc-linux-gnu/bin/../lib/gcc/nios2-elf/9.2.1/../../../../../H-x86_64-pc-linux-gnu/nios2-elf/lib/mhw-mulx/libm.a(lib_a-ef_rem_pio2.o) (__fixsfsi)
/home/nik/intelFPGA/nios2eds/bin/gnu/H-x86_64-pc-linux-gnu/bin/../lib/gcc/nios2-elf/9.2.1/mhw-mulx/libgcc.a(floatsisf.o)
                              /home/nik/intelFPGA/nios2eds/bin/gnu/H-x86_64-pc-linux-gnu/bin/../lib/gcc/nios2-elf/9.2.1/../../../../../H-x86_64-pc-linux-gnu/nios2-elf/lib/mhw-mulx/libm.a(lib_a-ef_rem_pio2.o) (__floatsisf)
/home/nik/intelFPGA/nios2eds/bin/gnu/H-x86_64-pc-linux-gnu/bin/../lib/gcc/nios2-elf/9.2.1/mhw-mulx/libgcc.a(extendsfdf2.o)
                              obj/default/hello_world.o (__extendsfdf2)
/home/nik/intelFPGA/nios2eds/bin/gnu/H-x86_64-pc-linux-gnu/bin/../lib/gcc/nios2-elf/9.2.1/mhw-mulx/libgcc.a(_clzsi2.o)
[...]
Memory Configuration

Name             Origin             Length             Attributes
reset            0x0000000000800000 0x0000000000000020
sdram            0x0000000000800020 0x00000000007fffe0
*default*        0x0000000000000000 0xffffffffffffffff

Linker script and memory map

LOAD ../task6_bsp//obj/HAL/src/crt0.o
LOAD obj/default/hello_world.o
LOAD /home/nik/intelFPGA/nios2eds/bin/gnu/H-x86_64-pc-linux-gnu/bin/../lib/gcc/nios2-elf/9.2.1/../../../../../H-x86_64-pc-linux-gnu/nios2-elf/lib/mhw-mulx/libstdc++.a
LOAD /home/nik/intelFPGA/nios2eds/bin/gnu/H-x86_64-pc-linux-gnu/bin/../lib/gcc/nios2-elf/9.2.1/../../../../../H-x86_64-pc-linux-gnu/nios2-elf/lib/mhw-mulx/libm.a
LOAD /home/nik/intelFPGA/nios2eds/bin/gnu/H-x86_64-pc-linux-gnu/bin/../lib/gcc/nios2-elf/9.2.1/mhw-mulx/libgcc.a
START GROUP
LOAD /home/nik/intelFPGA/nios2eds/bin/gnu/H-x86_64-pc-linux-gnu/bin/../lib/gcc/nios2-elf/9.2.1/../../../../../H-x86_64-pc-linux-gnu/nios2-elf/lib/mhw-mulx/libc.a
LOAD /home/nik/intelFPGA/nios2eds/bin/gnu/H-x86_64-pc-linux-gnu/bin/../lib/gcc/nios2-elf/9.2.1/mhw-mulx/libgcc.a
LOAD ../task6_bsp//libhal_bsp.a
LOAD /home/nik/intelFPGA/nios2eds/bin/gnu/H-x86_64-pc-linux-gnu/bin/../lib/gcc/nios2-elf/9.2.1/../../../../../H-x86_64-pc-linux-gnu/nios2-elf/lib/mhw-mulx/libm.a
END GROUP
LOAD /home/nik/intelFPGA/nios2eds/bin/gnu/H-x86_64-pc-linux-gnu/bin/../lib/gcc/nios2-elf/9.2.1/mhw-mulx/libgcc.a
                0x0000000000800000                __alt_mem_sdram = 0x800000

.entry          0x0000000000800000       0x20
 *(.entry)
 .entry         0x0000000000800000       0x20 ../task6_bsp//obj/HAL/src/crt0.o
                0x0000000000800000                __reset

.exceptions     0x0000000000800020      0x218
                0x0000000000800020                PROVIDE (__ram_exceptions_start = ABSOLUTE (.))
                0x0000000000800020                . = ALIGN (0x20)
 *(.irq)
 *(.exceptions.entry.label)
 .exceptions.entry.label
                0x0000000000800020        0x0 ../task6_bsp//libhal_bsp.a(alt_irq_entry.o)
                0x0000000000800020                alt_irq_entry
 .exceptions.entry.label
                0x0000000000800020        0x0 ../task6_bsp//libhal_bsp.a(alt_exception_entry.o)
                0x0000000000800020                alt_exception
 *(.exceptions.entry.user)
 *(.exceptions.entry.ecc_fatal)
 *(.exceptions.entry)
 .exceptions.entry
                0x0000000000800020       0x54 ../task6_bsp//libhal_bsp.a(alt_exception_entry.o)
 *(.exceptions.irqtest.user)
 *(.exceptions.irqtest)
 .exceptions.irqtest
                0x0000000000800074       0x10 ../task6_bsp//libhal_bsp.a(alt_irq_entry.o)
 *(.exceptions.irqhandler.user)
 *(.exceptions.irqhandler)
 .exceptions.irqhandler
                0x0000000000800084        0x4 ../task6_bsp//libhal_bsp.a(alt_irq_entry.o)
 *(.exceptions.irqreturn.user)
 *(.exceptions.irqreturn)
 .exceptions.irqreturn
                0x0000000000800088        0x4 ../task6_bsp//libhal_bsp.a(alt_irq_entry.o)
 *(.exceptions.notirq.label)
 .exceptions.notirq.label
                0x000000000080008c        0x0 ../task6_bsp//libhal_bsp.a(alt_irq_entry.o)
 *(.exceptions.notirq.user)
 *(.exceptions.notirq)
 .exceptions.notirq
                0x000000000080008c        0x8 ../task6_bsp//libhal_bsp.a(alt_exception_entry.o)
 *(.exceptions.soft.user)
 *(.exceptions.soft)
 *(.exceptions.unknown.user)
 *(.exceptions.unknown)
 .exceptions.unknown
                0x0000000000800094       0x14 ../task6_bsp//libhal_bsp.a(alt_exception_entry.o)
 *(.exceptions.exit.label)
 .exceptions.exit.label
                0x00000000008000a8        0x0 ../task6_bsp//libhal_bsp.a(alt_irq_entry.o)
 .exceptions.exit.label
                0x00000000008000a8        0x0 ../task6_bsp//libhal_bsp.a(alt_exception_entry.o)
 *(.exceptions.exit.user)
 *(.exceptions.exit)
 .exceptions.exit
                0x00000000008000a8       0x54 ../task6_bsp//libhal_bsp.a(alt_exception_entry.o)
 *(.exceptions)
 .exceptions    0x00000000008000fc       0xc8 ../task6_bsp//libhal_bsp.a(alt_irq_handler.o)
                0x00000000008000fc                alt_irq_handler
 .exceptions    0x00000000008001c4       0x74 ../task6_bsp//libhal_bsp.a(alt_instruction_exception_entry.o)
                0x00000000008001c4                alt_instruction_exception_entry
                0x0000000000800238                PROVIDE (__ram_exceptions_end = ABSOLUTE (.))
                0x0000000000800020                PROVIDE (__flash_exceptions_start = LOADADDR (.exceptions))

.text           0x0000000000800238    0x11c64
                [!provide]                        PROVIDE (stext = ABSOLUTE (.))
 *(.interp)
 *(.hash)
 *(.dynsym)
 *(.dynstr)
 *(.gnu.version)
 *(.gnu.version_d)
 *(.gnu.version_r)
 *(.rel.init)
 *(.rela.init)
 *(.rel.text .rel.text.* .rel.gnu.linkonce.t.*)
 *(.rela.text .rela.text.* .rela.gnu.linkonce.t.*)
 *(.rel.fini)
 *(.rela.fini)
 *(.rel.rodata .rel.rodata.* .rel.gnu.linkonce.r.*)
 *(.rela.rodata .rela.rodata.* .rela.gnu.linkonce.r.*)
 *(.rel.data .rel.data.* .rel.gnu.linkonce.d.*)
 *(.rela.data .rela.data.* .rela.gnu.linkonce.d.*)
 *(.rel.tdata .rel.tdata.* .rel.gnu.linkonce.td.*)
 *(.rela.tdata .rela.tdata.* .rela.gnu.linkonce.td.*)
 *(.rel.tbss .rel.tbss.* .rel.gnu.linkonce.tb.*)
 *(.rela.tbss .rela.tbss.* .rela.gnu.linkonce.tb.*)
 *(.rel.ctors)
 *(.rela.ctors)
 *(.rel.dtors)
 *(.rela.dtors)
 *(.rel.got)
 *(.rela.got)
 *(.rel.sdata .rel.sdata.* .rel.gnu.linkonce.s.*)
 *(.rela.sdata .rela.sdata.* .rela.gnu.linkonce.s.*)
 *(.rel.sbss .rel.sbss.* .rel.gnu.linkonce.sb.*)
 *(.rela.sbss .rela.sbss.* .rela.gnu.linkonce.sb.*)
 *(.rel.sdata2 .rel.sdata2.* .rel.gnu.linkonce.s2.*)
 *(.rela.sdata2 .rela.sdata2.* .rela.gnu.linkonce.s2.*)
 *(.rel.sbss2 .rel.sbss2.* .rel.gnu.linkonce.sb2.*)
 *(.rela.sbss2 .rela.sbss2.* .rela.gnu.linkonce.sb2.*)
 *(.rel.bss .rel.bss.* .rel.gnu.linkonce.b.*)
 *(.rela.bss .rela.bss.* .rela.gnu.linkonce.b.*)
 *(.rel.plt)
 *(.rela.plt)
 *(.rel.dyn)
 *(.init)
 *(.plt)
 *(.text .stub .text.* .gnu.linkonce.t.*)
 .text          0x0000000000800238       0x4c ../task6_bsp//obj/HAL/src/crt0.o
                0x0000000000800238                _start
 .text          0x0000000000800284      0x118 obj/default/hello_world.o
                0x0000000000800284                generateVector
                0x00000000008002d8                sumVector
 .text.startup  0x000000000080039c      0x12c obj/default/hello_world.o
                0x000000000080039c                main
 .text          0x00000000008004c8        0x0 /home/nik/intelFPGA/nios2eds/bin/gnu/H-x86_64-pc-linux-gnu/bin/../lib/gcc/nios2-elf/9.2.1/../../../../../H-x86_64-pc-linux-gnu/nios2-elf/lib/mhw-mulx/libm.a(lib_a-sf_cos.o)
 .text.cosf     0x00000000008004c8       0xa8 /home/nik/intelFPGA/nios2eds/bin/gnu/H-x86_64-pc-linux-gnu/bin/../lib/gcc/nios2-elf/9.2.1/../../../../../H-x86_64-pc-linux-gnu/nios2-elf/lib/mhw-mulx/libm.a(lib_a-sf_cos.o)
                0x00000000008004c8                cosf
 .text          0x0000000000800570        0x0 /home/nik/intelFPGA/nios2eds/bin/gnu/H-x86_64-pc-linux-gnu/bin/../lib/gcc/nios2-elf/9.2.1/../../../../../H-x86_64-pc-linux-gnu/nios2-elf/lib/mhw-mulx/libm.a(lib_a-ef_rem_pio2.o)
 .text.__ieee754_rem_pio2f
                0x0000000000800570      0x4fc /home/nik/intelFPGA/nios2eds/bin/gnu/H-x86_64-pc-linux-gnu/bin/../lib/gcc/nios2-elf/9.2.1/../../../../../H-x86_64-pc-linux-gnu/nios2-elf/lib/mhw-mulx/libm.a(lib_a-ef_rem_pio2.o)
                0x0000000000800570                __ieee754_rem_pio2f
 .text          0x0000000000800a6c        0x0 /home/nik/intelFPGA/nios2eds/bin/gnu/H-x86_64-pc-linux-gnu/bin/../lib/gcc/nios2-elf/9.2.1/../../../../../H-x86_64-pc-linux-gnu/nios2-elf/lib/mhw-mulx/libm.a(lib_a-kf_cos.o)
 .text.__kernel_cosf
                0x0000000000800a6c      0x2c4 /home/nik/intelFPGA/nios2eds/bin/gnu/H-x86_64-pc-linux-gnu/bin/../lib/gcc/nios2-elf/9.2.1/../../../../../H-x86_64-pc-linux-gnu/nios2-elf/lib/mhw-mulx/libm.a(lib_a-kf_cos.o)
                0x0000000000800a6c                __kernel_cosf
 .text          0x0000000000800d30        0x0 /home/nik/intelFPGA/nios2eds/bin/gnu/H-x86_64-pc-linux-gnu/bin/../lib/gcc/nios2-elf/9.2.1/../../../../../H-x86_64-pc-linux-gnu/nios2-elf/lib/mhw-mulx/libm.a(lib_a-kf_rem_pio2.o)
 .text.__kernel_rem_pio2f
                0x0000000000800d30      0xa90 /home/nik/intelFPGA/nios2eds/bin/gnu/H-x86_64-pc-linux-gnu/bin/../lib/gcc/nios2-elf/9.2.1/../../../../../H-x86_64-pc-linux-gnu/nios2-elf/lib/mhw-mulx/libm.a(lib_a-kf_rem_pio2.o)
                0x0000000000800d30                __kernel_rem_pio2f
 .text          0x00000000008017c0        0x0 /home/nik/intelFPGA/nios2eds/bin/gnu/H-x86_64-pc-linux-gnu/bin/../lib/gcc/nios2-elf/9.2.1/../../../../../H-x86_64-pc-linux-gnu/nios2-elf/lib/mhw-mulx/libm.a(lib_a-kf_sin.o)
 .text.__kernel_sinf
                0x00000000008017c0      0x1b4 /home/nik/intelFPGA/nios2eds/bin/gnu/H-x86_64-pc-linux-gnu/bin/../lib/gcc/nios2-elf/9.2.1/../../../../../H-x86_64-pc-linux-gnu/nios2-elf/lib/mhw-mulx/libm.a(lib_a-kf_sin.o)
                0x00000000008017c0                __kernel_sinf
 .text          0x0000000000801974        0x0 /home/nik/intelFPGA/nios2eds/bin/gnu/H-x86_64-pc-linux-gnu/bin/../lib/gcc/nios2-elf/9.2.1/../../../../../H-x86_64-pc-linux-gnu/nios2-elf/lib/mhw-mulx/libm.a(lib_a-sf_floor.o)
 .text.floorf   0x0000000000801974       0xf4 /home/nik/intelFPGA/nios2eds/bin/gnu/H-x86_64-pc-linux-gnu/bin/../lib/gcc/nios2-elf/9.2.1/../../../../../H-x86_64-pc-linux-gnu/nios2-elf/lib/mhw-mulx/libm.a(lib_a-sf_floor.o)
                0x0000000000801974                floorf
 .text          0x0000000000801a68        0x0 /home/nik/intelFPGA/nios2eds/bin/gnu/H-x86_64-pc-linux-gnu/bin/../lib/gcc/nios2-elf/9.2.1/../../../../../H-x86_64-pc-linux-gnu/nios2-elf/lib/mhw-mulx/libm.a(lib_a-sf_scalbn.o)
 .text.scalbnf  0x0000000000801a68      0x14c /home/nik/intelFPGA/nios2eds/bin/gnu/H-x86_64-pc-linux-gnu/bin/../lib/gcc/nios2-elf/9.2.1/../../../../../H-x86_64-pc-linux-gnu/nios2-elf/lib/mhw-mulx/libm.a(lib_a-sf_scalbn.o)
                0x0000000000801a68                scalbnf
 .text          0x0000000000801bb4      0x45c /home/nik/intelFPGA/nios2eds/bin/gnu/H-x86_64-pc-linux-gnu/bin/../lib/gcc/nios2-elf/9.2.1/mhw-mulx/libgcc.a(addsf3.o)
                0x0000000000801bb4                __addsf3
 .text          0x0000000000802010       0x78 /home/nik/intelFPGA/nios2eds/bin/gnu/H-x86_64-pc-linux-gnu/bin/../lib/gcc/nios2-elf/9.2.1/mhw-mulx/libgcc.a(eqsf2.o)
                0x0000000000802010                __nesf2
                0x0000000000802010                __eqsf2
 .text          0x0000000000802088       0xc4 /home/nik/intelFPGA/nios2eds/bin/gnu/H-x86_64-pc-linux-gnu/bin/../lib/gcc/nios2-elf/9.2.1/mhw-mulx/libgcc.a(gesf2.o)
                0x0000000000802088                __gtsf2
                0x0000000000802088                __gesf2
 .text          0x000000000080214c      0x3b0 /home/nik/intelFPGA/nios2eds/bin/gnu/H-x86_64-pc-linux-gnu/bin/../lib/gcc/nios2-elf/9.2.1/mhw-mulx/libgcc.a(mulsf3.o)
                0x000000000080214c                __mulsf3
 .text          0x00000000008024fc      0x484 /home/nik/intelFPGA/nios2eds/bin/gnu/H-x86_64-pc-linux-gnu/bin/../lib/gcc/nios2-elf/9.2.1/mhw-mulx/libgcc.a(subsf3.o)
                0x00000000008024fc                __subsf3
 .text          0x0000000000802980       0x70 /home/nik/intelFPGA/nios2eds/bin/gnu/H-x86_64-pc-linux-gnu/bin/../lib/gcc/nios2-elf/9.2.1/mhw-mulx/libgcc.a(fixsfsi.o)
                0x0000000000802980                __fixsfsi
 .text          0x00000000008029f0      0x124 /home/nik/intelFPGA/nios2eds/bin/gnu/H-x86_64-pc-linux-gnu/bin/../lib/gcc/nios2-elf/9.2.1/mhw-mulx/libgcc.a(floatsisf.o)
                0x00000000008029f0                __floatsisf
 .text          0x0000000000802b14       0xfc /home/nik/intelFPGA/nios2eds/bin/gnu/H-x86_64-pc-linux-gnu/bin/../lib/gcc/nios2-elf/9.2.1/mhw-mulx/libgcc.a(extendsfdf2.o)
                0x0000000000802b14                __extendsfdf2
 .text          0x0000000000802c10       0x54 /home/nik/intelFPGA/nios2eds/bin/gnu/H-x86_64-pc-linux-gnu/bin/../lib/gcc/nios2-elf/9.2.1/mhw-mulx/libgcc.a(_clzsi2.o)
                0x0000000000802c10                __clzsi2
 .text          0x0000000000802c64        0x0 /home/nik/intelFPGA/nios2eds/bin/gnu/H-x86_64-pc-linux-gnu/bin/../lib/gcc/nios2-elf/9.2.1/mhw-mulx/libgcc.a(_clz.o)
 .text          0x0000000000802c64        0x0 /home/nik/intelFPGA/nios2eds/bin/gnu/H-x86_64-pc-linux-gnu/bin/../lib/gcc/nios2-elf/9.2.1/../../../../../H-x86_64-pc-linux-gnu/nios2-elf/lib/mhw-mulx/libc.a(lib_a-printf.o)
 .text._printf_r
                0x0000000000802c64       0x30 /home/nik/intelFPGA/nios2eds/bin/gnu/H-x86_64-pc-linux-gnu/bin/../lib/gcc/nios2-elf/9.2.1/../../../../../H-x86_64-pc-linux-gnu/nios2-elf/lib/mhw-mulx/libc.a(lib_a-printf.o)
                0x0000000000802c64                _printf_r
 .text.printf   0x0000000000802c94       0x38 /home/nik/intelFPGA/nios2eds/bin/gnu/H-x86_64-pc-linux-gnu/bin/../lib/gcc/nios2-elf/9.2.1/../../../../../H-x86_64-pc-linux-gnu/nios2-elf/lib/mhw-mulx/libc.a(lib_a-printf.o)
                0x0000000000802c94                printf
 .text          0x0000000000802ccc        0x0 /home/nik/intelFPGA/nios2eds/bin/gnu/H-x86_64-pc-linux-gnu/bin/../lib/gcc/nios2-elf/9.2.1/../../../../../H-x86_64-pc-linux-gnu/nios2-elf/lib/mhw-mulx/libc.a(lib_a-puts.o)
 .text._puts_r  0x0000000000802ccc       0xcc /home/nik/intelFPGA/nios2eds/bin/gnu/H-x86_64-pc-linux-gnu/bin/../lib/gcc/nios2-elf/9.2.1/../../../../../H-x86_64-pc-linux-gnu/nios2-elf/lib/mhw-mulx/libc.a(lib_a-puts.o)
                0x0000000000802ccc                _puts_r
 .text.puts     0x0000000000802d98       0x10 /home/nik/intelFPGA/nios2eds/bin/gnu/H-x86_64-pc-linux-gnu/bin/../lib/gcc/nios2-elf/9.2.1/../../../../../H-x86_64-pc-linux-gnu/nios2-elf/lib/mhw-mulx/libc.a(lib_a-puts.o)
                0x0000000000802d98                puts
 .text          0x0000000000802da8        0x0 /home/nik/intelFPGA/nios2eds/bin/gnu/H-x86_64-pc-linux-gnu/bin/../lib/gcc/nios2-elf/9.2.1/../../../../../H-x86_64-pc-linux-gnu/nios2-elf/lib/mhw-mulx/libc.a(lib_a-strlen.o)
 .text.strlen   0x0000000000802da8       0x98 /home/nik/intelFPGA/nios2eds/bin/gnu/H-x86_64-pc-linux-gnu/bin/../lib/gcc/nios2-elf/9.2.1/../../../../../H-x86_64-pc-linux-gnu/nios2-elf/lib/mhw-mulx/libc.a(lib_a-strlen.o)
                0x0000000000802da8                strlen
 .text          0x0000000000802e40        0x0 /home/nik/intelFPGA/nios2eds/bin/gnu/H-x86_64-pc-linux-gnu/bin/../lib/gcc/nios2-elf/9.2.1/../../../../../H-x86_64-pc-linux-gnu/nios2-elf/lib/mhw-mulx/libc.a(lib_a-vfprintf.o)
 .text.___vfprintf_internal_r
                0x0000000000802e40     0x20dc /home/nik/intelFPGA/nios2eds/bin/gnu/H-x86_64-pc-linux-gnu/bin/../lib/gcc/nios2-elf/9.2.1/../../../../../H-x86_64-pc-linux-gnu/nios2-elf/lib/mhw-mulx/libc.a(lib_a-vfprintf.o)
                0x0000000000802e40                ___vfprintf_internal_r
 .text.__vfprintf_internal
                0x0000000000804f1c       0x1c /home/nik/intelFPGA/nios2eds/bin/gnu/H-x86_64-pc-linux-gnu/bin/../lib/gcc/nios2-elf/9.2.1/../../../../../H-x86_64-pc-linux-gnu/nios2-elf/lib/mhw-mulx/libc.a(lib_a-vfprintf.o)
                0x0000000000804f1c                __vfprintf_internal
 .text.__sbprintf
                0x0000000000804f38       0xc0 /home/nik/intelFPGA/nios2eds/bin/gnu/H-x86_64-pc-linux-gnu/bin/../lib/gcc/nios2-elf/9.2.1/../../../../../H-x86_64-pc-linux-gnu/nios2-elf/lib/mhw-mulx/libc.a(lib_a-vfprintf.o)
 .text          0x0000000000804ff8        0x0 /home/nik/intelFPGA/nios2eds/bin/gnu/H-x86_64-pc-linux-gnu/bin/../lib/gcc/nios2-elf/9.2.1/../../../../../H-x86_64-pc-linux-gnu/nios2-elf/lib/mhw-mulx/libc.a(lib_a-wsetup.o)
 .text.__swsetup_r
                0x0000000000804ff8      0x15c /home/nik/intelFPGA/nios2eds/bin/gnu/H-x86_64-pc-linux-gnu/bin/../lib/gcc/nios2-elf/9.2.1/../../../../../H-x86_64-pc-linux-gnu/nios2-elf/lib/mhw-mulx/libc.a(lib_a-wsetup.o)
                0x0000000000804ff8                __swsetup_r
 .text          0x0000000000805154        0x0 /home/nik/intelFPGA/nios2eds/bin/gnu/H-x86_64-pc-linux-gnu/bin/../lib/gcc/nios2-elf/9.2.1/../../../../../H-x86_64-pc-linux-gnu/nios2-elf/lib/mhw-mulx/libc.a(lib_a-dtoa.o)
 .text.quorem   0x0000000000805154      0x1fc /home/nik/intelFPGA/nios2eds/bin/gnu/H-x86_64-pc-linux-gnu/bin/../lib/gcc/nios2-elf/9.2.1/../../../../../H-x86_64-pc-linux-gnu/nios2-elf/lib/mhw-mulx/libc.a(lib_a-dtoa.o)
 .text._dtoa_r  0x0000000000805350     0x1750 /home/nik/intelFPGA/nios2eds/bin/gnu/H-x86_64-pc-linux-gnu/bin/../lib/gcc/nios2-elf/9.2.1/../../../../../H-x86_64-pc-linux-gnu/nios2-elf/lib/mhw-mulx/libc.a(lib_a-dtoa.o)
                0x0000000000805350                _dtoa_r
 .text          0x0000000000806aa0        0x0 /home/nik/intelFPGA/nios2eds/bin/gnu/H-x86_64-pc-linux-gnu/bin/../lib/gcc/nios2-elf/9.2.1/../../../../../H-x86_64-pc-linux-gnu/nios2-elf/lib/mhw-mulx/libc.a(lib_a-fflush.o)
 .text.__sflush_r
                0x0000000000806aa0      0x228 /home/nik/intelFPGA/nios2eds/bin/gnu/H-x86_64-pc-linux-gnu/bin/../lib/gcc/nios2-elf/9.2.1/../../../../../H-x86_64-pc-linux-gnu/nios2-elf/lib/mhw-mulx/libc.a(lib_a-fflush.o)
                0x0000000000806aa0                __sflush_r
 .text._fflush_r
                0x0000000000806cc8       0x60 /home/nik/intelFPGA/nios2eds/bin/gnu/H-x86_64-pc-linux-gnu/bin/../lib/gcc/nios2-elf/9.2.1/../../../../../H-x86_64-pc-linux-gnu/nios2-elf/lib/mhw-mulx/libc.a(lib_a-fflush.o)
                0x0000000000806cc8                _fflush_r
 .text.fflush   0x0000000000806d28       0x28 /home/nik/intelFPGA/nios2eds/bin/gnu/H-x86_64-pc-linux-gnu/bin/../lib/gcc/nios2-elf/9.2.1/../../../../../H-x86_64-pc-linux-gnu/nios2-elf/lib/mhw-mulx/libc.a(lib_a-fflush.o)
                0x0000000000806d28                fflush
 .text          0x0000000000806d50        0x0 /home/nik/intelFPGA/nios2eds/bin/gnu/H-x86_64-pc-linux-gnu/bin/../lib/gcc/nios2-elf/9.2.1/../../../../../H-x86_64-pc-linux-gnu/nios2-elf/lib/mhw-mulx/libc.a(lib_a-findfp.o)
 .text.__fp_lock
                0x0000000000806d50        0x8 /home/nik/intelFPGA/nios2eds/bin/gnu/H-x86_64-pc-linux-gnu/bin/../lib/gcc/nios2-elf/9.2.1/../../../../../H-x86_64-pc-linux-gnu/nios2-elf/lib/mhw-mulx/libc.a(lib_a-findfp.o)
 .text._cleanup_r
                0x0000000000806d58        0xc /home/nik/intelFPGA/nios2eds/bin/gnu/H-x86_64-pc-linux-gnu/bin/../lib/gcc/nios2-elf/9.2.1/../../../../../H-x86_64-pc-linux-gnu/nios2-elf/lib/mhw-mulx/libc.a(lib_a-findfp.o)
                0x0000000000806d58                _cleanup_r
 .text.__sinit.part.0
                0x0000000000806d64      0x168 /home/nik/intelFPGA/nios2eds/bin/gnu/H-x86_64-pc-linux-gnu/bin/../lib/gcc/nios2-elf/9.2.1/../../../../../H-x86_64-pc-linux-gnu/nios2-elf/lib/mhw-mulx/libc.a(lib_a-findfp.o)
 .text.__fp_unlock
                0x0000000000806ecc        0x8 /home/nik/intelFPGA/nios2eds/bin/gnu/H-x86_64-pc-linux-gnu/bin/../lib/gcc/nios2-elf/9.2.1/../../../../../H-x86_64-pc-linux-gnu/nios2-elf/lib/mhw-mulx/libc.a(lib_a-findfp.o)
 .text.__sfmoreglue
                0x0000000000806ed4       0x68 /home/nik/intelFPGA/nios2eds/bin/gnu/H-x86_64-pc-linux-gnu/bin/../lib/gcc/nios2-elf/9.2.1/../../../../../H-x86_64-pc-linux-gnu/nios2-elf/lib/mhw-mulx/libc.a(lib_a-findfp.o)
                0x0000000000806ed4                __sfmoreglue
 .text.__sfp    0x0000000000806f3c       0xfc /home/nik/intelFPGA/nios2eds/bin/gnu/H-x86_64-pc-linux-gnu/bin/../lib/gcc/nios2-elf/9.2.1/../../../../../H-x86_64-pc-linux-gnu/nios2-elf/lib/mhw-mulx/libc.a(lib_a-findfp.o)
                0x0000000000806f3c                __sfp
 .text._cleanup
                0x0000000000807038       0x14 /home/nik/intelFPGA/nios2eds/bin/gnu/H-x86_64-pc-linux-gnu/bin/../lib/gcc/nios2-elf/9.2.1/../../../../../H-x86_64-pc-linux-gnu/nios2-elf/lib/mhw-mulx/libc.a(lib_a-findfp.o)
                0x0000000000807038                _cleanup
 .text.__sinit  0x000000000080704c       0x10 /home/nik/intelFPGA/nios2eds/bin/gnu/H-x86_64-pc-linux-gnu/bin/../lib/gcc/nios2-elf/9.2.1/../../../../../H-x86_64-pc-linux-gnu/nios2-elf/lib/mhw-mulx/libc.a(lib_a-findfp.o)
                0x000000000080704c                __sinit
 .text.__sfp_lock_acquire
                0x000000000080705c        0x4 /home/nik/intelFPGA/nios2eds/bin/gnu/H-x86_64-pc-linux-gnu/bin/../lib/gcc/nios2-elf/9.2.1/../../../../../H-x86_64-pc-linux-gnu/nios2-elf/lib/mhw-mulx/libc.a(lib_a-findfp.o)
                0x000000000080705c                __sfp_lock_acquire
 .text.__sfp_lock_release
                0x0000000000807060        0x4 /home/nik/intelFPGA/nios2eds/bin/gnu/H-x86_64-pc-linux-gnu/bin/../lib/gcc/nios2-elf/9.2.1/../../../../../H-x86_64-pc-linux-gnu/nios2-elf/lib/mhw-mulx/libc.a(lib_a-findfp.o)
                0x0000000000807060                __sfp_lock_release
 .text.__sinit_lock_acquire
                0x0000000000807064        0x4 /home/nik/intelFPGA/nios2eds/bin/gnu/H-x86_64-pc-linux-gnu/bin/../lib/gcc/nios2-elf/9.2.1/../../../../../H-x86_64-pc-linux-gnu/nios2-elf/lib/mhw-mulx/libc.a(lib_a-findfp.o)
                0x0000000000807064                __sinit_lock_acquire
 .text.__sinit_lock_release
                0x0000000000807068        0x4 /home/nik/intelFPGA/nios2eds/bin/gnu/H-x86_64-pc-linux-gnu/bin/../lib/gcc/nios2-elf/9.2.1/../../../../../H-x86_64-pc-linux-gnu/nios2-elf/lib/mhw-mulx/libc.a(lib_a-findfp.o)
                0x0000000000807068                __sinit_lock_release
 .text.__fp_lock_all
                0x000000000080706c       0x14 /home/nik/intelFPGA/nios2eds/bin/gnu/H-x86_64-pc-linux-gnu/bin/../lib/gcc/nios2-elf/9.2.1/../../../../../H-x86_64-pc-linux-gnu/nios2-elf/lib/mhw-mulx/libc.a(lib_a-findfp.o)
                0x000000000080706c                __fp_lock_all
 .text.__fp_unlock_all
                0x0000000000807080       0x14 /home/nik/intelFPGA/nios2eds/bin/gnu/H-x86_64-pc-linux-gnu/bin/../lib/gcc/nios2-elf/9.2.1/../../../../../H-x86_64-pc-linux-gnu/nios2-elf/lib/mhw-mulx/libc.a(lib_a-findfp.o)
                0x0000000000807080                __fp_unlock_all
 .text          0x0000000000807094        0x0 /home/nik/intelFPGA/nios2eds/bin/gnu/H-x86_64-pc-linux-gnu/bin/../lib/gcc/nios2-elf/9.2.1/../../../../../H-x86_64-pc-linux-gnu/nios2-elf/lib/mhw-mulx/libc.a(lib_a-freer.o)
 .text._malloc_trim_r
                0x0000000000807094      0x11c /home/nik/intelFPGA/nios2eds/bin/gnu/H-x86_64-pc-linux-gnu/bin/../lib/gcc/nios2-elf/9.2.1/../../../../../H-x86_64-pc-linux-gnu/nios2-elf/lib/mhw-mulx/libc.a(lib_a-freer.o)
                0x0000000000807094                _malloc_trim_r
 .text._free_r  0x00000000008071b0      0x2fc /home/nik/intelFPGA/nios2eds/bin/gnu/H-x86_64-pc-linux-gnu/bin/../lib/gcc/nios2-elf/9.2.1/../../../../../H-x86_64-pc-linux-gnu/nios2-elf/lib/mhw-mulx/libc.a(lib_a-freer.o)
                0x00000000008071b0                _free_r
 .text          0x00000000008074ac        0x0 /home/nik/intelFPGA/nios2eds/bin/gnu/H-x86_64-pc-linux-gnu/bin/../lib/gcc/nios2-elf/9.2.1/../../../../../H-x86_64-pc-linux-gnu/nios2-elf/lib/mhw-mulx/libc.a(lib_a-fvwrite.o)
 .text.__sfvwrite_r
                0x00000000008074ac      0x4bc /home/nik/intelFPGA/nios2eds/bin/gnu/H-x86_64-pc-linux-gnu/bin/../lib/gcc/nios2-elf/9.2.1/../../../../../H-x86_64-pc-linux-gnu/nios2-elf/lib/mhw-mulx/libc.a(lib_a-fvwrite.o)
                0x00000000008074ac                __sfvwrite_r
 .text          0x0000000000807968        0x0 /home/nik/intelFPGA/nios2eds/bin/gnu/H-x86_64-pc-linux-gnu/bin/../lib/gcc/nios2-elf/9.2.1/../../../../../H-x86_64-pc-linux-gnu/nios2-elf/lib/mhw-mulx/libc.a(lib_a-fwalk.o)
 .text._fwalk   0x0000000000807968       0x98 /home/nik/intelFPGA/nios2eds/bin/gnu/H-x86_64-pc-linux-gnu/bin/../lib/gcc/nios2-elf/9.2.1/../../../../../H-x86_64-pc-linux-gnu/nios2-elf/lib/mhw-mulx/libc.a(lib_a-fwalk.o)
                0x0000000000807968                _fwalk
 .text._fwalk_reent
                0x0000000000807a00       0xa8 /home/nik/intelFPGA/nios2eds/bin/gnu/H-x86_64-pc-linux-gnu/bin/../lib/gcc/nios2-elf/9.2.1/../../../../../H-x86_64-pc-linux-gnu/nios2-elf/lib/mhw-mulx/libc.a(lib_a-fwalk.o)
                0x0000000000807a00                _fwalk_reent
 .text          0x0000000000807aa8        0x0 /home/nik/intelFPGA/nios2eds/bin/gnu/H-x86_64-pc-linux-gnu/bin/../lib/gcc/nios2-elf/9.2.1/../../../../../H-x86_64-pc-linux-gnu/nios2-elf/lib/mhw-mulx/libc.a(lib_a-impure.o)
 .text          0x0000000000807aa8        0x0 /home/nik/intelFPGA/nios2eds/bin/gnu/H-x86_64-pc-linux-gnu/bin/../lib/gcc/nios2-elf/9.2.1/../../../../../H-x86_64-pc-linux-gnu/nios2-elf/lib/mhw-mulx/libc.a(lib_a-localeconv.o)
 .text.__localeconv_l
                0x0000000000807aa8        0x8 /home/nik/intelFPGA/nios2eds/bin/gnu/H-x86_64-pc-linux-gnu/bin/../lib/gcc/nios2-elf/9.2.1/../../../../../H-x86_64-pc-linux-gnu/nios2-elf/lib/mhw-mulx/libc.a(lib_a-localeconv.o)
                0x0000000000807aa8                __localeconv_l
 .text._localeconv_r
                0x0000000000807ab0        0xc /home/nik/intelFPGA/nios2eds/bin/gnu/H-x86_64-pc-linux-gnu/bin/../lib/gcc/nios2-elf/9.2.1/../../../../../H-x86_64-pc-linux-gnu/nios2-elf/lib/mhw-mulx/libc.a(lib_a-localeconv.o)
                0x0000000000807ab0                _localeconv_r
 .text.localeconv
                0x0000000000807abc        0xc /home/nik/intelFPGA/nios2eds/bin/gnu/H-x86_64-pc-linux-gnu/bin/../lib/gcc/nios2-elf/9.2.1/../../../../../H-x86_64-pc-linux-gnu/nios2-elf/lib/mhw-mulx/libc.a(lib_a-localeconv.o)
                0x0000000000807abc                localeconv
 .text          0x0000000000807ac8        0x0 /home/nik/intelFPGA/nios2eds/bin/gnu/H-x86_64-pc-linux-gnu/bin/../lib/gcc/nios2-elf/9.2.1/../../../../../H-x86_64-pc-linux-gnu/nios2-elf/lib/mhw-mulx/libc.a(lib_a-makebuf.o)
 .text.__swhatbuf_r
                0x0000000000807ac8       0x98 /home/nik/intelFPGA/nios2eds/bin/gnu/H-x86_64-pc-linux-gnu/bin/../lib/gcc/nios2-elf/9.2.1/../../../../../H-x86_64-pc-linux-gnu/nios2-elf/lib/mhw-mulx/libc.a(lib_a-makebuf.o)
                0x0000000000807ac8                __swhatbuf_r
 .text.__smakebuf_r
                0x0000000000807b60      0x140 /home/nik/intelFPGA/nios2eds/bin/gnu/H-x86_64-pc-linux-gnu/bin/../lib/gcc/nios2-elf/9.2.1/../../../../../H-x86_64-pc-linux-gnu/nios2-elf/lib/mhw-mulx/libc.a(lib_a-makebuf.o)
                0x0000000000807b60                __smakebuf_r
 .text          0x0000000000807ca0        0x0 /home/nik/intelFPGA/nios2eds/bin/gnu/H-x86_64-pc-linux-gnu/bin/../lib/gcc/nios2-elf/9.2.1/../../../../../H-x86_64-pc-linux-gnu/nios2-elf/lib/mhw-mulx/libc.a(lib_a-mallocr.o)
 .text._malloc_r
                0x0000000000807ca0      0x7e0 /home/nik/intelFPGA/nios2eds/bin/gnu/H-x86_64-pc-linux-gnu/bin/../lib/gcc/nios2-elf/9.2.1/../../../../../H-x86_64-pc-linux-gnu/nios2-elf/lib/mhw-mulx/libc.a(lib_a-mallocr.o)
                0x0000000000807ca0                _malloc_r
 .text          0x0000000000808480        0x0 /home/nik/intelFPGA/nios2eds/bin/gnu/H-x86_64-pc-linux-gnu/bin/../lib/gcc/nios2-elf/9.2.1/../../../../../H-x86_64-pc-linux-gnu/nios2-elf/lib/mhw-mulx/libc.a(lib_a-memchr.o)
 .text.memchr   0x0000000000808480       0xd4 /home/nik/intelFPGA/nios2eds/bin/gnu/H-x86_64-pc-linux-gnu/bin/../lib/gcc/nios2-elf/9.2.1/../../../../../H-x86_64-pc-linux-gnu/nios2-elf/lib/mhw-mulx/libc.a(lib_a-memchr.o)
                0x0000000000808480                memchr
 .text          0x0000000000808554        0x0 /home/nik/intelFPGA/nios2eds/bin/gnu/H-x86_64-pc-linux-gnu/bin/../lib/gcc/nios2-elf/9.2.1/../../../../../H-x86_64-pc-linux-gnu/nios2-elf/lib/mhw-mulx/libc.a(lib_a-memcpy.o)
 .text.memcpy   0x0000000000808554      0x100 /home/nik/intelFPGA/nios2eds/bin/gnu/H-x86_64-pc-linux-gnu/bin/../lib/gcc/nios2-elf/9.2.1/../../../../../H-x86_64-pc-linux-gnu/nios2-elf/lib/mhw-mulx/libc.a(lib_a-memcpy.o)
                0x0000000000808554                memcpy
 .text          0x0000000000808654        0x0 /home/nik/intelFPGA/nios2eds/bin/gnu/H-x86_64-pc-linux-gnu/bin/../lib/gcc/nios2-elf/9.2.1/../../../../../H-x86_64-pc-linux-gnu/nios2-elf/lib/mhw-mulx/libc.a(lib_a-memmove.o)
 .text.memmove  0x0000000000808654      0x12c /home/nik/intelFPGA/nios2eds/bin/gnu/H-x86_64-pc-linux-gnu/bin/../lib/gcc/nios2-elf/9.2.1/../../../../../H-x86_64-pc-linux-gnu/nios2-elf/lib/mhw-mulx/libc.a(lib_a-memmove.o)
                0x0000000000808654                memmove
 .text          0x0000000000808780        0x0 /home/nik/intelFPGA/nios2eds/bin/gnu/H-x86_64-pc-linux-gnu/bin/../lib/gcc/nios2-elf/9.2.1/../../../../../H-x86_64-pc-linux-gnu/nios2-elf/lib/mhw-mulx/libc.a(lib_a-memset.o)
 .text.memset   0x0000000000808780       0xf0 /home/nik/intelFPGA/nios2eds/bin/gnu/H-x86_64-pc-linux-gnu/bin/../lib/gcc/nios2-elf/9.2.1/../../../../../H-x86_64-pc-linux-gnu/nios2-elf/lib/mhw-mulx/libc.a(lib_a-memset.o)
                0x0000000000808780                memset
 .text          0x0000000000808870        0x0 /home/nik/intelFPGA/nios2eds/bin/gnu/H-x86_64-pc-linux-gnu/bin/../lib/gcc/nios2-elf/9.2.1/../../../../../H-x86_64-pc-linux-gnu/nios2-elf/lib/mhw-mulx/libc.a(lib_a-mprec.o)
 .text._Balloc  0x0000000000808870       0xa4 /home/nik/intelFPGA/nios2eds/bin/gnu/H-x86_64-pc-linux-gnu/bin/../lib/gcc/nios2-elf/9.2.1/../../../../../H-x86_64-pc-linux-gnu/nios2-elf/lib/mhw-mulx/libc.a(lib_a-mprec.o)
                0x0000000000808870                _Balloc
 .text._Bfree   0x0000000000808914       0x24 /home/nik/intelFPGA/nios2eds/bin/gnu/H-x86_64-pc-linux-gnu/bin/../lib/gcc/nios2-elf/9.2.1/../../../../../H-x86_64-pc-linux-gnu/nios2-elf/lib/mhw-mulx/libc.a(lib_a-mprec.o)
                0x0000000000808914                _Bfree
 .text.__multadd
                0x0000000000808938      0x138 /home/nik/intelFPGA/nios2eds/bin/gnu/H-x86_64-pc-linux-gnu/bin/../lib/gcc/nios2-elf/9.2.1/../../../../../H-x86_64-pc-linux-gnu/nios2-elf/lib/mhw-mulx/libc.a(lib_a-mprec.o)
                0x0000000000808938                __multadd
 .text.__s2b    0x0000000000808a70      0x138 /home/nik/intelFPGA/nios2eds/bin/gnu/H-x86_64-pc-linux-gnu/bin/../lib/gcc/nios2-elf/9.2.1/../../../../../H-x86_64-pc-linux-gnu/nios2-elf/lib/mhw-mulx/libc.a(lib_a-mprec.o)
                0x0000000000808a70                __s2b
 .text.__hi0bits
                0x0000000000808ba8       0x64 /home/nik/intelFPGA/nios2eds/bin/gnu/H-x86_64-pc-linux-gnu/bin/../lib/gcc/nios2-elf/9.2.1/../../../../../H-x86_64-pc-linux-gnu/nios2-elf/lib/mhw-mulx/libc.a(lib_a-mprec.o)
                0x0000000000808ba8                __hi0bits
 .text.__lo0bits
                0x0000000000808c0c       0xb0 /home/nik/intelFPGA/nios2eds/bin/gnu/H-x86_64-pc-linux-gnu/bin/../lib/gcc/nios2-elf/9.2.1/../../../../../H-x86_64-pc-linux-gnu/nios2-elf/lib/mhw-mulx/libc.a(lib_a-mprec.o)
                0x0000000000808c0c                __lo0bits
 .text.__i2b    0x0000000000808cbc       0x54 /home/nik/intelFPGA/nios2eds/bin/gnu/H-x86_64-pc-linux-gnu/bin/../lib/gcc/nios2-elf/9.2.1/../../../../../H-x86_64-pc-linux-gnu/nios2-elf/lib/mhw-mulx/libc.a(lib_a-mprec.o)
                0x0000000000808cbc                __i2b
 .text.__multiply
                0x0000000000808d10      0x230 /home/nik/intelFPGA/nios2eds/bin/gnu/H-x86_64-pc-linux-gnu/bin/../lib/gcc/nios2-elf/9.2.1/../../../../../H-x86_64-pc-linux-gnu/nios2-elf/lib/mhw-mulx/libc.a(lib_a-mprec.o)
                0x0000000000808d10                __multiply
 .text.__pow5mult
                0x0000000000808f40      0x118 /home/nik/intelFPGA/nios2eds/bin/gnu/H-x86_64-pc-linux-gnu/bin/../lib/gcc/nios2-elf/9.2.1/../../../../../H-x86_64-pc-linux-gnu/nios2-elf/lib/mhw-mulx/libc.a(lib_a-mprec.o)
                0x0000000000808f40                __pow5mult
 .text.__lshift
                0x0000000000809058      0x188 /home/nik/intelFPGA/nios2eds/bin/gnu/H-x86_64-pc-linux-gnu/bin/../lib/gcc/nios2-elf/9.2.1/../../../../../H-x86_64-pc-linux-gnu/nios2-elf/lib/mhw-mulx/libc.a(lib_a-mprec.o)
                0x0000000000809058                __lshift
 .text.__mcmp   0x00000000008091e0       0x58 /home/nik/intelFPGA/nios2eds/bin/gnu/H-x86_64-pc-linux-gnu/bin/../lib/gcc/nios2-elf/9.2.1/../../../../../H-x86_64-pc-linux-gnu/nios2-elf/lib/mhw-mulx/libc.a(lib_a-mprec.o)
                0x00000000008091e0                __mcmp
 .text.__mdiff  0x0000000000809238      0x22c /home/nik/intelFPGA/nios2eds/bin/gnu/H-x86_64-pc-linux-gnu/bin/../lib/gcc/nios2-elf/9.2.1/../../../../../H-x86_64-pc-linux-gnu/nios2-elf/lib/mhw-mulx/libc.a(lib_a-mprec.o)
                0x0000000000809238                __mdiff
 .text.__ulp    0x0000000000809464       0x5c /home/nik/intelFPGA/nios2eds/bin/gnu/H-x86_64-pc-linux-gnu/bin/../lib/gcc/nios2-elf/9.2.1/../../../../../H-x86_64-pc-linux-gnu/nios2-elf/lib/mhw-mulx/libc.a(lib_a-mprec.o)
                0x0000000000809464                __ulp
 .text.__b2d    0x00000000008094c0      0x104 /home/nik/intelFPGA/nios2eds/bin/gnu/H-x86_64-pc-linux-gnu/bin/../lib/gcc/nios2-elf/9.2.1/../../../../../H-x86_64-pc-linux-gnu/nios2-elf/lib/mhw-mulx/libc.a(lib_a-mprec.o)
                0x00000000008094c0                __b2d
 .text.__d2b    0x00000000008095c4      0x164 /home/nik/intelFPGA/nios2eds/bin/gnu/H-x86_64-pc-linux-gnu/bin/../lib/gcc/nios2-elf/9.2.1/../../../../../H-x86_64-pc-linux-gnu/nios2-elf/lib/mhw-mulx/libc.a(lib_a-mprec.o)
                0x00000000008095c4                __d2b
 .text.__ratio  0x0000000000809728       0xa8 /home/nik/intelFPGA/nios2eds/bin/gnu/H-x86_64-pc-linux-gnu/bin/../lib/gcc/nios2-elf/9.2.1/../../../../../H-x86_64-pc-linux-gnu/nios2-elf/lib/mhw-mulx/libc.a(lib_a-mprec.o)
                0x0000000000809728                __ratio
 .text._mprec_log10
                0x00000000008097d0       0x70 /home/nik/intelFPGA/nios2eds/bin/gnu/H-x86_64-pc-linux-gnu/bin/../lib/gcc/nios2-elf/9.2.1/../../../../../H-x86_64-pc-linux-gnu/nios2-elf/lib/mhw-mulx/libc.a(lib_a-mprec.o)
                0x00000000008097d0                _mprec_log10
 .text.__copybits
                0x0000000000809840       0x6c /home/nik/intelFPGA/nios2eds/bin/gnu/H-x86_64-pc-linux-gnu/bin/../lib/gcc/nios2-elf/9.2.1/../../../../../H-x86_64-pc-linux-gnu/nios2-elf/lib/mhw-mulx/libc.a(lib_a-mprec.o)
                0x0000000000809840                __copybits
 .text.__any_on
                0x00000000008098ac       0x60 /home/nik/intelFPGA/nios2eds/bin/gnu/H-x86_64-pc-linux-gnu/bin/../lib/gcc/nios2-elf/9.2.1/../../../../../H-x86_64-pc-linux-gnu/nios2-elf/lib/mhw-mulx/libc.a(lib_a-mprec.o)
                0x00000000008098ac                __any_on
 .text          0x000000000080990c        0x0 /home/nik/intelFPGA/nios2eds/bin/gnu/H-x86_64-pc-linux-gnu/bin/../lib/gcc/nios2-elf/9.2.1/../../../../../H-x86_64-pc-linux-gnu/nios2-elf/lib/mhw-mulx/libc.a(lib_a-reallocr.o)
 .text._realloc_r
                0x000000000080990c      0x564 /home/nik/intelFPGA/nios2eds/bin/gnu/H-x86_64-pc-linux-gnu/bin/../lib/gcc/nios2-elf/9.2.1/../../../../../H-x86_64-pc-linux-gnu/nios2-elf/lib/mhw-mulx/libc.a(lib_a-reallocr.o)
                0x000000000080990c                _realloc_r
 .text          0x0000000000809e70        0x0 /home/nik/intelFPGA/nios2eds/bin/gnu/H-x86_64-pc-linux-gnu/bin/../lib/gcc/nios2-elf/9.2.1/../../../../../H-x86_64-pc-linux-gnu/nios2-elf/lib/mhw-mulx/libc.a(lib_a-sbrkr.o)
 .text._sbrk_r  0x0000000000809e70       0x58 /home/nik/intelFPGA/nios2eds/bin/gnu/H-x86_64-pc-linux-gnu/bin/../lib/gcc/nios2-elf/9.2.1/../../../../../H-x86_64-pc-linux-gnu/nios2-elf/lib/mhw-mulx/libc.a(lib_a-sbrkr.o)
                0x0000000000809e70                _sbrk_r
 .text          0x0000000000809ec8        0x0 /home/nik/intelFPGA/nios2eds/bin/gnu/H-x86_64-pc-linux-gnu/bin/../lib/gcc/nios2-elf/9.2.1/../../../../../H-x86_64-pc-linux-gnu/nios2-elf/lib/mhw-mulx/libc.a(lib_a-stdio.o)
 .text.__sread  0x0000000000809ec8       0x54 /home/nik/intelFPGA/nios2eds/bin/gnu/H-x86_64-pc-linux-gnu/bin/../lib/gcc/nios2-elf/9.2.1/../../../../../H-x86_64-pc-linux-gnu/nios2-elf/lib/mhw-mulx/libc.a(lib_a-stdio.o)
                0x0000000000809ec8                __sread
 .text.__seofread
                0x0000000000809f1c        0x8 /home/nik/intelFPGA/nios2eds/bin/gnu/H-x86_64-pc-linux-gnu/bin/../lib/gcc/nios2-elf/9.2.1/../../../../../H-x86_64-pc-linux-gnu/nios2-elf/lib/mhw-mulx/libc.a(lib_a-stdio.o)
                0x0000000000809f1c                __seofread
 .text.__swrite
                0x0000000000809f24       0x80 /home/nik/intelFPGA/nios2eds/bin/gnu/H-x86_64-pc-linux-gnu/bin/../lib/gcc/nios2-elf/9.2.1/../../../../../H-x86_64-pc-linux-gnu/nios2-elf/lib/mhw-mulx/libc.a(lib_a-stdio.o)
                0x0000000000809f24                __swrite
 .text.__sseek  0x0000000000809fa4       0x5c /home/nik/intelFPGA/nios2eds/bin/gnu/H-x86_64-pc-linux-gnu/bin/../lib/gcc/nios2-elf/9.2.1/../../../../../H-x86_64-pc-linux-gnu/nios2-elf/lib/mhw-mulx/libc.a(lib_a-stdio.o)
                0x0000000000809fa4                __sseek
 .text.__sclose
                0x000000000080a000        0x8 /home/nik/intelFPGA/nios2eds/bin/gnu/H-x86_64-pc-linux-gnu/bin/../lib/gcc/nios2-elf/9.2.1/../../../../../H-x86_64-pc-linux-gnu/nios2-elf/lib/mhw-mulx/libc.a(lib_a-stdio.o)
                0x000000000080a000                __sclose
 .text          0x000000000080a008        0x0 /home/nik/intelFPGA/nios2eds/bin/gnu/H-x86_64-pc-linux-gnu/bin/../lib/gcc/nios2-elf/9.2.1/../../../../../H-x86_64-pc-linux-gnu/nios2-elf/lib/mhw-mulx/libc.a(lib_a-vfiprintf.o)
 .text.__sprint_r.part.0
                0x000000000080a008       0xf4 /home/nik/intelFPGA/nios2eds/bin/gnu/H-x86_64-pc-linux-gnu/bin/../lib/gcc/nios2-elf/9.2.1/../../../../../H-x86_64-pc-linux-gnu/nios2-elf/lib/mhw-mulx/libc.a(lib_a-vfiprintf.o)
 .text.__sprint_r
                0x000000000080a0fc       0x18 /home/nik/intelFPGA/nios2eds/bin/gnu/H-x86_64-pc-linux-gnu/bin/../lib/gcc/nios2-elf/9.2.1/../../../../../H-x86_64-pc-linux-gnu/nios2-elf/lib/mhw-mulx/libc.a(lib_a-vfiprintf.o)
                0x000000000080a0fc                __sprint_r
 .text.___vfiprintf_internal_r
                0x000000000080a114     0x1304 /home/nik/intelFPGA/nios2eds/bin/gnu/H-x86_64-pc-linux-gnu/bin/../lib/gcc/nios2-elf/9.2.1/../../../../../H-x86_64-pc-linux-gnu/nios2-elf/lib/mhw-mulx/libc.a(lib_a-vfiprintf.o)
                0x000000000080a114                ___vfiprintf_internal_r
 .text.__vfiprintf_internal
                0x000000000080b418       0x1c /home/nik/intelFPGA/nios2eds/bin/gnu/H-x86_64-pc-linux-gnu/bin/../lib/gcc/nios2-elf/9.2.1/../../../../../H-x86_64-pc-linux-gnu/nios2-elf/lib/mhw-mulx/libc.a(lib_a-vfiprintf.o)
                0x000000000080b418                __vfiprintf_internal
 .text.__sbprintf
                0x000000000080b434       0xc0 /home/nik/intelFPGA/nios2eds/bin/gnu/H-x86_64-pc-linux-gnu/bin/../lib/gcc/nios2-elf/9.2.1/../../../../../H-x86_64-pc-linux-gnu/nios2-elf/lib/mhw-mulx/libc.a(lib_a-vfiprintf.o)
 .text          0x000000000080b4f4        0x0 /home/nik/intelFPGA/nios2eds/bin/gnu/H-x86_64-pc-linux-gnu/bin/../lib/gcc/nios2-elf/9.2.1/../../../../../H-x86_64-pc-linux-gnu/nios2-elf/lib/mhw-mulx/libc.a(lib_a-writer.o)
 .text._write_r
                0x000000000080b4f4       0x64 /home/nik/intelFPGA/nios2eds/bin/gnu/H-x86_64-pc-linux-gnu/bin/../lib/gcc/nios2-elf/9.2.1/../../../../../H-x86_64-pc-linux-gnu/nios2-elf/lib/mhw-mulx/libc.a(lib_a-writer.o)
                0x000000000080b4f4                _write_r
 .text          0x000000000080b558        0x0 /home/nik/intelFPGA/nios2eds/bin/gnu/H-x86_64-pc-linux-gnu/bin/../lib/gcc/nios2-elf/9.2.1/../../../../../H-x86_64-pc-linux-gnu/nios2-elf/lib/mhw-mulx/libc.a(closer.o)
 .text._close_r
                0x000000000080b558       0x58 /home/nik/intelFPGA/nios2eds/bin/gnu/H-x86_64-pc-linux-gnu/bin/../lib/gcc/nios2-elf/9.2.1/../../../../../H-x86_64-pc-linux-gnu/nios2-elf/lib/mhw-mulx/libc.a(closer.o)
                0x000000000080b558                _close_r
 .text          0x000000000080b5b0        0x0 /home/nik/intelFPGA/nios2eds/bin/gnu/H-x86_64-pc-linux-gnu/bin/../lib/gcc/nios2-elf/9.2.1/../../../../../H-x86_64-pc-linux-gnu/nios2-elf/lib/mhw-mulx/libc.a(lib_a-assert.o)
 .text.__assert_func
                0x000000000080b5b0       0x64 /home/nik/intelFPGA/nios2eds/bin/gnu/H-x86_64-pc-linux-gnu/bin/../lib/gcc/nios2-elf/9.2.1/../../../../../H-x86_64-pc-linux-gnu/nios2-elf/lib/mhw-mulx/libc.a(lib_a-assert.o)
                0x000000000080b5b0                __assert_func
 .text.__assert
                0x000000000080b614       0x14 /home/nik/intelFPGA/nios2eds/bin/gnu/H-x86_64-pc-linux-gnu/bin/../lib/gcc/nios2-elf/9.2.1/../../../../../H-x86_64-pc-linux-gnu/nios2-elf/lib/mhw-mulx/libc.a(lib_a-assert.o)
                0x000000000080b614                __assert
 .text          0x000000000080b628        0x0 /home/nik/intelFPGA/nios2eds/bin/gnu/H-x86_64-pc-linux-gnu/bin/../lib/gcc/nios2-elf/9.2.1/../../../../../H-x86_64-pc-linux-gnu/nios2-elf/lib/mhw-mulx/libc.a(lib_a-callocr.o)
 .text._calloc_r
                0x000000000080b628       0xb4 /home/nik/intelFPGA/nios2eds/bin/gnu/H-x86_64-pc-linux-gnu/bin/../lib/gcc/nios2-elf/9.2.1/../../../../../H-x86_64-pc-linux-gnu/nios2-elf/lib/mhw-mulx/libc.a(lib_a-callocr.o)
                0x000000000080b628                _calloc_r
 .text          0x000000000080b6dc        0x0 /home/nik/intelFPGA/nios2eds/bin/gnu/H-x86_64-pc-linux-gnu/bin/../lib/gcc/nios2-elf/9.2.1/../../../../../H-x86_64-pc-linux-gnu/nios2-elf/lib/mhw-mulx/libc.a(lib_a-fclose.o)
 .text._fclose_r
                0x000000000080b6dc       0xf8 /home/nik/intelFPGA/nios2eds/bin/gnu/H-x86_64-pc-linux-gnu/bin/../lib/gcc/nios2-elf/9.2.1/../../../../../H-x86_64-pc-linux-gnu/nios2-elf/lib/mhw-mulx/libc.a(lib_a-fclose.o)
                0x000000000080b6dc                _fclose_r
 .text.fclose   0x000000000080b7d4       0x10 /home/nik/intelFPGA/nios2eds/bin/gnu/H-x86_64-pc-linux-gnu/bin/../lib/gcc/nios2-elf/9.2.1/../../../../../H-x86_64-pc-linux-gnu/nios2-elf/lib/mhw-mulx/libc.a(lib_a-fclose.o)
                0x000000000080b7d4                fclose
 .text          0x000000000080b7e4        0x0 /home/nik/intelFPGA/nios2eds/bin/gnu/H-x86_64-pc-linux-gnu/bin/../lib/gcc/nios2-elf/9.2.1/../../../../../H-x86_64-pc-linux-gnu/nios2-elf/lib/mhw-mulx/libc.a(lib_a-fiprintf.o)
 .text._fiprintf_r
                0x000000000080b7e4       0x20 /home/nik/intelFPGA/nios2eds/bin/gnu/H-x86_64-pc-linux-gnu/bin/../lib/gcc/nios2-elf/9.2.1/../../../../../H-x86_64-pc-linux-gnu/nios2-elf/lib/mhw-mulx/libc.a(lib_a-fiprintf.o)
                0x000000000080b7e4                _fiprintf_r
 .text.fiprintf
                0x000000000080b804       0x38 /home/nik/intelFPGA/nios2eds/bin/gnu/H-x86_64-pc-linux-gnu/bin/../lib/gcc/nios2-elf/9.2.1/../../../../../H-x86_64-pc-linux-gnu/nios2-elf/lib/mhw-mulx/libc.a(lib_a-fiprintf.o)
                0x000000000080b804                fiprintf
 .text          0x000000000080b83c        0x0 /home/nik/intelFPGA/nios2eds/bin/gnu/H-x86_64-pc-linux-gnu/bin/../lib/gcc/nios2-elf/9.2.1/../../../../../H-x86_64-pc-linux-gnu/nios2-elf/lib/mhw-mulx/libc.a(lib_a-fputwc.o)
 .text.__fputwc
                0x000000000080b83c      0x164 /home/nik/intelFPGA/nios2eds/bin/gnu/H-x86_64-pc-linux-gnu/bin/../lib/gcc/nios2-elf/9.2.1/../../../../../H-x86_64-pc-linux-gnu/nios2-elf/lib/mhw-mulx/libc.a(lib_a-fputwc.o)
                0x000000000080b83c                __fputwc
 .text._fputwc_r
                0x000000000080b9a0       0x24 /home/nik/intelFPGA/nios2eds/bin/gnu/H-x86_64-pc-linux-gnu/bin/../lib/gcc/nios2-elf/9.2.1/../../../../../H-x86_64-pc-linux-gnu/nios2-elf/lib/mhw-mulx/libc.a(lib_a-fputwc.o)
                0x000000000080b9a0                _fputwc_r
 .text.fputwc   0x000000000080b9c4       0x78 /home/nik/intelFPGA/nios2eds/bin/gnu/H-x86_64-pc-linux-gnu/bin/../lib/gcc/nios2-elf/9.2.1/../../../../../H-x86_64-pc-linux-gnu/nios2-elf/lib/mhw-mulx/libc.a(lib_a-fputwc.o)
                0x000000000080b9c4                fputwc
 .text          0x000000000080ba3c        0x0 /home/nik/intelFPGA/nios2eds/bin/gnu/H-x86_64-pc-linux-gnu/bin/../lib/gcc/nios2-elf/9.2.1/../../../../../H-x86_64-pc-linux-gnu/nios2-elf/lib/mhw-mulx/libc.a(lib_a-fstatr.o)
 .text._fstat_r
                0x000000000080ba3c       0x60 /home/nik/intelFPGA/nios2eds/bin/gnu/H-x86_64-pc-linux-gnu/bin/../lib/gcc/nios2-elf/9.2.1/../../../../../H-x86_64-pc-linux-gnu/nios2-elf/lib/mhw-mulx/libc.a(lib_a-fstatr.o)
                0x000000000080ba3c                _fstat_r
 .text          0x000000000080ba9c        0x0 /home/nik/intelFPGA/nios2eds/bin/gnu/H-x86_64-pc-linux-gnu/bin/../lib/gcc/nios2-elf/9.2.1/../../../../../H-x86_64-pc-linux-gnu/nios2-elf/lib/mhw-mulx/libc.a(lib_a-int_errno.o)
 .text          0x000000000080ba9c        0x0 /home/nik/intelFPGA/nios2eds/bin/gnu/H-x86_64-pc-linux-gnu/bin/../lib/gcc/nios2-elf/9.2.1/../../../../../H-x86_64-pc-linux-gnu/nios2-elf/lib/mhw-mulx/libc.a(lib_a-isattyr.o)
 .text._isatty_r
                0x000000000080ba9c       0x58 /home/nik/intelFPGA/nios2eds/bin/gnu/H-x86_64-pc-linux-gnu/bin/../lib/gcc/nios2-elf/9.2.1/../../../../../H-x86_64-pc-linux-gnu/nios2-elf/lib/mhw-mulx/libc.a(lib_a-isattyr.o)
                0x000000000080ba9c                _isatty_r
 .text          0x000000000080baf4        0x0 /home/nik/intelFPGA/nios2eds/bin/gnu/H-x86_64-pc-linux-gnu/bin/../lib/gcc/nios2-elf/9.2.1/../../../../../H-x86_64-pc-linux-gnu/nios2-elf/lib/mhw-mulx/libc.a(lib_a-locale.o)
 .text._setlocale_r
                0x000000000080baf4       0x74 /home/nik/intelFPGA/nios2eds/bin/gnu/H-x86_64-pc-linux-gnu/bin/../lib/gcc/nios2-elf/9.2.1/../../../../../H-x86_64-pc-linux-gnu/nios2-elf/lib/mhw-mulx/libc.a(lib_a-locale.o)
                0x000000000080baf4                _setlocale_r
 .text.__locale_mb_cur_max
                0x000000000080bb68        0xc /home/nik/intelFPGA/nios2eds/bin/gnu/H-x86_64-pc-linux-gnu/bin/../lib/gcc/nios2-elf/9.2.1/../../../../../H-x86_64-pc-linux-gnu/nios2-elf/lib/mhw-mulx/libc.a(lib_a-locale.o)
                0x000000000080bb68                __locale_mb_cur_max
 .text.setlocale
                0x000000000080bb74       0x18 /home/nik/intelFPGA/nios2eds/bin/gnu/H-x86_64-pc-linux-gnu/bin/../lib/gcc/nios2-elf/9.2.1/../../../../../H-x86_64-pc-linux-gnu/nios2-elf/lib/mhw-mulx/libc.a(lib_a-locale.o)
                0x000000000080bb74                setlocale
 .text          0x000000000080bb8c        0x0 /home/nik/intelFPGA/nios2eds/bin/gnu/H-x86_64-pc-linux-gnu/bin/../lib/gcc/nios2-elf/9.2.1/../../../../../H-x86_64-pc-linux-gnu/nios2-elf/lib/mhw-mulx/libc.a(lib_a-lseekr.o)
 .text._lseek_r
                0x000000000080bb8c       0x64 /home/nik/intelFPGA/nios2eds/bin/gnu/H-x86_64-pc-linux-gnu/bin/../lib/gcc/nios2-elf/9.2.1/../../../../../H-x86_64-pc-linux-gnu/nios2-elf/lib/mhw-mulx/libc.a(lib_a-lseekr.o)
                0x000000000080bb8c                _lseek_r
 .text          0x000000000080bbf0        0x0 /home/nik/intelFPGA/nios2eds/bin/gnu/H-x86_64-pc-linux-gnu/bin/../lib/gcc/nios2-elf/9.2.1/../../../../../H-x86_64-pc-linux-gnu/nios2-elf/lib/mhw-mulx/libc.a(lib_a-mbtowc_r.o)
 .text._mbtowc_r
                0x000000000080bbf0        0xc /home/nik/intelFPGA/nios2eds/bin/gnu/H-x86_64-pc-linux-gnu/bin/../lib/gcc/nios2-elf/9.2.1/../../../../../H-x86_64-pc-linux-gnu/nios2-elf/lib/mhw-mulx/libc.a(lib_a-mbtowc_r.o)
                0x000000000080bbf0                _mbtowc_r
 .text.__ascii_mbtowc
                0x000000000080bbfc       0x44 /home/nik/intelFPGA/nios2eds/bin/gnu/H-x86_64-pc-linux-gnu/bin/../lib/gcc/nios2-elf/9.2.1/../../../../../H-x86_64-pc-linux-gnu/nios2-elf/lib/mhw-mulx/libc.a(lib_a-mbtowc_r.o)
                0x000000000080bbfc                __ascii_mbtowc
 .text          0x000000000080bc40        0x0 /home/nik/intelFPGA/nios2eds/bin/gnu/H-x86_64-pc-linux-gnu/bin/../lib/gcc/nios2-elf/9.2.1/../../../../../H-x86_64-pc-linux-gnu/nios2-elf/lib/mhw-mulx/libc.a(lib_a-readr.o)
 .text._read_r  0x000000000080bc40       0x64 /home/nik/intelFPGA/nios2eds/bin/gnu/H-x86_64-pc-linux-gnu/bin/../lib/gcc/nios2-elf/9.2.1/../../../../../H-x86_64-pc-linux-gnu/nios2-elf/lib/mhw-mulx/libc.a(lib_a-readr.o)
                0x000000000080bc40                _read_r
 .text          0x000000000080bca4        0x0 /home/nik/intelFPGA/nios2eds/bin/gnu/H-x86_64-pc-linux-gnu/bin/../lib/gcc/nios2-elf/9.2.1/../../../../../H-x86_64-pc-linux-gnu/nios2-elf/lib/mhw-mulx/libc.a(lib_a-strcmp.o)
 .text.strcmp   0x000000000080bca4       0xb8 /home/nik/intelFPGA/nios2eds/bin/gnu/H-x86_64-pc-linux-gnu/bin/../lib/gcc/nios2-elf/9.2.1/../../../../../H-x86_64-pc-linux-gnu/nios2-elf/lib/mhw-mulx/libc.a(lib_a-strcmp.o)
                0x000000000080bca4                strcmp
 .text          0x000000000080bd5c        0x0 /home/nik/intelFPGA/nios2eds/bin/gnu/H-x86_64-pc-linux-gnu/bin/../lib/gcc/nios2-elf/9.2.1/../../../../../H-x86_64-pc-linux-gnu/nios2-elf/lib/mhw-mulx/libc.a(lib_a-vfiprintfr_1.o)
 .text._vfiprintf_r
                0x000000000080bd5c        0x4 /home/nik/intelFPGA/nios2eds/bin/gnu/H-x86_64-pc-linux-gnu/bin/../lib/gcc/nios2-elf/9.2.1/../../../../../H-x86_64-pc-linux-gnu/nios2-elf/lib/mhw-mulx/libc.a(lib_a-vfiprintfr_1.o)
                0x000000000080bd5c                _vfiprintf_r
 .text          0x000000000080bd60        0x0 /home/nik/intelFPGA/nios2eds/bin/gnu/H-x86_64-pc-linux-gnu/bin/../lib/gcc/nios2-elf/9.2.1/../../../../../H-x86_64-pc-linux-gnu/nios2-elf/lib/mhw-mulx/libc.a(lib_a-wbuf.o)
 .text.__swbuf_r
                0x000000000080bd60      0x148 /home/nik/intelFPGA/nios2eds/bin/gnu/H-x86_64-pc-linux-gnu/bin/../lib/gcc/nios2-elf/9.2.1/../../../../../H-x86_64-pc-linux-gnu/nios2-elf/lib/mhw-mulx/libc.a(lib_a-wbuf.o)
                0x000000000080bd60                __swbuf_r
 .text.__swbuf  0x000000000080bea8       0x18 /home/nik/intelFPGA/nios2eds/bin/gnu/H-x86_64-pc-linux-gnu/bin/../lib/gcc/nios2-elf/9.2.1/../../../../../H-x86_64-pc-linux-gnu/nios2-elf/lib/mhw-mulx/libc.a(lib_a-wbuf.o)
                0x000000000080bea8                __swbuf
 .text          0x000000000080bec0        0x0 /home/nik/intelFPGA/nios2eds/bin/gnu/H-x86_64-pc-linux-gnu/bin/../lib/gcc/nios2-elf/9.2.1/../../../../../H-x86_64-pc-linux-gnu/nios2-elf/lib/mhw-mulx/libc.a(lib_a-wcrtomb.o)
 .text._wcrtomb_r
                0x000000000080bec0       0x6c /home/nik/intelFPGA/nios2eds/bin/gnu/H-x86_64-pc-linux-gnu/bin/../lib/gcc/nios2-elf/9.2.1/../../../../../H-x86_64-pc-linux-gnu/nios2-elf/lib/mhw-mulx/libc.a(lib_a-wcrtomb.o)
                0x000000000080bec0                _wcrtomb_r
 .text.wcrtomb  0x000000000080bf2c       0x88 /home/nik/intelFPGA/nios2eds/bin/gnu/H-x86_64-pc-linux-gnu/bin/../lib/gcc/nios2-elf/9.2.1/../../../../../H-x86_64-pc-linux-gnu/nios2-elf/lib/mhw-mulx/libc.a(lib_a-wcrtomb.o)
                0x000000000080bf2c                wcrtomb
 .text          0x000000000080bfb4        0x0 /home/nik/intelFPGA/nios2eds/bin/gnu/H-x86_64-pc-linux-gnu/bin/../lib/gcc/nios2-elf/9.2.1/../../../../../H-x86_64-pc-linux-gnu/nios2-elf/lib/mhw-mulx/libc.a(lib_a-wctomb_r.o)
 .text._wctomb_r
                0x000000000080bfb4        0xc /home/nik/intelFPGA/nios2eds/bin/gnu/H-x86_64-pc-linux-gnu/bin/../lib/gcc/nios2-elf/9.2.1/../../../../../H-x86_64-pc-linux-gnu/nios2-elf/lib/mhw-mulx/libc.a(lib_a-wctomb_r.o)
                0x000000000080bfb4                _wctomb_r
 .text.__ascii_wctomb
                0x000000000080bfc0       0x30 /home/nik/intelFPGA/nios2eds/bin/gnu/H-x86_64-pc-linux-gnu/bin/../lib/gcc/nios2-elf/9.2.1/../../../../../H-x86_64-pc-linux-gnu/nios2-elf/lib/mhw-mulx/libc.a(lib_a-wctomb_r.o)
                0x000000000080bfc0                __ascii_wctomb
 .text          0x000000000080bff0        0x0 /home/nik/intelFPGA/nios2eds/bin/gnu/H-x86_64-pc-linux-gnu/bin/../lib/gcc/nios2-elf/9.2.1/../../../../../H-x86_64-pc-linux-gnu/nios2-elf/lib/mhw-mulx/libc.a(lib_a-abort.o)
 .text.unlikely.abort
                0x000000000080bff0       0x18 /home/nik/intelFPGA/nios2eds/bin/gnu/H-x86_64-pc-linux-gnu/bin/../lib/gcc/nios2-elf/9.2.1/../../../../../H-x86_64-pc-linux-gnu/nios2-elf/lib/mhw-mulx/libc.a(lib_a-abort.o)
                0x000000000080bff0                abort
 .text          0x000000000080c008        0x0 /home/nik/intelFPGA/nios2eds/bin/gnu/H-x86_64-pc-linux-gnu/bin/../lib/gcc/nios2-elf/9.2.1/../../../../../H-x86_64-pc-linux-gnu/nios2-elf/lib/mhw-mulx/libc.a(lib_a-ctype_.o)
 .text          0x000000000080c008        0x0 /home/nik/intelFPGA/nios2eds/bin/gnu/H-x86_64-pc-linux-gnu/bin/../lib/gcc/nios2-elf/9.2.1/../../../../../H-x86_64-pc-linux-gnu/nios2-elf/lib/mhw-mulx/libc.a(lib_a-signal.o)
 .text._init_signal_r.part.0
                0x000000000080c008       0x4c /home/nik/intelFPGA/nios2eds/bin/gnu/H-x86_64-pc-linux-gnu/bin/../lib/gcc/nios2-elf/9.2.1/../../../../../H-x86_64-pc-linux-gnu/nios2-elf/lib/mhw-mulx/libc.a(lib_a-signal.o)
 .text._init_signal_r
                0x000000000080c054       0x14 /home/nik/intelFPGA/nios2eds/bin/gnu/H-x86_64-pc-linux-gnu/bin/../lib/gcc/nios2-elf/9.2.1/../../../../../H-x86_64-pc-linux-gnu/nios2-elf/lib/mhw-mulx/libc.a(lib_a-signal.o)
                0x000000000080c054                _init_signal_r
 .text._signal_r
                0x000000000080c068       0x84 /home/nik/intelFPGA/nios2eds/bin/gnu/H-x86_64-pc-linux-gnu/bin/../lib/gcc/nios2-elf/9.2.1/../../../../../H-x86_64-pc-linux-gnu/nios2-elf/lib/mhw-mulx/libc.a(lib_a-signal.o)
                0x000000000080c068                _signal_r
 .text._raise_r
                0x000000000080c0ec       0xc4 /home/nik/intelFPGA/nios2eds/bin/gnu/H-x86_64-pc-linux-gnu/bin/../lib/gcc/nios2-elf/9.2.1/../../../../../H-x86_64-pc-linux-gnu/nios2-elf/lib/mhw-mulx/libc.a(lib_a-signal.o)
                0x000000000080c0ec                _raise_r
 .text.__sigtramp_r
                0x000000000080c1b0       0xb8 /home/nik/intelFPGA/nios2eds/bin/gnu/H-x86_64-pc-linux-gnu/bin/../lib/gcc/nios2-elf/9.2.1/../../../../../H-x86_64-pc-linux-gnu/nios2-elf/lib/mhw-mulx/libc.a(lib_a-signal.o)
                0x000000000080c1b0                __sigtramp_r
 .text.raise    0x000000000080c268       0x10 /home/nik/intelFPGA/nios2eds/bin/gnu/H-x86_64-pc-linux-gnu/bin/../lib/gcc/nios2-elf/9.2.1/../../../../../H-x86_64-pc-linux-gnu/nios2-elf/lib/mhw-mulx/libc.a(lib_a-signal.o)
                0x000000000080c268                raise
 .text.signal   0x000000000080c278       0x18 /home/nik/intelFPGA/nios2eds/bin/gnu/H-x86_64-pc-linux-gnu/bin/../lib/gcc/nios2-elf/9.2.1/../../../../../H-x86_64-pc-linux-gnu/nios2-elf/lib/mhw-mulx/libc.a(lib_a-signal.o)
                0x000000000080c278                signal
 .text._init_signal
                0x000000000080c290       0x1c /home/nik/intelFPGA/nios2eds/bin/gnu/H-x86_64-pc-linux-gnu/bin/../lib/gcc/nios2-elf/9.2.1/../../../../../H-x86_64-pc-linux-gnu/nios2-elf/lib/mhw-mulx/libc.a(lib_a-signal.o)
                0x000000000080c290                _init_signal
 .text.__sigtramp
                0x000000000080c2ac       0x10 /home/nik/intelFPGA/nios2eds/bin/gnu/H-x86_64-pc-linux-gnu/bin/../lib/gcc/nios2-elf/9.2.1/../../../../../H-x86_64-pc-linux-gnu/nios2-elf/lib/mhw-mulx/libc.a(lib_a-signal.o)
                0x000000000080c2ac                __sigtramp
 .text          0x000000000080c2bc        0x0 /home/nik/intelFPGA/nios2eds/bin/gnu/H-x86_64-pc-linux-gnu/bin/../lib/gcc/nios2-elf/9.2.1/../../../../../H-x86_64-pc-linux-gnu/nios2-elf/lib/mhw-mulx/libc.a(lib_a-signalr.o)
 .text._kill_r  0x000000000080c2bc       0x60 /home/nik/intelFPGA/nios2eds/bin/gnu/H-x86_64-pc-linux-gnu/bin/../lib/gcc/nios2-elf/9.2.1/../../../../../H-x86_64-pc-linux-gnu/nios2-elf/lib/mhw-mulx/libc.a(lib_a-signalr.o)
                0x000000000080c2bc                _kill_r
 .text._getpid_r
                0x000000000080c31c        0x4 /home/nik/intelFPGA/nios2eds/bin/gnu/H-x86_64-pc-linux-gnu/bin/../lib/gcc/nios2-elf/9.2.1/../../../../../H-x86_64-pc-linux-gnu/nios2-elf/lib/mhw-mulx/libc.a(lib_a-signalr.o)
                0x000000000080c31c                _getpid_r
 .text          0x000000000080c320      0x590 /home/nik/intelFPGA/nios2eds/bin/gnu/H-x86_64-pc-linux-gnu/bin/../lib/gcc/nios2-elf/9.2.1/mhw-mulx/libgcc.a(_udivdi3.o)
                0x000000000080c320                __udivdi3
 .text          0x000000000080c8b0      0x534 /home/nik/intelFPGA/nios2eds/bin/gnu/H-x86_64-pc-linux-gnu/bin/../lib/gcc/nios2-elf/9.2.1/mhw-mulx/libgcc.a(_umoddi3.o)
                0x000000000080c8b0                __umoddi3
 .text          0x000000000080cde4      0x1b4 /home/nik/intelFPGA/nios2eds/bin/gnu/H-x86_64-pc-linux-gnu/bin/../lib/gcc/nios2-elf/9.2.1/mhw-mulx/libgcc.a(lib2-divmod.o)
                0x000000000080cde4                __divsi3
                0x000000000080ce64                __modsi3
                0x000000000080ced8                __udivsi3
                0x000000000080cf3c                __umodsi3
 .text          0x000000000080cf98      0x978 /home/nik/intelFPGA/nios2eds/bin/gnu/H-x86_64-pc-linux-gnu/bin/../lib/gcc/nios2-elf/9.2.1/mhw-mulx/libgcc.a(adddf3.o)
                0x000000000080cf98                __adddf3
 .text          0x000000000080d910      0x860 /home/nik/intelFPGA/nios2eds/bin/gnu/H-x86_64-pc-linux-gnu/bin/../lib/gcc/nios2-elf/9.2.1/mhw-mulx/libgcc.a(divdf3.o)
                0x000000000080d910                __divdf3
 .text          0x000000000080e170       0x80 /home/nik/intelFPGA/nios2eds/bin/gnu/H-x86_64-pc-linux-gnu/bin/../lib/gcc/nios2-elf/9.2.1/mhw-mulx/libgcc.a(eqdf2.o)
                0x000000000080e170                __eqdf2
                0x000000000080e170                __nedf2
 .text          0x000000000080e1f0       0xf0 /home/nik/intelFPGA/nios2eds/bin/gnu/H-x86_64-pc-linux-gnu/bin/../lib/gcc/nios2-elf/9.2.1/mhw-mulx/libgcc.a(gedf2.o)
                0x000000000080e1f0                __gtdf2
                0x000000000080e1f0                __gedf2
 .text          0x000000000080e2e0       0xf0 /home/nik/intelFPGA/nios2eds/bin/gnu/H-x86_64-pc-linux-gnu/bin/../lib/gcc/nios2-elf/9.2.1/mhw-mulx/libgcc.a(ledf2.o)
                0x000000000080e2e0                __ltdf2
                0x000000000080e2e0                __ledf2
 .text          0x000000000080e3d0      0x670 /home/nik/intelFPGA/nios2eds/bin/gnu/H-x86_64-pc-linux-gnu/bin/../lib/gcc/nios2-elf/9.2.1/mhw-mulx/libgcc.a(muldf3.o)
                0x000000000080e3d0                __muldf3
 .text          0x000000000080ea40      0x934 /home/nik/intelFPGA/nios2eds/bin/gnu/H-x86_64-pc-linux-gnu/bin/../lib/gcc/nios2-elf/9.2.1/mhw-mulx/libgcc.a(subdf3.o)
                0x000000000080ea40                __subdf3
 .text          0x000000000080f374       0x54 /home/nik/intelFPGA/nios2eds/bin/gnu/H-x86_64-pc-linux-gnu/bin/../lib/gcc/nios2-elf/9.2.1/mhw-mulx/libgcc.a(unorddf2.o)
                0x000000000080f374                __unorddf2
 .text          0x000000000080f3c8       0x80 /home/nik/intelFPGA/nios2eds/bin/gnu/H-x86_64-pc-linux-gnu/bin/../lib/gcc/nios2-elf/9.2.1/mhw-mulx/libgcc.a(fixdfsi.o)
                0x000000000080f3c8                __fixdfsi
 .text          0x000000000080f448       0xbc /home/nik/intelFPGA/nios2eds/bin/gnu/H-x86_64-pc-linux-gnu/bin/../lib/gcc/nios2-elf/9.2.1/mhw-mulx/libgcc.a(floatsidf.o)
                0x000000000080f448                __floatsidf
 .text          0x000000000080f504       0x90 /home/nik/intelFPGA/nios2eds/bin/gnu/H-x86_64-pc-linux-gnu/bin/../lib/gcc/nios2-elf/9.2.1/mhw-mulx/libgcc.a(floatunsidf.o)
                0x000000000080f504                __floatunsidf
 .text          0x000000000080f594      0x10c ../task6_bsp//libhal_bsp.a(alt_close.o)
                0x000000000080f5d0                close
 .text          0x000000000080f6a0       0x2c ../task6_bsp//libhal_bsp.a(alt_dev.o)
 .text          0x000000000080f6cc        0x0 ../task6_bsp//libhal_bsp.a(alt_errno.o)
 .text          0x000000000080f6cc       0x38 ../task6_bsp//libhal_bsp.a(alt_exit.o)
                0x000000000080f6cc                _exit
 .text          0x000000000080f704       0xec ../task6_bsp//libhal_bsp.a(alt_fstat.o)
                0x000000000080f740                fstat
 .text          0x000000000080f7f0       0x20 ../task6_bsp//libhal_bsp.a(alt_getpid.o)
                0x000000000080f7f0                getpid
 .text          0x000000000080f810       0xe0 ../task6_bsp//libhal_bsp.a(alt_isatty.o)
                0x000000000080f84c                isatty
 .text          0x000000000080f8f0      0x168 ../task6_bsp//libhal_bsp.a(alt_kill.o)
                0x000000000080f92c                kill
 .text          0x000000000080fa58       0xec ../task6_bsp//libhal_bsp.a(alt_load.o)
                0x000000000080fac0                alt_load
 .text          0x000000000080fb44      0x110 ../task6_bsp//libhal_bsp.a(alt_lseek.o)
                0x000000000080fb80                lseek
 .text          0x000000000080fc54       0x7c ../task6_bsp//libhal_bsp.a(alt_main.o)
                0x000000000080fc54                alt_main
 .text          0x000000000080fcd0       0x48 ../task6_bsp//libhal_bsp.a(alt_malloc_lock.o)
                0x000000000080fcd0                __malloc_lock
                0x000000000080fcf4                __malloc_unlock
 .text          0x000000000080fd18      0x138 ../task6_bsp//libhal_bsp.a(alt_read.o)
                0x000000000080fd54                read
 .text          0x000000000080fe50       0x58 ../task6_bsp//libhal_bsp.a(alt_release_fd.o)
                0x000000000080fe50                alt_release_fd
 .text          0x000000000080fea8       0xb8 ../task6_bsp//libhal_bsp.a(alt_sbrk.o)
                0x000000000080fea8                sbrk
 .text          0x000000000080ff60       0xb4 ../task6_bsp//libhal_bsp.a(alt_times.o)
                0x000000000080ff9c                times
 .text          0x0000000000810014      0x134 ../task6_bsp//libhal_bsp.a(alt_write.o)
                0x0000000000810050                write
 .text          0x0000000000810148       0xd4 ../task6_bsp//libhal_bsp.a(alt_sys_init.o)
                0x000000000081017c                alt_irq_init
                0x00000000008101b8                alt_sys_init
 .text          0x000000000081021c      0x164 ../task6_bsp//libhal_bsp.a(altera_avalon_jtag_uart_fd.o)
                0x000000000081021c                altera_avalon_jtag_uart_read_fd
                0x000000000081027c                altera_avalon_jtag_uart_write_fd
                0x00000000008102dc                altera_avalon_jtag_uart_close_fd
                0x000000000081032c                altera_avalon_jtag_uart_ioctl_fd
 .text          0x0000000000810380      0x3d4 ../task6_bsp//libhal_bsp.a(altera_avalon_jtag_uart_init.o)
                0x0000000000810380                altera_avalon_jtag_uart_init
                0x00000000008106ec                altera_avalon_jtag_uart_close
 .text          0x0000000000810754       0xf4 ../task6_bsp//libhal_bsp.a(altera_avalon_jtag_uart_ioctl.o)
                0x0000000000810754                altera_avalon_jtag_uart_ioctl
 .text          0x0000000000810848      0x220 ../task6_bsp//libhal_bsp.a(altera_avalon_jtag_uart_read.o)
                0x0000000000810848                altera_avalon_jtag_uart_read
 .text          0x0000000000810a68      0x228 ../task6_bsp//libhal_bsp.a(altera_avalon_jtag_uart_write.o)
                0x0000000000810a68                altera_avalon_jtag_uart_write
 .text          0x0000000000810c90      0x100 ../task6_bsp//libhal_bsp.a(altera_avalon_timer_sc.o)
                0x0000000000810d0c                alt_avalon_timer_sc_init
 .text          0x0000000000810d90      0x134 ../task6_bsp//libhal_bsp.a(alt_alarm_start.o)
                0x0000000000810d90                alt_alarm_start
 .text          0x0000000000810ec4       0x4c ../task6_bsp//libhal_bsp.a(alt_dcache_flush_all.o)
                0x0000000000810ec4                alt_dcache_flush_all
 .text          0x0000000000810f10       0xe4 ../task6_bsp//libhal_bsp.a(alt_dev_llist_insert.o)
                0x0000000000810f4c                alt_dev_llist_insert
 .text          0x0000000000810ff4       0x64 ../task6_bsp//libhal_bsp.a(alt_do_ctors.o)
                0x0000000000810ff4                _do_ctors
 .text          0x0000000000811058       0x64 ../task6_bsp//libhal_bsp.a(alt_do_dtors.o)
                0x0000000000811058                _do_dtors
 .text          0x00000000008110bc       0x34 ../task6_bsp//libhal_bsp.a(alt_icache_flush_all.o)
                0x00000000008110bc                alt_icache_flush_all
 .text          0x00000000008110f0      0x1b0 ../task6_bsp//libhal_bsp.a(alt_iic.o)
                0x00000000008110f0                alt_ic_isr_register
                0x0000000000811140                alt_ic_irq_enable
                0x00000000008111c8                alt_ic_irq_disable
                0x0000000000811254                alt_ic_irq_enabled
 .text          0x00000000008112a0       0xe8 ../task6_bsp//libhal_bsp.a(alt_iic_isr_register.o)
                0x00000000008112a0                alt_iic_isr_register
 .text          0x0000000000811388      0x12c ../task6_bsp//libhal_bsp.a(alt_io_redirect.o)
                0x0000000000811438                alt_io_redirect
 .text          0x00000000008114b4        0x0 ../task6_bsp//libhal_bsp.a(alt_irq_entry.o)
 .text          0x00000000008114b4        0x0 ../task6_bsp//libhal_bsp.a(alt_irq_handler.o)
 .text          0x00000000008114b4        0x0 ../task6_bsp//libhal_bsp.a(alt_irq_vars.o)
 .text          0x00000000008114b4      0x248 ../task6_bsp//libhal_bsp.a(alt_open.o)
                0x00000000008115a8                open
 .text          0x00000000008116fc      0x1ac ../task6_bsp//libhal_bsp.a(alt_tick.o)
                0x00000000008116fc                alt_alarm_stop
                0x00000000008117a0                alt_tick
 .text          0x00000000008118a8       0x24 ../task6_bsp//libhal_bsp.a(altera_nios2_gen2_irq.o)
                0x00000000008118a8                altera_nios2_gen2_irq_init
 .text          0x00000000008118cc        0x0 ../task6_bsp//libhal_bsp.a(alt_exception_entry.o)
 .text          0x00000000008118cc       0x90 ../task6_bsp//libhal_bsp.a(alt_find_dev.o)
                0x00000000008118cc                alt_find_dev
 .text          0x000000000081195c      0x108 ../task6_bsp//libhal_bsp.a(alt_find_file.o)
                0x000000000081195c                alt_find_file
 .text          0x0000000000811a64       0xa0 ../task6_bsp//libhal_bsp.a(alt_get_fd.o)
                0x0000000000811a64                alt_get_fd
 .text          0x0000000000811b04       0x90 ../task6_bsp//libhal_bsp.a(alt_icache_flush.o)
                0x0000000000811b04                alt_icache_flush
 .text          0x0000000000811b94       0x98 ../task6_bsp//libhal_bsp.a(alt_instruction_exception_entry.o)
                0x0000000000811b94                alt_exception_cause_generated_bad_addr
 .text          0x0000000000811c2c        0x0 /home/nik/intelFPGA/nios2eds/bin/gnu/H-x86_64-pc-linux-gnu/bin/../lib/gcc/nios2-elf/9.2.1/../../../../../H-x86_64-pc-linux-gnu/nios2-elf/lib/mhw-mulx/libc.a(lib_a-atexit.o)
 .text.atexit   0x0000000000811c2c       0x14 /home/nik/intelFPGA/nios2eds/bin/gnu/H-x86_64-pc-linux-gnu/bin/../lib/gcc/nios2-elf/9.2.1/../../../../../H-x86_64-pc-linux-gnu/nios2-elf/lib/mhw-mulx/libc.a(lib_a-atexit.o)
                0x0000000000811c2c                atexit
 .text          0x0000000000811c40        0x0 /home/nik/intelFPGA/nios2eds/bin/gnu/H-x86_64-pc-linux-gnu/bin/../lib/gcc/nios2-elf/9.2.1/../../../../../H-x86_64-pc-linux-gnu/nios2-elf/lib/mhw-mulx/libc.a(lib_a-exit.o)
 .text.exit     0x0000000000811c40       0x34 /home/nik/intelFPGA/nios2eds/bin/gnu/H-x86_64-pc-linux-gnu/bin/../lib/gcc/nios2-elf/9.2.1/../../../../../H-x86_64-pc-linux-gnu/nios2-elf/lib/mhw-mulx/libc.a(lib_a-exit.o)
                0x0000000000811c40                exit
 .text          0x0000000000811c74        0x0 /home/nik/intelFPGA/nios2eds/bin/gnu/H-x86_64-pc-linux-gnu/bin/../lib/gcc/nios2-elf/9.2.1/../../../../../H-x86_64-pc-linux-gnu/nios2-elf/lib/mhw-mulx/libc.a(lib_a-memcmp.o)
 .text.memcmp   0x0000000000811c74       0x78 /home/nik/intelFPGA/nios2eds/bin/gnu/H-x86_64-pc-linux-gnu/bin/../lib/gcc/nios2-elf/9.2.1/../../../../../H-x86_64-pc-linux-gnu/nios2-elf/lib/mhw-mulx/libc.a(lib_a-memcmp.o)
                0x0000000000811c74                memcmp
 .text          0x0000000000811cec        0x0 /home/nik/intelFPGA/nios2eds/bin/gnu/H-x86_64-pc-linux-gnu/bin/../lib/gcc/nios2-elf/9.2.1/../../../../../H-x86_64-pc-linux-gnu/nios2-elf/lib/mhw-mulx/libc.a(lib_a-__atexit.o)
 .text.__register_exitproc
                0x0000000000811cec       0x90 /home/nik/intelFPGA/nios2eds/bin/gnu/H-x86_64-pc-linux-gnu/bin/../lib/gcc/nios2-elf/9.2.1/../../../../../H-x86_64-pc-linux-gnu/nios2-elf/lib/mhw-mulx/libc.a(lib_a-__atexit.o)
                0x0000000000811cec                __register_exitproc
 .text          0x0000000000811d7c        0x0 /home/nik/intelFPGA/nios2eds/bin/gnu/H-x86_64-pc-linux-gnu/bin/../lib/gcc/nios2-elf/9.2.1/../../../../../H-x86_64-pc-linux-gnu/nios2-elf/lib/mhw-mulx/libc.a(lib_a-__call_atexit.o)
 .text.__call_exitprocs
                0x0000000000811d7c      0x120 /home/nik/intelFPGA/nios2eds/bin/gnu/H-x86_64-pc-linux-gnu/bin/../lib/gcc/nios2-elf/9.2.1/../../../../../H-x86_64-pc-linux-gnu/nios2-elf/lib/mhw-mulx/libc.a(lib_a-__call_atexit.o)
                0x0000000000811d7c                __call_exitprocs
 *(.gnu.warning.*)
 *(.fini)
                [!provide]                        PROVIDE (__etext = ABSOLUTE (.))
                [!provide]                        PROVIDE (_etext = ABSOLUTE (.))
                [!provide]                        PROVIDE (etext = ABSOLUTE (.))
 *(.eh_frame_hdr)
                0x0000000000811e9c                . = ALIGN (0x4)
                [!provide]                        PROVIDE (__preinit_array_start = ABSOLUTE (.))
 *(.preinit_array)
                [!provide]                        PROVIDE (__preinit_array_end = ABSOLUTE (.))
                [!provide]                        PROVIDE (__init_array_start = ABSOLUTE (.))
 *(.init_array)
                [!provide]                        PROVIDE (__init_array_end = ABSOLUTE (.))
                [!provide]                        PROVIDE (__fini_array_start = ABSOLUTE (.))
 *(.fini_array)
                [!provide]                        PROVIDE (__fini_array_end = ABSOLUTE (.))
 *(.eh_frame)
 *(.gcc_except_table .gcc_except_table.*)
 *(.dynamic)
                0x0000000000811e9c                PROVIDE (__CTOR_LIST__ = ABSOLUTE (.))
 *(.ctors)
 *(SORT_BY_NAME(.ctors.*))
                0x0000000000811e9c                PROVIDE (__CTOR_END__ = ABSOLUTE (.))
                0x0000000000811e9c                PROVIDE (__DTOR_LIST__ = ABSOLUTE (.))
 *(.dtors)
 *(SORT_BY_NAME(.dtors.*))
                0x0000000000811e9c                PROVIDE (__DTOR_END__ = ABSOLUTE (.))
 *(.jcr)
                0x0000000000811e9c                . = ALIGN (0x4)

.rodata         0x0000000000811e9c      0xa88
                0x0000000000811e9c                PROVIDE (__ram_rodata_start = ABSOLUTE (.))
                0x0000000000811e9c                . = ALIGN (0x4)
 *(.rodata .rodata.* .gnu.linkonce.r.*)
 .rodata.str1.4
                0x0000000000811e9c       0x68 obj/default/hello_world.o
 .rodata.npio2_hw
                0x0000000000811f04       0x80 /home/nik/intelFPGA/nios2eds/bin/gnu/H-x86_64-pc-linux-gnu/bin/../lib/gcc/nios2-elf/9.2.1/../../../../../H-x86_64-pc-linux-gnu/nios2-elf/lib/mhw-mulx/libm.a(lib_a-ef_rem_pio2.o)
 .rodata.two_over_pi
                0x0000000000811f84      0x318 /home/nik/intelFPGA/nios2eds/bin/gnu/H-x86_64-pc-linux-gnu/bin/../lib/gcc/nios2-elf/9.2.1/../../../../../H-x86_64-pc-linux-gnu/nios2-elf/lib/mhw-mulx/libm.a(lib_a-ef_rem_pio2.o)
 .rodata.PIo2   0x000000000081229c       0x2c /home/nik/intelFPGA/nios2eds/bin/gnu/H-x86_64-pc-linux-gnu/bin/../lib/gcc/nios2-elf/9.2.1/../../../../../H-x86_64-pc-linux-gnu/nios2-elf/lib/mhw-mulx/libm.a(lib_a-kf_rem_pio2.o)
 .rodata.init_jk
                0x00000000008122c8        0xc /home/nik/intelFPGA/nios2eds/bin/gnu/H-x86_64-pc-linux-gnu/bin/../lib/gcc/nios2-elf/9.2.1/../../../../../H-x86_64-pc-linux-gnu/nios2-elf/lib/mhw-mulx/libm.a(lib_a-kf_rem_pio2.o)
 .rodata        0x00000000008122d4      0x100 /home/nik/intelFPGA/nios2eds/bin/gnu/H-x86_64-pc-linux-gnu/bin/../lib/gcc/nios2-elf/9.2.1/mhw-mulx/libgcc.a(_clz.o)
                0x00000000008122d4                __clz_tab
 .rodata._puts_r.str1.4
                0x00000000008123d4        0x2 /home/nik/intelFPGA/nios2eds/bin/gnu/H-x86_64-pc-linux-gnu/bin/../lib/gcc/nios2-elf/9.2.1/../../../../../H-x86_64-pc-linux-gnu/nios2-elf/lib/mhw-mulx/libc.a(lib_a-puts.o)
 *fill*         0x00000000008123d6        0x2 
 .rodata.___vfprintf_internal_r.str1.4
                0x00000000008123d8       0x42 /home/nik/intelFPGA/nios2eds/bin/gnu/H-x86_64-pc-linux-gnu/bin/../lib/gcc/nios2-elf/9.2.1/../../../../../H-x86_64-pc-linux-gnu/nios2-elf/lib/mhw-mulx/libc.a(lib_a-vfprintf.o)
 *fill*         0x000000000081241a        0x2 
 .rodata.zeroes.5177
                0x000000000081241c       0x10 /home/nik/intelFPGA/nios2eds/bin/gnu/H-x86_64-pc-linux-gnu/bin/../lib/gcc/nios2-elf/9.2.1/../../../../../H-x86_64-pc-linux-gnu/nios2-elf/lib/mhw-mulx/libc.a(lib_a-vfprintf.o)
 .rodata.blanks.5176
                0x000000000081242c       0x10 /home/nik/intelFPGA/nios2eds/bin/gnu/H-x86_64-pc-linux-gnu/bin/../lib/gcc/nios2-elf/9.2.1/../../../../../H-x86_64-pc-linux-gnu/nios2-elf/lib/mhw-mulx/libc.a(lib_a-vfprintf.o)
 .rodata._dtoa_r.str1.4
                0x000000000081243c       0x61 /home/nik/intelFPGA/nios2eds/bin/gnu/H-x86_64-pc-linux-gnu/bin/../lib/gcc/nios2-elf/9.2.1/../../../../../H-x86_64-pc-linux-gnu/nios2-elf/lib/mhw-mulx/libc.a(lib_a-dtoa.o)
                                         0x65 (size before relaxing)
 *fill*         0x000000000081249d        0x3 
 .rodata.__multadd.str1.4
                0x00000000008124a0       0x3e /home/nik/intelFPGA/nios2eds/bin/gnu/H-x86_64-pc-linux-gnu/bin/../lib/gcc/nios2-elf/9.2.1/../../../../../H-x86_64-pc-linux-gnu/nios2-elf/lib/mhw-mulx/libc.a(lib_a-mprec.o)
                                         0x52 (size before relaxing)
 *fill*         0x00000000008124de        0x2 
 .rodata.p05.3991
                0x00000000008124e0        0xc /home/nik/intelFPGA/nios2eds/bin/gnu/H-x86_64-pc-linux-gnu/bin/../lib/gcc/nios2-elf/9.2.1/../../../../../H-x86_64-pc-linux-gnu/nios2-elf/lib/mhw-mulx/libc.a(lib_a-mprec.o)
 .rodata.__mprec_tinytens
                0x00000000008124ec       0x28 /home/nik/intelFPGA/nios2eds/bin/gnu/H-x86_64-pc-linux-gnu/bin/../lib/gcc/nios2-elf/9.2.1/../../../../../H-x86_64-pc-linux-gnu/nios2-elf/lib/mhw-mulx/libc.a(lib_a-mprec.o)
                0x00000000008124ec                __mprec_tinytens
 .rodata.__mprec_bigtens
                0x0000000000812514       0x28 /home/nik/intelFPGA/nios2eds/bin/gnu/H-x86_64-pc-linux-gnu/bin/../lib/gcc/nios2-elf/9.2.1/../../../../../H-x86_64-pc-linux-gnu/nios2-elf/lib/mhw-mulx/libc.a(lib_a-mprec.o)
                0x0000000000812514                __mprec_bigtens
 .rodata.__mprec_tens
                0x000000000081253c       0xc8 /home/nik/intelFPGA/nios2eds/bin/gnu/H-x86_64-pc-linux-gnu/bin/../lib/gcc/nios2-elf/9.2.1/../../../../../H-x86_64-pc-linux-gnu/nios2-elf/lib/mhw-mulx/libc.a(lib_a-mprec.o)
                0x000000000081253c                __mprec_tens
 .rodata.___vfiprintf_internal_r.str1.4
                0x0000000000812604       0x2f /home/nik/intelFPGA/nios2eds/bin/gnu/H-x86_64-pc-linux-gnu/bin/../lib/gcc/nios2-elf/9.2.1/../../../../../H-x86_64-pc-linux-gnu/nios2-elf/lib/mhw-mulx/libc.a(lib_a-vfiprintf.o)
 .rodata.zeroes.5154
                0x0000000000812604       0x10 /home/nik/intelFPGA/nios2eds/bin/gnu/H-x86_64-pc-linux-gnu/bin/../lib/gcc/nios2-elf/9.2.1/../../../../../H-x86_64-pc-linux-gnu/nios2-elf/lib/mhw-mulx/libc.a(lib_a-vfiprintf.o)
 .rodata.blanks.5153
                0x0000000000812614       0x10 /home/nik/intelFPGA/nios2eds/bin/gnu/H-x86_64-pc-linux-gnu/bin/../lib/gcc/nios2-elf/9.2.1/../../../../../H-x86_64-pc-linux-gnu/nios2-elf/lib/mhw-mulx/libc.a(lib_a-vfiprintf.o)
 .rodata.__assert_func.str1.4
                0x0000000000812624       0x3f /home/nik/intelFPGA/nios2eds/bin/gnu/H-x86_64-pc-linux-gnu/bin/../lib/gcc/nios2-elf/9.2.1/../../../../../H-x86_64-pc-linux-gnu/nios2-elf/lib/mhw-mulx/libc.a(lib_a-assert.o)
                                         0x43 (size before relaxing)
 *fill*         0x0000000000812663        0x1 
 .rodata._setlocale_r.str1.4
                0x0000000000812664        0xa /home/nik/intelFPGA/nios2eds/bin/gnu/H-x86_64-pc-linux-gnu/bin/../lib/gcc/nios2-elf/9.2.1/../../../../../H-x86_64-pc-linux-gnu/nios2-elf/lib/mhw-mulx/libc.a(lib_a-locale.o)
 *fill*         0x000000000081266e        0x2 
 .rodata.str1.4
                0x0000000000812670        0x4 /home/nik/intelFPGA/nios2eds/bin/gnu/H-x86_64-pc-linux-gnu/bin/../lib/gcc/nios2-elf/9.2.1/../../../../../H-x86_64-pc-linux-gnu/nios2-elf/lib/mhw-mulx/libc.a(lib_a-locale.o)
                                          0x5 (size before relaxing)
 .rodata._ctype_
                0x0000000000812674      0x101 /home/nik/intelFPGA/nios2eds/bin/gnu/H-x86_64-pc-linux-gnu/bin/../lib/gcc/nios2-elf/9.2.1/../../../../../H-x86_64-pc-linux-gnu/nios2-elf/lib/mhw-mulx/libc.a(lib_a-ctype_.o)
                0x0000000000812674                _ctype_
 *fill*         0x0000000000812775        0x3 
 .rodata._ctype_b
                0x0000000000812778      0x180 /home/nik/intelFPGA/nios2eds/bin/gnu/H-x86_64-pc-linux-gnu/bin/../lib/gcc/nios2-elf/9.2.1/../../../../../H-x86_64-pc-linux-gnu/nios2-elf/lib/mhw-mulx/libc.a(lib_a-ctype_.o)
                0x0000000000812778                _ctype_b
 .rodata        0x00000000008128f8        0xa ../task6_bsp//libhal_bsp.a(alt_dev.o)
 *fill*         0x0000000000812902        0x2 
 .rodata        0x0000000000812904        0xf ../task6_bsp//libhal_bsp.a(alt_main.o)
 *fill*         0x0000000000812913        0x1 
 .rodata        0x0000000000812914        0xf ../task6_bsp//libhal_bsp.a(alt_sys_init.o)
 *(.rodata1)
                0x0000000000812924                . = ALIGN (0x4)
 *fill*         0x0000000000812923        0x1 
                0x0000000000812924                PROVIDE (__ram_rodata_end = ABSOLUTE (.))
                0x0000000000811e9c                PROVIDE (__flash_rodata_start = LOADADDR (.rodata))

.rwdata         0x0000000000812924     0x1bd8 load address 0x00000000008144fc
                0x0000000000812924                PROVIDE (__ram_rwdata_start = ABSOLUTE (.))
                0x0000000000812924                . = ALIGN (0x4)
 *(.got.plt)
 *(.got)
 *(.data1)
 *(.data .data.* .gnu.linkonce.d.*)
 .data          0x0000000000812924        0x0 ../task6_bsp//obj/HAL/src/crt0.o
 .data          0x0000000000812924        0x0 obj/default/hello_world.o
 .data          0x0000000000812924        0x0 /home/nik/intelFPGA/nios2eds/bin/gnu/H-x86_64-pc-linux-gnu/bin/../lib/gcc/nios2-elf/9.2.1/../../../../../H-x86_64-pc-linux-gnu/nios2-elf/lib/mhw-mulx/libm.a(lib_a-sf_cos.o)
 .data          0x0000000000812924        0x0 /home/nik/intelFPGA/nios2eds/bin/gnu/H-x86_64-pc-linux-gnu/bin/../lib/gcc/nios2-elf/9.2.1/../../../../../H-x86_64-pc-linux-gnu/nios2-elf/lib/mhw-mulx/libm.a(lib_a-ef_rem_pio2.o)
 .data          0x0000000000812924        0x0 /home/nik/intelFPGA/nios2eds/bin/gnu/H-x86_64-pc-linux-gnu/bin/../lib/gcc/nios2-elf/9.2.1/../../../../../H-x86_64-pc-linux-gnu/nios2-elf/lib/mhw-mulx/libm.a(lib_a-kf_cos.o)
 .data          0x0000000000812924        0x0 /home/nik/intelFPGA/nios2eds/bin/gnu/H-x86_64-pc-linux-gnu/bin/../lib/gcc/nios2-elf/9.2.1/../../../../../H-x86_64-pc-linux-gnu/nios2-elf/lib/mhw-mulx/libm.a(lib_a-kf_rem_pio2.o)
 .data          0x0000000000812924        0x0 /home/nik/intelFPGA/nios2eds/bin/gnu/H-x86_64-pc-linux-gnu/bin/../lib/gcc/nios2-elf/9.2.1/../../../../../H-x86_64-pc-linux-gnu/nios2-elf/lib/mhw-mulx/libm.a(lib_a-kf_sin.o)
 .data          0x0000000000812924        0x0 /home/nik/intelFPGA/nios2eds/bin/gnu/H-x86_64-pc-linux-gnu/bin/../lib/gcc/nios2-elf/9.2.1/../../../../../H-x86_64-pc-linux-gnu/nios2-elf/lib/mhw-mulx/libm.a(lib_a-sf_floor.o)
 .data          0x0000000000812924        0x0 /home/nik/intelFPGA/nios2eds/bin/gnu/H-x86_64-pc-linux-gnu/bin/../lib/gcc/nios2-elf/9.2.1/../../../../../H-x86_64-pc-linux-gnu/nios2-elf/lib/mhw-mulx/libm.a(lib_a-sf_scalbn.o)
 .data          0x0000000000812924        0x0 /home/nik/intelFPGA/nios2eds/bin/gnu/H-x86_64-pc-linux-gnu/bin/../lib/gcc/nios2-elf/9.2.1/mhw-mulx/libgcc.a(addsf3.o)
 .data          0x0000000000812924        0x0 /home/nik/intelFPGA/nios2eds/bin/gnu/H-x86_64-pc-linux-gnu/bin/../lib/gcc/nios2-elf/9.2.1/mhw-mulx/libgcc.a(eqsf2.o)
 .data          0x0000000000812924        0x0 /home/nik/intelFPGA/nios2eds/bin/gnu/H-x86_64-pc-linux-gnu/bin/../lib/gcc/nios2-elf/9.2.1/mhw-mulx/libgcc.a(gesf2.o)
 .data          0x0000000000812924        0x0 /home/nik/intelFPGA/nios2eds/bin/gnu/H-x86_64-pc-linux-gnu/bin/../lib/gcc/nios2-elf/9.2.1/mhw-mulx/libgcc.a(mulsf3.o)
 .data          0x0000000000812924        0x0 /home/nik/intelFPGA/nios2eds/bin/gnu/H-x86_64-pc-linux-gnu/bin/../lib/gcc/nios2-elf/9.2.1/mhw-mulx/libgcc.a(subsf3.o)
 .data          0x0000000000812924        0x0 /home/nik/intelFPGA/nios2eds/bin/gnu/H-x86_64-pc-linux-gnu/bin/../lib/gcc/nios2-elf/9.2.1/mhw-mulx/libgcc.a(fixsfsi.o)
 .data          0x0000000000812924        0x0 /home/nik/intelFPGA/nios2eds/bin/gnu/H-x86_64-pc-linux-gnu/bin/../lib/gcc/nios2-elf/9.2.1/mhw-mulx/libgcc.a(floatsisf.o)
 .data          0x0000000000812924        0x0 /home/nik/intelFPGA/nios2eds/bin/gnu/H-x86_64-pc-linux-gnu/bin/../lib/gcc/nios2-elf/9.2.1/mhw-mulx/libgcc.a(extendsfdf2.o)
 .data          0x0000000000812924        0x0 /home/nik/intelFPGA/nios2eds/bin/gnu/H-x86_64-pc-linux-gnu/bin/../lib/gcc/nios2-elf/9.2.1/mhw-mulx/libgcc.a(_clzsi2.o)
 .data          0x0000000000812924        0x0 /home/nik/intelFPGA/nios2eds/bin/gnu/H-x86_64-pc-linux-gnu/bin/../lib/gcc/nios2-elf/9.2.1/mhw-mulx/libgcc.a(_clz.o)
 .data          0x0000000000812924        0x0 /home/nik/intelFPGA/nios2eds/bin/gnu/H-x86_64-pc-linux-gnu/bin/../lib/gcc/nios2-elf/9.2.1/../../../../../H-x86_64-pc-linux-gnu/nios2-elf/lib/mhw-mulx/libc.a(lib_a-printf.o)
 .data          0x0000000000812924        0x0 /home/nik/intelFPGA/nios2eds/bin/gnu/H-x86_64-pc-linux-gnu/bin/../lib/gcc/nios2-elf/9.2.1/../../../../../H-x86_64-pc-linux-gnu/nios2-elf/lib/mhw-mulx/libc.a(lib_a-puts.o)
 .data          0x0000000000812924        0x0 /home/nik/intelFPGA/nios2eds/bin/gnu/H-x86_64-pc-linux-gnu/bin/../lib/gcc/nios2-elf/9.2.1/../../../../../H-x86_64-pc-linux-gnu/nios2-elf/lib/mhw-mulx/libc.a(lib_a-strlen.o)
 .data          0x0000000000812924        0x0 /home/nik/intelFPGA/nios2eds/bin/gnu/H-x86_64-pc-linux-gnu/bin/../lib/gcc/nios2-elf/9.2.1/../../../../../H-x86_64-pc-linux-gnu/nios2-elf/lib/mhw-mulx/libc.a(lib_a-vfprintf.o)
 .data          0x0000000000812924        0x0 /home/nik/intelFPGA/nios2eds/bin/gnu/H-x86_64-pc-linux-gnu/bin/../lib/gcc/nios2-elf/9.2.1/../../../../../H-x86_64-pc-linux-gnu/nios2-elf/lib/mhw-mulx/libc.a(lib_a-wsetup.o)
 .data          0x0000000000812924        0x0 /home/nik/intelFPGA/nios2eds/bin/gnu/H-x86_64-pc-linux-gnu/bin/../lib/gcc/nios2-elf/9.2.1/../../../../../H-x86_64-pc-linux-gnu/nios2-elf/lib/mhw-mulx/libc.a(lib_a-dtoa.o)
 .data          0x0000000000812924        0x0 /home/nik/intelFPGA/nios2eds/bin/gnu/H-x86_64-pc-linux-gnu/bin/../lib/gcc/nios2-elf/9.2.1/../../../../../H-x86_64-pc-linux-gnu/nios2-elf/lib/mhw-mulx/libc.a(lib_a-fflush.o)
 .data          0x0000000000812924        0x0 /home/nik/intelFPGA/nios2eds/bin/gnu/H-x86_64-pc-linux-gnu/bin/../lib/gcc/nios2-elf/9.2.1/../../../../../H-x86_64-pc-linux-gnu/nios2-elf/lib/mhw-mulx/libc.a(lib_a-findfp.o)
 .data          0x0000000000812924        0x0 /home/nik/intelFPGA/nios2eds/bin/gnu/H-x86_64-pc-linux-gnu/bin/../lib/gcc/nios2-elf/9.2.1/../../../../../H-x86_64-pc-linux-gnu/nios2-elf/lib/mhw-mulx/libc.a(lib_a-freer.o)
 .data          0x0000000000812924        0x0 /home/nik/intelFPGA/nios2eds/bin/gnu/H-x86_64-pc-linux-gnu/bin/../lib/gcc/nios2-elf/9.2.1/../../../../../H-x86_64-pc-linux-gnu/nios2-elf/lib/mhw-mulx/libc.a(lib_a-fvwrite.o)
 .data          0x0000000000812924        0x0 /home/nik/intelFPGA/nios2eds/bin/gnu/H-x86_64-pc-linux-gnu/bin/../lib/gcc/nios2-elf/9.2.1/../../../../../H-x86_64-pc-linux-gnu/nios2-elf/lib/mhw-mulx/libc.a(lib_a-fwalk.o)
 .data          0x0000000000812924        0x0 /home/nik/intelFPGA/nios2eds/bin/gnu/H-x86_64-pc-linux-gnu/bin/../lib/gcc/nios2-elf/9.2.1/../../../../../H-x86_64-pc-linux-gnu/nios2-elf/lib/mhw-mulx/libc.a(lib_a-impure.o)
 .data.impure_data
                0x0000000000812924      0x424 /home/nik/intelFPGA/nios2eds/bin/gnu/H-x86_64-pc-linux-gnu/bin/../lib/gcc/nios2-elf/9.2.1/../../../../../H-x86_64-pc-linux-gnu/nios2-elf/lib/mhw-mulx/libc.a(lib_a-impure.o)
 .data          0x0000000000812d48        0x0 /home/nik/intelFPGA/nios2eds/bin/gnu/H-x86_64-pc-linux-gnu/bin/../lib/gcc/nios2-elf/9.2.1/../../../../../H-x86_64-pc-linux-gnu/nios2-elf/lib/mhw-mulx/libc.a(lib_a-localeconv.o)
 .data          0x0000000000812d48        0x0 /home/nik/intelFPGA/nios2eds/bin/gnu/H-x86_64-pc-linux-gnu/bin/../lib/gcc/nios2-elf/9.2.1/../../../../../H-x86_64-pc-linux-gnu/nios2-elf/lib/mhw-mulx/libc.a(lib_a-makebuf.o)
 .data          0x0000000000812d48        0x0 /home/nik/intelFPGA/nios2eds/bin/gnu/H-x86_64-pc-linux-gnu/bin/../lib/gcc/nios2-elf/9.2.1/../../../../../H-x86_64-pc-linux-gnu/nios2-elf/lib/mhw-mulx/libc.a(lib_a-mallocr.o)
 .data.__malloc_av_
                0x0000000000812d48      0x408 /home/nik/intelFPGA/nios2eds/bin/gnu/H-x86_64-pc-linux-gnu/bin/../lib/gcc/nios2-elf/9.2.1/../../../../../H-x86_64-pc-linux-gnu/nios2-elf/lib/mhw-mulx/libc.a(lib_a-mallocr.o)
                0x0000000000812d48                __malloc_av_
 .data          0x0000000000813150        0x0 /home/nik/intelFPGA/nios2eds/bin/gnu/H-x86_64-pc-linux-gnu/bin/../lib/gcc/nios2-elf/9.2.1/../../../../../H-x86_64-pc-linux-gnu/nios2-elf/lib/mhw-mulx/libc.a(lib_a-memchr.o)
 .data          0x0000000000813150        0x0 /home/nik/intelFPGA/nios2eds/bin/gnu/H-x86_64-pc-linux-gnu/bin/../lib/gcc/nios2-elf/9.2.1/../../../../../H-x86_64-pc-linux-gnu/nios2-elf/lib/mhw-mulx/libc.a(lib_a-memcpy.o)
 .data          0x0000000000813150        0x0 /home/nik/intelFPGA/nios2eds/bin/gnu/H-x86_64-pc-linux-gnu/bin/../lib/gcc/nios2-elf/9.2.1/../../../../../H-x86_64-pc-linux-gnu/nios2-elf/lib/mhw-mulx/libc.a(lib_a-memmove.o)
 .data          0x0000000000813150        0x0 /home/nik/intelFPGA/nios2eds/bin/gnu/H-x86_64-pc-linux-gnu/bin/../lib/gcc/nios2-elf/9.2.1/../../../../../H-x86_64-pc-linux-gnu/nios2-elf/lib/mhw-mulx/libc.a(lib_a-memset.o)
 .data          0x0000000000813150        0x0 /home/nik/intelFPGA/nios2eds/bin/gnu/H-x86_64-pc-linux-gnu/bin/../lib/gcc/nios2-elf/9.2.1/../../../../../H-x86_64-pc-linux-gnu/nios2-elf/lib/mhw-mulx/libc.a(lib_a-mprec.o)
 .data          0x0000000000813150        0x0 /home/nik/intelFPGA/nios2eds/bin/gnu/H-x86_64-pc-linux-gnu/bin/../lib/gcc/nios2-elf/9.2.1/../../../../../H-x86_64-pc-linux-gnu/nios2-elf/lib/mhw-mulx/libc.a(lib_a-reallocr.o)
 .data          0x0000000000813150        0x0 /home/nik/intelFPGA/nios2eds/bin/gnu/H-x86_64-pc-linux-gnu/bin/../lib/gcc/nios2-elf/9.2.1/../../../../../H-x86_64-pc-linux-gnu/nios2-elf/lib/mhw-mulx/libc.a(lib_a-sbrkr.o)
 .data          0x0000000000813150        0x0 /home/nik/intelFPGA/nios2eds/bin/gnu/H-x86_64-pc-linux-gnu/bin/../lib/gcc/nios2-elf/9.2.1/../../../../../H-x86_64-pc-linux-gnu/nios2-elf/lib/mhw-mulx/libc.a(lib_a-stdio.o)
 .data          0x0000000000813150        0x0 /home/nik/intelFPGA/nios2eds/bin/gnu/H-x86_64-pc-linux-gnu/bin/../lib/gcc/nios2-elf/9.2.1/../../../../../H-x86_64-pc-linux-gnu/nios2-elf/lib/mhw-mulx/libc.a(lib_a-vfiprintf.o)
 .data          0x0000000000813150        0x0 /home/nik/intelFPGA/nios2eds/bin/gnu/H-x86_64-pc-linux-gnu/bin/../lib/gcc/nios2-elf/9.2.1/../../../../../H-x86_64-pc-linux-gnu/nios2-elf/lib/mhw-mulx/libc.a(lib_a-writer.o)
 .data          0x0000000000813150        0x0 /home/nik/intelFPGA/nios2eds/bin/gnu/H-x86_64-pc-linux-gnu/bin/../lib/gcc/nios2-elf/9.2.1/../../../../../H-x86_64-pc-linux-gnu/nios2-elf/lib/mhw-mulx/libc.a(closer.o)
 .data          0x0000000000813150        0x0 /home/nik/intelFPGA/nios2eds/bin/gnu/H-x86_64-pc-linux-gnu/bin/../lib/gcc/nios2-elf/9.2.1/../../../../../H-x86_64-pc-linux-gnu/nios2-elf/lib/mhw-mulx/libc.a(lib_a-assert.o)
 .data          0x0000000000813150        0x0 /home/nik/intelFPGA/nios2eds/bin/gnu/H-x86_64-pc-linux-gnu/bin/../lib/gcc/nios2-elf/9.2.1/../../../../../H-x86_64-pc-linux-gnu/nios2-elf/lib/mhw-mulx/libc.a(lib_a-callocr.o)
 .data          0x0000000000813150        0x0 /home/nik/intelFPGA/nios2eds/bin/gnu/H-x86_64-pc-linux-gnu/bin/../lib/gcc/nios2-elf/9.2.1/../../../../../H-x86_64-pc-linux-gnu/nios2-elf/lib/mhw-mulx/libc.a(lib_a-fclose.o)
 .data          0x0000000000813150        0x0 /home/nik/intelFPGA/nios2eds/bin/gnu/H-x86_64-pc-linux-gnu/bin/../lib/gcc/nios2-elf/9.2.1/../../../../../H-x86_64-pc-linux-gnu/nios2-elf/lib/mhw-mulx/libc.a(lib_a-fiprintf.o)
 .data          0x0000000000813150        0x0 /home/nik/intelFPGA/nios2eds/bin/gnu/H-x86_64-pc-linux-gnu/bin/../lib/gcc/nios2-elf/9.2.1/../../../../../H-x86_64-pc-linux-gnu/nios2-elf/lib/mhw-mulx/libc.a(lib_a-fputwc.o)
 .data          0x0000000000813150        0x0 /home/nik/intelFPGA/nios2eds/bin/gnu/H-x86_64-pc-linux-gnu/bin/../lib/gcc/nios2-elf/9.2.1/../../../../../H-x86_64-pc-linux-gnu/nios2-elf/lib/mhw-mulx/libc.a(lib_a-fstatr.o)
 .data          0x0000000000813150        0x0 /home/nik/intelFPGA/nios2eds/bin/gnu/H-x86_64-pc-linux-gnu/bin/../lib/gcc/nios2-elf/9.2.1/../../../../../H-x86_64-pc-linux-gnu/nios2-elf/lib/mhw-mulx/libc.a(lib_a-int_errno.o)
 .data          0x0000000000813150        0x0 /home/nik/intelFPGA/nios2eds/bin/gnu/H-x86_64-pc-linux-gnu/bin/../lib/gcc/nios2-elf/9.2.1/../../../../../H-x86_64-pc-linux-gnu/nios2-elf/lib/mhw-mulx/libc.a(lib_a-isattyr.o)
 .data          0x0000000000813150        0x0 /home/nik/intelFPGA/nios2eds/bin/gnu/H-x86_64-pc-linux-gnu/bin/../lib/gcc/nios2-elf/9.2.1/../../../../../H-x86_64-pc-linux-gnu/nios2-elf/lib/mhw-mulx/libc.a(lib_a-locale.o)
 .data.__global_locale
                0x0000000000813150      0x16c /home/nik/intelFPGA/nios2eds/bin/gnu/H-x86_64-pc-linux-gnu/bin/../lib/gcc/nios2-elf/9.2.1/../../../../../H-x86_64-pc-linux-gnu/nios2-elf/lib/mhw-mulx/libc.a(lib_a-locale.o)
                0x0000000000813150                __global_locale
 .data          0x00000000008132bc        0x0 /home/nik/intelFPGA/nios2eds/bin/gnu/H-x86_64-pc-linux-gnu/bin/../lib/gcc/nios2-elf/9.2.1/../../../../../H-x86_64-pc-linux-gnu/nios2-elf/lib/mhw-mulx/libc.a(lib_a-lseekr.o)
 .data          0x00000000008132bc        0x0 /home/nik/intelFPGA/nios2eds/bin/gnu/H-x86_64-pc-linux-gnu/bin/../lib/gcc/nios2-elf/9.2.1/../../../../../H-x86_64-pc-linux-gnu/nios2-elf/lib/mhw-mulx/libc.a(lib_a-mbtowc_r.o)
 .data          0x00000000008132bc        0x0 /home/nik/intelFPGA/nios2eds/bin/gnu/H-x86_64-pc-linux-gnu/bin/../lib/gcc/nios2-elf/9.2.1/../../../../../H-x86_64-pc-linux-gnu/nios2-elf/lib/mhw-mulx/libc.a(lib_a-readr.o)
 .data          0x00000000008132bc        0x0 /home/nik/intelFPGA/nios2eds/bin/gnu/H-x86_64-pc-linux-gnu/bin/../lib/gcc/nios2-elf/9.2.1/../../../../../H-x86_64-pc-linux-gnu/nios2-elf/lib/mhw-mulx/libc.a(lib_a-strcmp.o)
 .data          0x00000000008132bc        0x0 /home/nik/intelFPGA/nios2eds/bin/gnu/H-x86_64-pc-linux-gnu/bin/../lib/gcc/nios2-elf/9.2.1/../../../../../H-x86_64-pc-linux-gnu/nios2-elf/lib/mhw-mulx/libc.a(lib_a-vfiprintfr_1.o)
 .data          0x00000000008132bc        0x0 /home/nik/intelFPGA/nios2eds/bin/gnu/H-x86_64-pc-linux-gnu/bin/../lib/gcc/nios2-elf/9.2.1/../../../../../H-x86_64-pc-linux-gnu/nios2-elf/lib/mhw-mulx/libc.a(lib_a-wbuf.o)
 .data          0x00000000008132bc        0x0 /home/nik/intelFPGA/nios2eds/bin/gnu/H-x86_64-pc-linux-gnu/bin/../lib/gcc/nios2-elf/9.2.1/../../../../../H-x86_64-pc-linux-gnu/nios2-elf/lib/mhw-mulx/libc.a(lib_a-wcrtomb.o)
 .data          0x00000000008132bc        0x0 /home/nik/intelFPGA/nios2eds/bin/gnu/H-x86_64-pc-linux-gnu/bin/../lib/gcc/nios2-elf/9.2.1/../../../../../H-x86_64-pc-linux-gnu/nios2-elf/lib/mhw-mulx/libc.a(lib_a-wctomb_r.o)
 .data          0x00000000008132bc        0x0 /home/nik/intelFPGA/nios2eds/bin/gnu/H-x86_64-pc-linux-gnu/bin/../lib/gcc/nios2-elf/9.2.1/../../../../../H-x86_64-pc-linux-gnu/nios2-elf/lib/mhw-mulx/libc.a(lib_a-abort.o)
 .data          0x00000000008132bc        0x0 /home/nik/intelFPGA/nios2eds/bin/gnu/H-x86_64-pc-linux-gnu/bin/../lib/gcc/nios2-elf/9.2.1/../../../../../H-x86_64-pc-linux-gnu/nios2-elf/lib/mhw-mulx/libc.a(lib_a-ctype_.o)
 .data          0x00000000008132bc        0x0 /home/nik/intelFPGA/nios2eds/bin/gnu/H-x86_64-pc-linux-gnu/bin/../lib/gcc/nios2-elf/9.2.1/../../../../../H-x86_64-pc-linux-gnu/nios2-elf/lib/mhw-mulx/libc.a(lib_a-signal.o)
 .data          0x00000000008132bc        0x0 /home/nik/intelFPGA/nios2eds/bin/gnu/H-x86_64-pc-linux-gnu/bin/../lib/gcc/nios2-elf/9.2.1/../../../../../H-x86_64-pc-linux-gnu/nios2-elf/lib/mhw-mulx/libc.a(lib_a-signalr.o)
 .data          0x00000000008132bc        0x0 /home/nik/intelFPGA/nios2eds/bin/gnu/H-x86_64-pc-linux-gnu/bin/../lib/gcc/nios2-elf/9.2.1/mhw-mulx/libgcc.a(_udivdi3.o)
 .data          0x00000000008132bc        0x0 /home/nik/intelFPGA/nios2eds/bin/gnu/H-x86_64-pc-linux-gnu/bin/../lib/gcc/nios2-elf/9.2.1/mhw-mulx/libgcc.a(_umoddi3.o)
 .data          0x00000000008132bc        0x0 /home/nik/intelFPGA/nios2eds/bin/gnu/H-x86_64-pc-linux-gnu/bin/../lib/gcc/nios2-elf/9.2.1/mhw-mulx/libgcc.a(lib2-divmod.o)
 .data          0x00000000008132bc        0x0 /home/nik/intelFPGA/nios2eds/bin/gnu/H-x86_64-pc-linux-gnu/bin/../lib/gcc/nios2-elf/9.2.1/mhw-mulx/libgcc.a(adddf3.o)
 .data          0x00000000008132bc        0x0 /home/nik/intelFPGA/nios2eds/bin/gnu/H-x86_64-pc-linux-gnu/bin/../lib/gcc/nios2-elf/9.2.1/mhw-mulx/libgcc.a(divdf3.o)
 .data          0x00000000008132bc        0x0 /home/nik/intelFPGA/nios2eds/bin/gnu/H-x86_64-pc-linux-gnu/bin/../lib/gcc/nios2-elf/9.2.1/mhw-mulx/libgcc.a(eqdf2.o)
 .data          0x00000000008132bc        0x0 /home/nik/intelFPGA/nios2eds/bin/gnu/H-x86_64-pc-linux-gnu/bin/../lib/gcc/nios2-elf/9.2.1/mhw-mulx/libgcc.a(gedf2.o)
 .data          0x00000000008132bc        0x0 /home/nik/intelFPGA/nios2eds/bin/gnu/H-x86_64-pc-linux-gnu/bin/../lib/gcc/nios2-elf/9.2.1/mhw-mulx/libgcc.a(ledf2.o)
 .data          0x00000000008132bc        0x0 /home/nik/intelFPGA/nios2eds/bin/gnu/H-x86_64-pc-linux-gnu/bin/../lib/gcc/nios2-elf/9.2.1/mhw-mulx/libgcc.a(muldf3.o)
 .data          0x00000000008132bc        0x0 /home/nik/intelFPGA/nios2eds/bin/gnu/H-x86_64-pc-linux-gnu/bin/../lib/gcc/nios2-elf/9.2.1/mhw-mulx/libgcc.a(subdf3.o)